Archive member included to satisfy reference by file (symbol)

C:/ST/STM32CubeCLT_1.18.0/GNU-tools-for-STM32/bin/../lib/gcc/arm-none-eabi/13.3.1/../../../../arm-none-eabi/lib/thumb/v7e-m+fp/hard\libc_nano.a(libc_a-exit.o)
                              C:/ST/STM32CubeCLT_1.18.0/GNU-tools-for-STM32/bin/../lib/gcc/arm-none-eabi/13.3.1/../../../../arm-none-eabi/lib/thumb/v7e-m+fp/hard/crt0.o (exit)
C:/ST/STM32CubeCLT_1.18.0/GNU-tools-for-STM32/bin/../lib/gcc/arm-none-eabi/13.3.1/../../../../arm-none-eabi/lib/thumb/v7e-m+fp/hard\libc_nano.a(libc_a-findfp.o)
                              C:/ST/STM32CubeCLT_1.18.0/GNU-tools-for-STM32/bin/../lib/gcc/arm-none-eabi/13.3.1/../../../../arm-none-eabi/lib/thumb/v7e-m+fp/hard\libc_nano.a(libc_a-exit.o) (__stdio_exit_handler)
C:/ST/STM32CubeCLT_1.18.0/GNU-tools-for-STM32/bin/../lib/gcc/arm-none-eabi/13.3.1/../../../../arm-none-eabi/lib/thumb/v7e-m+fp/hard\libc_nano.a(libc_a-fwalk.o)
                              C:/ST/STM32CubeCLT_1.18.0/GNU-tools-for-STM32/bin/../lib/gcc/arm-none-eabi/13.3.1/../../../../arm-none-eabi/lib/thumb/v7e-m+fp/hard\libc_nano.a(libc_a-findfp.o) (_fwalk_sglue)
C:/ST/STM32CubeCLT_1.18.0/GNU-tools-for-STM32/bin/../lib/gcc/arm-none-eabi/13.3.1/../../../../arm-none-eabi/lib/thumb/v7e-m+fp/hard\libc_nano.a(libc_a-stdio.o)
                              C:/ST/STM32CubeCLT_1.18.0/GNU-tools-for-STM32/bin/../lib/gcc/arm-none-eabi/13.3.1/../../../../arm-none-eabi/lib/thumb/v7e-m+fp/hard\libc_nano.a(libc_a-findfp.o) (__sread)
C:/ST/STM32CubeCLT_1.18.0/GNU-tools-for-STM32/bin/../lib/gcc/arm-none-eabi/13.3.1/../../../../arm-none-eabi/lib/thumb/v7e-m+fp/hard\libc_nano.a(libc_a-memset.o)
                              C:/ST/STM32CubeCLT_1.18.0/GNU-tools-for-STM32/bin/../lib/gcc/arm-none-eabi/13.3.1/../../../../arm-none-eabi/lib/thumb/v7e-m+fp/hard/crt0.o (memset)
C:/ST/STM32CubeCLT_1.18.0/GNU-tools-for-STM32/bin/../lib/gcc/arm-none-eabi/13.3.1/../../../../arm-none-eabi/lib/thumb/v7e-m+fp/hard\libc_nano.a(libc_a-closer.o)
                              C:/ST/STM32CubeCLT_1.18.0/GNU-tools-for-STM32/bin/../lib/gcc/arm-none-eabi/13.3.1/../../../../arm-none-eabi/lib/thumb/v7e-m+fp/hard\libc_nano.a(libc_a-stdio.o) (_close_r)
C:/ST/STM32CubeCLT_1.18.0/GNU-tools-for-STM32/bin/../lib/gcc/arm-none-eabi/13.3.1/../../../../arm-none-eabi/lib/thumb/v7e-m+fp/hard\libc_nano.a(libc_a-reent.o)
                              C:/ST/STM32CubeCLT_1.18.0/GNU-tools-for-STM32/bin/../lib/gcc/arm-none-eabi/13.3.1/../../../../arm-none-eabi/lib/thumb/v7e-m+fp/hard\libc_nano.a(libc_a-closer.o) (errno)
C:/ST/STM32CubeCLT_1.18.0/GNU-tools-for-STM32/bin/../lib/gcc/arm-none-eabi/13.3.1/../../../../arm-none-eabi/lib/thumb/v7e-m+fp/hard\libc_nano.a(libc_a-impure.o)
                              C:/ST/STM32CubeCLT_1.18.0/GNU-tools-for-STM32/bin/../lib/gcc/arm-none-eabi/13.3.1/../../../../arm-none-eabi/lib/thumb/v7e-m+fp/hard\libc_nano.a(libc_a-reent.o) (_impure_ptr)
C:/ST/STM32CubeCLT_1.18.0/GNU-tools-for-STM32/bin/../lib/gcc/arm-none-eabi/13.3.1/../../../../arm-none-eabi/lib/thumb/v7e-m+fp/hard\libc_nano.a(libc_a-lseekr.o)
                              C:/ST/STM32CubeCLT_1.18.0/GNU-tools-for-STM32/bin/../lib/gcc/arm-none-eabi/13.3.1/../../../../arm-none-eabi/lib/thumb/v7e-m+fp/hard\libc_nano.a(libc_a-stdio.o) (_lseek_r)
C:/ST/STM32CubeCLT_1.18.0/GNU-tools-for-STM32/bin/../lib/gcc/arm-none-eabi/13.3.1/../../../../arm-none-eabi/lib/thumb/v7e-m+fp/hard\libc_nano.a(libc_a-readr.o)
                              C:/ST/STM32CubeCLT_1.18.0/GNU-tools-for-STM32/bin/../lib/gcc/arm-none-eabi/13.3.1/../../../../arm-none-eabi/lib/thumb/v7e-m+fp/hard\libc_nano.a(libc_a-stdio.o) (_read_r)
C:/ST/STM32CubeCLT_1.18.0/GNU-tools-for-STM32/bin/../lib/gcc/arm-none-eabi/13.3.1/../../../../arm-none-eabi/lib/thumb/v7e-m+fp/hard\libc_nano.a(libc_a-writer.o)
                              C:/ST/STM32CubeCLT_1.18.0/GNU-tools-for-STM32/bin/../lib/gcc/arm-none-eabi/13.3.1/../../../../arm-none-eabi/lib/thumb/v7e-m+fp/hard\libc_nano.a(libc_a-stdio.o) (_write_r)
C:/ST/STM32CubeCLT_1.18.0/GNU-tools-for-STM32/bin/../lib/gcc/arm-none-eabi/13.3.1/../../../../arm-none-eabi/lib/thumb/v7e-m+fp/hard\libc_nano.a(libc_a-init.o)
                              C:/ST/STM32CubeCLT_1.18.0/GNU-tools-for-STM32/bin/../lib/gcc/arm-none-eabi/13.3.1/../../../../arm-none-eabi/lib/thumb/v7e-m+fp/hard/crt0.o (__libc_init_array)
C:/ST/STM32CubeCLT_1.18.0/GNU-tools-for-STM32/bin/../lib/gcc/arm-none-eabi/13.3.1/../../../../arm-none-eabi/lib/thumb/v7e-m+fp/hard\libc_nano.a(libc_a-lock.o)
                              C:/ST/STM32CubeCLT_1.18.0/GNU-tools-for-STM32/bin/../lib/gcc/arm-none-eabi/13.3.1/../../../../arm-none-eabi/lib/thumb/v7e-m+fp/hard\libc_nano.a(libc_a-findfp.o) (__retarget_lock_init_recursive)
C:/ST/STM32CubeCLT_1.18.0/GNU-tools-for-STM32/bin/../lib/gcc/arm-none-eabi/13.3.1/../../../../arm-none-eabi/lib/thumb/v7e-m+fp/hard\libc_nano.a(libc_a-freer.o)
[...]
Memory Configuration

Name             Origin             Length             Attributes
RAM              0x20000000         0x00030000         xrw
CCMRAM           0x10000000         0x00010000         xrw
FLASH            0x08000000         0x00200000         xr
*default*        0x00000000         0xffffffff

Linker script and memory map

LOAD C:/ST/STM32CubeCLT_1.18.0/GNU-tools-for-STM32/bin/../lib/gcc/arm-none-eabi/13.3.1/thumb/v7e-m+fp/hard/crti.o
LOAD C:/ST/STM32CubeCLT_1.18.0/GNU-tools-for-STM32/bin/../lib/gcc/arm-none-eabi/13.3.1/thumb/v7e-m+fp/hard/crtbegin.o
LOAD C:/ST/STM32CubeCLT_1.18.0/GNU-tools-for-STM32/bin/../lib/gcc/arm-none-eabi/13.3.1/../../../../arm-none-eabi/lib/thumb/v7e-m+fp/hard/crt0.o
START GROUP
LOAD C:/ST/STM32CubeCLT_1.18.0/GNU-tools-for-STM32/bin/../lib/gcc/arm-none-eabi/13.3.1/../../../../arm-none-eabi/lib/thumb/v7e-m+fp/hard\libc_nano.a
LOAD C:/ST/STM32CubeCLT_1.18.0/GNU-tools-for-STM32/bin/../lib/gcc/arm-none-eabi/13.3.1/../../../../arm-none-eabi/lib/thumb/v7e-m+fp/hard\libm.a
END GROUP
LOAD CMakeFiles/TestRtos.dir/Core/Src/MainProgram/eventhandlingqueue.c.obj
LOAD CMakeFiles/TestRtos.dir/Core/Src/driver.init.c.obj
LOAD CMakeFiles/TestRtos.dir/Core/Src/freertos.c.obj
LOAD CMakeFiles/TestRtos.dir/Core/Src/stm32f4xx_it.c.obj
LOAD CMakeFiles/TestRtos.dir/Core/Src/stm32f4xx_hal_msp.c.obj
LOAD CMakeFiles/TestRtos.dir/Core/Src/stm32f4xx_hal_timebase_tim.c.obj
LOAD CMakeFiles/TestRtos.dir/Drivers/STM32F4xx_HAL_Driver/Src/stm32f4xx_hal_tim.c.obj
LOAD CMakeFiles/TestRtos.dir/Drivers/STM32F4xx_HAL_Driver/Src/stm32f4xx_hal_tim_ex.c.obj
LOAD CMakeFiles/TestRtos.dir/Drivers/STM32F4xx_HAL_Driver/Src/stm32f4xx_hal_rcc.c.obj
LOAD CMakeFiles/TestRtos.dir/Drivers/STM32F4xx_HAL_Driver/Src/stm32f4xx_hal_rcc_ex.c.obj
LOAD CMakeFiles/TestRtos.dir/Drivers/STM32F4xx_HAL_Driver/Src/stm32f4xx_hal_flash.c.obj
LOAD CMakeFiles/TestRtos.dir/Drivers/STM32F4xx_HAL_Driver/Src/stm32f4xx_hal_flash_ex.c.obj
LOAD CMakeFiles/TestRtos.dir/Drivers/STM32F4xx_HAL_Driver/Src/stm32f4xx_hal_flash_ramfunc.c.obj
LOAD CMakeFiles/TestRtos.dir/Drivers/STM32F4xx_HAL_Driver/Src/stm32f4xx_hal_gpio.c.obj
LOAD CMakeFiles/TestRtos.dir/Drivers/STM32F4xx_HAL_Driver/Src/stm32f4xx_hal_dma_ex.c.obj
LOAD CMakeFiles/TestRtos.dir/Drivers/STM32F4xx_HAL_Driver/Src/stm32f4xx_hal_dma.c.obj
LOAD CMakeFiles/TestRtos.dir/Drivers/STM32F4xx_HAL_Driver/Src/stm32f4xx_hal_pwr.c.obj
LOAD CMakeFiles/TestRtos.dir/Drivers/STM32F4xx_HAL_Driver/Src/stm32f4xx_hal_pwr_ex.c.obj
LOAD CMakeFiles/TestRtos.dir/Drivers/STM32F4xx_HAL_Driver/Src/stm32f4xx_hal_cortex.c.obj
LOAD CMakeFiles/TestRtos.dir/Drivers/STM32F4xx_HAL_Driver/Src/stm32f4xx_hal.c.obj
LOAD CMakeFiles/TestRtos.dir/Drivers/STM32F4xx_HAL_Driver/Src/stm32f4xx_hal_exti.c.obj
LOAD CMakeFiles/TestRtos.dir/Drivers/STM32F4xx_HAL_Driver/Src/stm32f4xx_hal_eth.c.obj
LOAD CMakeFiles/TestRtos.dir/Drivers/STM32F4xx_HAL_Driver/Src/stm32f4xx_hal_uart.c.obj
LOAD CMakeFiles/TestRtos.dir/Drivers/STM32F4xx_HAL_Driver/Src/stm32f4xx_hal_pcd.c.obj
LOAD CMakeFiles/TestRtos.dir/Drivers/STM32F4xx_HAL_Driver/Src/stm32f4xx_hal_pcd_ex.c.obj
LOAD CMakeFiles/TestRtos.dir/Drivers/STM32F4xx_HAL_Driver/Src/stm32f4xx_ll_usb.c.obj
LOAD CMakeFiles/TestRtos.dir/Core/Src/system_stm32f4xx.c.obj
LOAD CMakeFiles/TestRtos.dir/Middlewares/Third_Party/FreeRTOS/Source/croutine.c.obj
LOAD CMakeFiles/TestRtos.dir/Middlewares/Third_Party/FreeRTOS/Source/event_groups.c.obj
LOAD CMakeFiles/TestRtos.dir/Middlewares/Third_Party/FreeRTOS/Source/list.c.obj
LOAD CMakeFiles/TestRtos.dir/Middlewares/Third_Party/FreeRTOS/Source/queue.c.obj
LOAD CMakeFiles/TestRtos.dir/Middlewares/Third_Party/FreeRTOS/Source/stream_buffer.c.obj
LOAD CMakeFiles/TestRtos.dir/Middlewares/Third_Party/FreeRTOS/Source/tasks.c.obj
LOAD CMakeFiles/TestRtos.dir/Middlewares/Third_Party/FreeRTOS/Source/timers.c.obj
LOAD CMakeFiles/TestRtos.dir/Middlewares/Third_Party/FreeRTOS/Source/CMSIS_RTOS/cmsis_os.c.obj
LOAD CMakeFiles/TestRtos.dir/Middlewares/Third_Party/FreeRTOS/Source/portable/MemMang/heap_4.c.obj
LOAD CMakeFiles/TestRtos.dir/Middlewares/Third_Party/FreeRTOS/Source/portable/GCC/ARM_CM4F/port.c.obj
LOAD CMakeFiles/TestRtos.dir/Core/Src/sysmem.c.obj
LOAD CMakeFiles/TestRtos.dir/Core/Src/syscalls.c.obj
LOAD CMakeFiles/TestRtos.dir/startup_stm32f429xx.s.obj
START GROUP
LOAD C:/ST/STM32CubeCLT_1.18.0/GNU-tools-for-STM32/bin/../lib/gcc/arm-none-eabi/13.3.1/thumb/v7e-m+fp/hard\libgcc.a
LOAD C:/ST/STM32CubeCLT_1.18.0/GNU-tools-for-STM32/bin/../lib/gcc/arm-none-eabi/13.3.1/../../../../arm-none-eabi/lib/thumb/v7e-m+fp/hard\libg_nano.a
LOAD C:/ST/STM32CubeCLT_1.18.0/GNU-tools-for-STM32/bin/../lib/gcc/arm-none-eabi/13.3.1/../../../../arm-none-eabi/lib/thumb/v7e-m+fp/hard\libc_nano.a
END GROUP
START GROUP
LOAD C:/ST/STM32CubeCLT_1.18.0/GNU-tools-for-STM32/bin/../lib/gcc/arm-none-eabi/13.3.1/thumb/v7e-m+fp/hard\libgcc.a
LOAD C:/ST/STM32CubeCLT_1.18.0/GNU-tools-for-STM32/bin/../lib/gcc/arm-none-eabi/13.3.1/../../../../arm-none-eabi/lib/thumb/v7e-m+fp/hard\libc_nano.a
END GROUP
LOAD C:/ST/STM32CubeCLT_1.18.0/GNU-tools-for-STM32/bin/../lib/gcc/arm-none-eabi/13.3.1/thumb/v7e-m+fp/hard/crtend.o
LOAD C:/ST/STM32CubeCLT_1.18.0/GNU-tools-for-STM32/bin/../lib/gcc/arm-none-eabi/13.3.1/thumb/v7e-m+fp/hard/crtn.o
                0x20030000                        _estack = (ORIGIN (RAM) + LENGTH (RAM))
                0x00000200                        _Min_Heap_Size = 0x200
                0x00000400                        _Min_Stack_Size = 0x400

.isr_vector     0x08000000      0x1ac
                0x08000000                        . = ALIGN (0x4)
 *(.isr_vector)
 .isr_vector    0x08000000      0x1ac CMakeFiles/TestRtos.dir/startup_stm32f429xx.s.obj
                0x08000000                g_pfnVectors
                0x080001ac                        . = ALIGN (0x4)

.text           0x080001b0     0x69ac
                0x080001b0                        . = ALIGN (0x4)
 *(.text)
 .text          0x080001b0       0x40 C:/ST/STM32CubeCLT_1.18.0/GNU-tools-for-STM32/bin/../lib/gcc/arm-none-eabi/13.3.1/thumb/v7e-m+fp/hard/crtbegin.o
 .text          0x080001f0       0x30 C:/ST/STM32CubeCLT_1.18.0/GNU-tools-for-STM32/bin/../lib/gcc/arm-none-eabi/13.3.1/thumb/v7e-m+fp/hard\libgcc.a(_aeabi_uldivmod.o)
                0x080001f0                __aeabi_uldivmod
 .text          0x08000220      0x2f8 C:/ST/STM32CubeCLT_1.18.0/GNU-tools-for-STM32/bin/../lib/gcc/arm-none-eabi/13.3.1/thumb/v7e-m+fp/hard\libgcc.a(_udivmoddi4.o)
                0x08000220                __udivmoddi4
 .text          0x08000518        0x4 C:/ST/STM32CubeCLT_1.18.0/GNU-tools-for-STM32/bin/../lib/gcc/arm-none-eabi/13.3.1/thumb/v7e-m+fp/hard\libgcc.a(_dvmd_tls.o)
                0x08000518                __aeabi_idiv0
                0x08000518                __aeabi_ldiv0
 .text          0x0800051c       0x10 C:/ST/STM32CubeCLT_1.18.0/GNU-tools-for-STM32/bin/../lib/gcc/arm-none-eabi/13.3.1/../../../../arm-none-eabi/lib/thumb/v7e-m+fp/hard\libg_nano.a(libc_a-strlen.o)
                0x0800051c                strlen
 *fill*         0x0800052c        0x4 
 .text          0x08000530       0xa0 C:/ST/STM32CubeCLT_1.18.0/GNU-tools-for-STM32/bin/../lib/gcc/arm-none-eabi/13.3.1/../../../../arm-none-eabi/lib/thumb/v7e-m+fp/hard\libg_nano.a(libc_a-memchr.o)
                0x08000530                memchr
 *(.text*)
 .text.std      0x080005d0       0x6c C:/ST/STM32CubeCLT_1.18.0/GNU-tools-for-STM32/bin/../lib/gcc/arm-none-eabi/13.3.1/../../../../arm-none-eabi/lib/thumb/v7e-m+fp/hard\libc_nano.a(libc_a-findfp.o)
 .text.stdio_exit_handler
                0x0800063c       0x18 C:/ST/STM32CubeCLT_1.18.0/GNU-tools-for-STM32/bin/../lib/gcc/arm-none-eabi/13.3.1/../../../../arm-none-eabi/lib/thumb/v7e-m+fp/hard\libc_nano.a(libc_a-findfp.o)
 .text.cleanup_stdio
                0x08000654       0x40 C:/ST/STM32CubeCLT_1.18.0/GNU-tools-for-STM32/bin/../lib/gcc/arm-none-eabi/13.3.1/../../../../arm-none-eabi/lib/thumb/v7e-m+fp/hard\libc_nano.a(libc_a-findfp.o)
 .text.global_stdio_init.part.0
                0x08000694       0x3c C:/ST/STM32CubeCLT_1.18.0/GNU-tools-for-STM32/bin/../lib/gcc/arm-none-eabi/13.3.1/../../../../arm-none-eabi/lib/thumb/v7e-m+fp/hard\libc_nano.a(libc_a-findfp.o)
 .text.__sfp_lock_acquire
                0x080006d0        0xc C:/ST/STM32CubeCLT_1.18.0/GNU-tools-for-STM32/bin/../lib/gcc/arm-none-eabi/13.3.1/../../../../arm-none-eabi/lib/thumb/v7e-m+fp/hard\libc_nano.a(libc_a-findfp.o)
                0x080006d0                __sfp_lock_acquire
 .text.__sfp_lock_release
                0x080006dc        0xc C:/ST/STM32CubeCLT_1.18.0/GNU-tools-for-STM32/bin/../lib/gcc/arm-none-eabi/13.3.1/../../../../arm-none-eabi/lib/thumb/v7e-m+fp/hard\libc_nano.a(libc_a-findfp.o)
                0x080006dc                __sfp_lock_release
 .text.__sinit  0x080006e8       0x30 C:/ST/STM32CubeCLT_1.18.0/GNU-tools-for-STM32/bin/../lib/gcc/arm-none-eabi/13.3.1/../../../../arm-none-eabi/lib/thumb/v7e-m+fp/hard\libc_nano.a(libc_a-findfp.o)
                0x080006e8                __sinit
 .text._fwalk_sglue
                0x08000718       0x3c C:/ST/STM32CubeCLT_1.18.0/GNU-tools-for-STM32/bin/../lib/gcc/arm-none-eabi/13.3.1/../../../../arm-none-eabi/lib/thumb/v7e-m+fp/hard\libc_nano.a(libc_a-fwalk.o)
                0x08000718                _fwalk_sglue
 .text.__sread  0x08000754       0x22 C:/ST/STM32CubeCLT_1.18.0/GNU-tools-for-STM32/bin/../lib/gcc/arm-none-eabi/13.3.1/../../../../arm-none-eabi/lib/thumb/v7e-m+fp/hard\libc_nano.a(libc_a-stdio.o)
                0x08000754                __sread
 .text.__swrite
                0x08000776       0x38 C:/ST/STM32CubeCLT_1.18.0/GNU-tools-for-STM32/bin/../lib/gcc/arm-none-eabi/13.3.1/../../../../arm-none-eabi/lib/thumb/v7e-m+fp/hard\libc_nano.a(libc_a-stdio.o)
                0x08000776                __swrite
 .text.__sseek  0x080007ae       0x24 C:/ST/STM32CubeCLT_1.18.0/GNU-tools-for-STM32/bin/../lib/gcc/arm-none-eabi/13.3.1/../../../../arm-none-eabi/lib/thumb/v7e-m+fp/hard\libc_nano.a(libc_a-stdio.o)
                0x080007ae                __sseek
 .text.__sclose
                0x080007d2        0x8 C:/ST/STM32CubeCLT_1.18.0/GNU-tools-for-STM32/bin/../lib/gcc/arm-none-eabi/13.3.1/../../../../arm-none-eabi/lib/thumb/v7e-m+fp/hard\libc_nano.a(libc_a-stdio.o)
                0x080007d2                __sclose
 .text.memset   0x080007da       0x10 C:/ST/STM32CubeCLT_1.18.0/GNU-tools-for-STM32/bin/../lib/gcc/arm-none-eabi/13.3.1/../../../../arm-none-eabi/lib/thumb/v7e-m+fp/hard\libc_nano.a(libc_a-memset.o)
                0x080007da                memset
 *fill*         0x080007ea        0x2 
 .text._close_r
                0x080007ec       0x20 C:/ST/STM32CubeCLT_1.18.0/GNU-tools-for-STM32/bin/../lib/gcc/arm-none-eabi/13.3.1/../../../../arm-none-eabi/lib/thumb/v7e-m+fp/hard\libc_nano.a(libc_a-closer.o)
                0x080007ec                _close_r
 .text._lseek_r
                0x0800080c       0x24 C:/ST/STM32CubeCLT_1.18.0/GNU-tools-for-STM32/bin/../lib/gcc/arm-none-eabi/13.3.1/../../../../arm-none-eabi/lib/thumb/v7e-m+fp/hard\libc_nano.a(libc_a-lseekr.o)
                0x0800080c                _lseek_r
 .text._read_r  0x08000830       0x24 C:/ST/STM32CubeCLT_1.18.0/GNU-tools-for-STM32/bin/../lib/gcc/arm-none-eabi/13.3.1/../../../../arm-none-eabi/lib/thumb/v7e-m+fp/hard\libc_nano.a(libc_a-readr.o)
                0x08000830                _read_r
 .text._write_r
                0x08000854       0x24 C:/ST/STM32CubeCLT_1.18.0/GNU-tools-for-STM32/bin/../lib/gcc/arm-none-eabi/13.3.1/../../../../arm-none-eabi/lib/thumb/v7e-m+fp/hard\libc_nano.a(libc_a-writer.o)
                0x08000854                _write_r
 .text.__libc_init_array
                0x08000878       0x48 C:/ST/STM32CubeCLT_1.18.0/GNU-tools-for-STM32/bin/../lib/gcc/arm-none-eabi/13.3.1/../../../../arm-none-eabi/lib/thumb/v7e-m+fp/hard\libc_nano.a(libc_a-init.o)
                0x08000878                __libc_init_array
 .text.__retarget_lock_init_recursive
                0x080008c0        0x2 C:/ST/STM32CubeCLT_1.18.0/GNU-tools-for-STM32/bin/../lib/gcc/arm-none-eabi/13.3.1/../../../../arm-none-eabi/lib/thumb/v7e-m+fp/hard\libc_nano.a(libc_a-lock.o)
                0x080008c0                __retarget_lock_init_recursive
 .text.__retarget_lock_acquire_recursive
                0x080008c2        0x2 C:/ST/STM32CubeCLT_1.18.0/GNU-tools-for-STM32/bin/../lib/gcc/arm-none-eabi/13.3.1/../../../../arm-none-eabi/lib/thumb/v7e-m+fp/hard\libc_nano.a(libc_a-lock.o)
                0x080008c2                __retarget_lock_acquire_recursive
 .text.__retarget_lock_release_recursive
                0x080008c4        0x2 C:/ST/STM32CubeCLT_1.18.0/GNU-tools-for-STM32/bin/../lib/gcc/arm-none-eabi/13.3.1/../../../../arm-none-eabi/lib/thumb/v7e-m+fp/hard\libc_nano.a(libc_a-lock.o)
                0x080008c4                __retarget_lock_release_recursive
 *fill*         0x080008c6        0x2 
 .text._free_r  0x080008c8       0x94 C:/ST/STM32CubeCLT_1.18.0/GNU-tools-for-STM32/bin/../lib/gcc/arm-none-eabi/13.3.1/../../../../arm-none-eabi/lib/thumb/v7e-m+fp/hard\libc_nano.a(libc_a-freer.o)
                0x080008c8                _free_r
 .text.sbrk_aligned
                0x0800095c       0x44 C:/ST/STM32CubeCLT_1.18.0/GNU-tools-for-STM32/bin/../lib/gcc/arm-none-eabi/13.3.1/../../../../arm-none-eabi/lib/thumb/v7e-m+fp/hard\libc_nano.a(libc_a-mallocr.o)
 .text._malloc_r
                0x080009a0      0x100 C:/ST/STM32CubeCLT_1.18.0/GNU-tools-for-STM32/bin/../lib/gcc/arm-none-eabi/13.3.1/../../../../arm-none-eabi/lib/thumb/v7e-m+fp/hard\libc_nano.a(libc_a-mallocr.o)
                0x080009a0                _malloc_r
 .text.__malloc_lock
                0x08000aa0        0xc C:/ST/STM32CubeCLT_1.18.0/GNU-tools-for-STM32/bin/../lib/gcc/arm-none-eabi/13.3.1/../../../../arm-none-eabi/lib/thumb/v7e-m+fp/hard\libc_nano.a(libc_a-mlock.o)
                0x08000aa0                __malloc_lock
 .text.__malloc_unlock
                0x08000aac        0xc C:/ST/STM32CubeCLT_1.18.0/GNU-tools-for-STM32/bin/../lib/gcc/arm-none-eabi/13.3.1/../../../../arm-none-eabi/lib/thumb/v7e-m+fp/hard\libc_nano.a(libc_a-mlock.o)
                0x08000aac                __malloc_unlock
 .text.__sflush_r
                0x08000ab8      0x108 C:/ST/STM32CubeCLT_1.18.0/GNU-tools-for-STM32/bin/../lib/gcc/arm-none-eabi/13.3.1/../../../../arm-none-eabi/lib/thumb/v7e-m+fp/hard\libc_nano.a(libc_a-fflush.o)
                0x08000ab8                __sflush_r
 .text._fflush_r
                0x08000bc0       0x50 C:/ST/STM32CubeCLT_1.18.0/GNU-tools-for-STM32/bin/../lib/gcc/arm-none-eabi/13.3.1/../../../../arm-none-eabi/lib/thumb/v7e-m+fp/hard\libc_nano.a(libc_a-fflush.o)
                0x08000bc0                _fflush_r
 .text._sbrk_r  0x08000c10       0x20 C:/ST/STM32CubeCLT_1.18.0/GNU-tools-for-STM32/bin/../lib/gcc/arm-none-eabi/13.3.1/../../../../arm-none-eabi/lib/thumb/v7e-m+fp/hard\libc_nano.a(libc_a-sbrkr.o)
                0x08000c10                _sbrk_r
 .text.vSendRxDataToTheTCPTask
                0x08000c30       0x68 CMakeFiles/TestRtos.dir/Core/Src/MainProgram/eventhandlingqueue.c.obj
                0x08000c30                vSendRxDataToTheTCPTask
 .text.vSendAcceptRequestToTheTCPTask
                0x08000c98       0x9c CMakeFiles/TestRtos.dir/Core/Src/MainProgram/eventhandlingqueue.c.obj
                0x08000c98                vSendAcceptRequestToTheTCPTask
 .text.vSendNetworkDownEventToTheTCPTask
                0x08000d34       0x8c CMakeFiles/TestRtos.dir/Core/Src/MainProgram/eventhandlingqueue.c.obj
                0x08000d34                vSendNetworkDownEventToTheTCPTask
 .text.vTCPTask
                0x08000dc0      0x1cc CMakeFiles/TestRtos.dir/Core/Src/MainProgram/eventhandlingqueue.c.obj
                0x08000dc0                vTCPTask
 .text.vEventSimulatorTask
                0x08000f8c       0xe4 CMakeFiles/TestRtos.dir/Core/Src/MainProgram/eventhandlingqueue.c.obj
                0x08000f8c                vEventSimulatorTask
 .text.main     0x08001070       0xc4 CMakeFiles/TestRtos.dir/Core/Src/MainProgram/eventhandlingqueue.c.obj
                0x08001070                main
 .text.__io_putchar
                0x08001134       0x24 CMakeFiles/TestRtos.dir/Core/Src/driver.init.c.obj
                0x08001134                __io_putchar
 .text.Driver_Init
                0x08001158       0x60 CMakeFiles/TestRtos.dir/Core/Src/driver.init.c.obj
                0x08001158                Driver_Init
 .text.SystemClock_Config
                0x080011b8       0xd4 CMakeFiles/TestRtos.dir/Core/Src/driver.init.c.obj
                0x080011b8                SystemClock_Config
 .text.USART3_UART_Init
                0x0800128c       0x54 CMakeFiles/TestRtos.dir/Core/Src/driver.init.c.obj
 .text.GPIO_Init
                0x080012e0      0x15c CMakeFiles/TestRtos.dir/Core/Src/driver.init.c.obj
 .text.USB_OTG_FS_PCD_Init
                0x0800143c       0x5c CMakeFiles/TestRtos.dir/Core/Src/driver.init.c.obj
 .text.HAL_TIM_PeriodElapsedCallback
                0x08001498       0x24 CMakeFiles/TestRtos.dir/Core/Src/driver.init.c.obj
                0x08001498                HAL_TIM_PeriodElapsedCallback
 .text.Error_Handler
                0x080014bc        0xc CMakeFiles/TestRtos.dir/Core/Src/driver.init.c.obj
                0x080014bc                Error_Handler
 .text.vApplicationGetIdleTaskMemory
                0x080014c8       0x34 CMakeFiles/TestRtos.dir/Core/Src/freertos.c.obj
                0x080014c8                vApplicationGetIdleTaskMemory
 .text.NMI_Handler
                0x080014fc        0x8 CMakeFiles/TestRtos.dir/Core/Src/stm32f4xx_it.c.obj
                0x080014fc                NMI_Handler
 .text.HardFault_Handler
                0x08001504        0x8 CMakeFiles/TestRtos.dir/Core/Src/stm32f4xx_it.c.obj
                0x08001504                HardFault_Handler
 .text.MemManage_Handler
                0x0800150c        0x8 CMakeFiles/TestRtos.dir/Core/Src/stm32f4xx_it.c.obj
                0x0800150c                MemManage_Handler
 .text.BusFault_Handler
                0x08001514        0x8 CMakeFiles/TestRtos.dir/Core/Src/stm32f4xx_it.c.obj
                0x08001514                BusFault_Handler
 .text.UsageFault_Handler
                0x0800151c        0x8 CMakeFiles/TestRtos.dir/Core/Src/stm32f4xx_it.c.obj
                0x0800151c                UsageFault_Handler
 .text.DebugMon_Handler
                0x08001524        0xe CMakeFiles/TestRtos.dir/Core/Src/stm32f4xx_it.c.obj
                0x08001524                DebugMon_Handler
 *fill*         0x08001532        0x2 
 .text.TIM1_UP_TIM10_IRQHandler
                0x08001534       0x14 CMakeFiles/TestRtos.dir/Core/Src/stm32f4xx_it.c.obj
                0x08001534                TIM1_UP_TIM10_IRQHandler
 .text.HAL_MspInit
                0x08001548       0x58 CMakeFiles/TestRtos.dir/Core/Src/stm32f4xx_hal_msp.c.obj
                0x08001548                HAL_MspInit
 .text.HAL_UART_MspInit
                0x080015a0       0x90 CMakeFiles/TestRtos.dir/Core/Src/stm32f4xx_hal_msp.c.obj
                0x080015a0                HAL_UART_MspInit
 .text.HAL_PCD_MspInit
                0x08001630       0xb4 CMakeFiles/TestRtos.dir/Core/Src/stm32f4xx_hal_msp.c.obj
                0x08001630                HAL_PCD_MspInit
 .text.HAL_InitTick
                0x080016e4       0xe8 CMakeFiles/TestRtos.dir/Core/Src/stm32f4xx_hal_timebase_tim.c.obj
                0x080016e4                HAL_InitTick
 .text.HAL_TIM_Base_Init
                0x080017cc       0x9e CMakeFiles/TestRtos.dir/Drivers/STM32F4xx_HAL_Driver/Src/stm32f4xx_hal_tim.c.obj
                0x080017cc                HAL_TIM_Base_Init
 .text.HAL_TIM_Base_MspInit
                0x0800186a       0x14 CMakeFiles/TestRtos.dir/Drivers/STM32F4xx_HAL_Driver/Src/stm32f4xx_hal_tim.c.obj
                0x0800186a                HAL_TIM_Base_MspInit
 *fill*         0x0800187e        0x2 
 .text.HAL_TIM_Base_Start_IT
                0x08001880       0xe0 CMakeFiles/TestRtos.dir/Drivers/STM32F4xx_HAL_Driver/Src/stm32f4xx_hal_tim.c.obj
                0x08001880                HAL_TIM_Base_Start_IT
 .text.HAL_TIM_IRQHandler
                0x08001960      0x1e0 CMakeFiles/TestRtos.dir/Drivers/STM32F4xx_HAL_Driver/Src/stm32f4xx_hal_tim.c.obj
                0x08001960                HAL_TIM_IRQHandler
 .text.HAL_TIM_OC_DelayElapsedCallback
                0x08001b40       0x14 CMakeFiles/TestRtos.dir/Drivers/STM32F4xx_HAL_Driver/Src/stm32f4xx_hal_tim.c.obj
                0x08001b40                HAL_TIM_OC_DelayElapsedCallback
 .text.HAL_TIM_IC_CaptureCallback
                0x08001b54       0x14 CMakeFiles/TestRtos.dir/Drivers/STM32F4xx_HAL_Driver/Src/stm32f4xx_hal_tim.c.obj
                0x08001b54                HAL_TIM_IC_CaptureCallback
 .text.HAL_TIM_PWM_PulseFinishedCallback
                0x08001b68       0x14 CMakeFiles/TestRtos.dir/Drivers/STM32F4xx_HAL_Driver/Src/stm32f4xx_hal_tim.c.obj
                0x08001b68                HAL_TIM_PWM_PulseFinishedCallback
 .text.HAL_TIM_TriggerCallback
                0x08001b7c       0x14 CMakeFiles/TestRtos.dir/Drivers/STM32F4xx_HAL_Driver/Src/stm32f4xx_hal_tim.c.obj
                0x08001b7c                HAL_TIM_TriggerCallback
 .text.TIM_Base_SetConfig
                0x08001b90      0x14c CMakeFiles/TestRtos.dir/Drivers/STM32F4xx_HAL_Driver/Src/stm32f4xx_hal_tim.c.obj
                0x08001b90                TIM_Base_SetConfig
 .text.HAL_TIMEx_CommutCallback
                0x08001cdc       0x14 CMakeFiles/TestRtos.dir/Drivers/STM32F4xx_HAL_Driver/Src/stm32f4xx_hal_tim_ex.c.obj
                0x08001cdc                HAL_TIMEx_CommutCallback
 .text.HAL_TIMEx_BreakCallback
                0x08001cf0       0x14 CMakeFiles/TestRtos.dir/Drivers/STM32F4xx_HAL_Driver/Src/stm32f4xx_hal_tim_ex.c.obj
                0x08001cf0                HAL_TIMEx_BreakCallback
 .text.HAL_RCC_OscConfig
                0x08001d04      0x4f0 CMakeFiles/TestRtos.dir/Drivers/STM32F4xx_HAL_Driver/Src/stm32f4xx_hal_rcc.c.obj
                0x08001d04                HAL_RCC_OscConfig
 .text.HAL_RCC_ClockConfig
                0x080021f4      0x1cc CMakeFiles/TestRtos.dir/Drivers/STM32F4xx_HAL_Driver/Src/stm32f4xx_hal_rcc.c.obj
                0x080021f4                HAL_RCC_ClockConfig
 .text.HAL_RCC_GetSysClockFreq
                0x080023c0      0x20c CMakeFiles/TestRtos.dir/Drivers/STM32F4xx_HAL_Driver/Src/stm32f4xx_hal_rcc.c.obj
                0x080023c0                HAL_RCC_GetSysClockFreq
 .text.HAL_RCC_GetHCLKFreq
                0x080025cc       0x18 CMakeFiles/TestRtos.dir/Drivers/STM32F4xx_HAL_Driver/Src/stm32f4xx_hal_rcc.c.obj
                0x080025cc                HAL_RCC_GetHCLKFreq
 .text.HAL_RCC_GetPCLK1Freq
                0x080025e4       0x28 CMakeFiles/TestRtos.dir/Drivers/STM32F4xx_HAL_Driver/Src/stm32f4xx_hal_rcc.c.obj
                0x080025e4                HAL_RCC_GetPCLK1Freq
 .text.HAL_RCC_GetPCLK2Freq
                0x0800260c       0x28 CMakeFiles/TestRtos.dir/Drivers/STM32F4xx_HAL_Driver/Src/stm32f4xx_hal_rcc.c.obj
                0x0800260c                HAL_RCC_GetPCLK2Freq
 .text.HAL_RCC_GetClockConfig
                0x08002634       0x64 CMakeFiles/TestRtos.dir/Drivers/STM32F4xx_HAL_Driver/Src/stm32f4xx_hal_rcc.c.obj
                0x08002634                HAL_RCC_GetClockConfig
 .text.HAL_GPIO_Init
                0x08002698      0x358 CMakeFiles/TestRtos.dir/Drivers/STM32F4xx_HAL_Driver/Src/stm32f4xx_hal_gpio.c.obj
                0x08002698                HAL_GPIO_Init
 .text.HAL_GPIO_WritePin
                0x080029f0       0x32 CMakeFiles/TestRtos.dir/Drivers/STM32F4xx_HAL_Driver/Src/stm32f4xx_hal_gpio.c.obj
                0x080029f0                HAL_GPIO_WritePin
 *fill*         0x08002a22        0x2 
 .text.__NVIC_SetPriorityGrouping
                0x08002a24       0x48 CMakeFiles/TestRtos.dir/Drivers/STM32F4xx_HAL_Driver/Src/stm32f4xx_hal_cortex.c.obj
 .text.__NVIC_GetPriorityGrouping
                0x08002a6c       0x1c CMakeFiles/TestRtos.dir/Drivers/STM32F4xx_HAL_Driver/Src/stm32f4xx_hal_cortex.c.obj
 .text.__NVIC_EnableIRQ
                0x08002a88       0x3c CMakeFiles/TestRtos.dir/Drivers/STM32F4xx_HAL_Driver/Src/stm32f4xx_hal_cortex.c.obj
 .text.__NVIC_SetPriority
                0x08002ac4       0x54 CMakeFiles/TestRtos.dir/Drivers/STM32F4xx_HAL_Driver/Src/stm32f4xx_hal_cortex.c.obj
 .text.NVIC_EncodePriority
                0x08002b18       0x66 CMakeFiles/TestRtos.dir/Drivers/STM32F4xx_HAL_Driver/Src/stm32f4xx_hal_cortex.c.obj
 .text.HAL_NVIC_SetPriorityGrouping
                0x08002b7e       0x16 CMakeFiles/TestRtos.dir/Drivers/STM32F4xx_HAL_Driver/Src/stm32f4xx_hal_cortex.c.obj
                0x08002b7e                HAL_NVIC_SetPriorityGrouping
 .text.HAL_NVIC_SetPriority
                0x08002b94       0x38 CMakeFiles/TestRtos.dir/Drivers/STM32F4xx_HAL_Driver/Src/stm32f4xx_hal_cortex.c.obj
                0x08002b94                HAL_NVIC_SetPriority
 .text.HAL_NVIC_EnableIRQ
                0x08002bcc       0x1c CMakeFiles/TestRtos.dir/Drivers/STM32F4xx_HAL_Driver/Src/stm32f4xx_hal_cortex.c.obj
                0x08002bcc                HAL_NVIC_EnableIRQ
 .text.HAL_Init
                0x08002be8       0x44 CMakeFiles/TestRtos.dir/Drivers/STM32F4xx_HAL_Driver/Src/stm32f4xx_hal.c.obj
                0x08002be8                HAL_Init
 .text.HAL_IncTick
                0x08002c2c       0x28 CMakeFiles/TestRtos.dir/Drivers/STM32F4xx_HAL_Driver/Src/stm32f4xx_hal.c.obj
                0x08002c2c                HAL_IncTick
 .text.HAL_GetTick
                0x08002c54       0x18 CMakeFiles/TestRtos.dir/Drivers/STM32F4xx_HAL_Driver/Src/stm32f4xx_hal.c.obj
                0x08002c54                HAL_GetTick
 .text.HAL_Delay
                0x08002c6c       0x48 CMakeFiles/TestRtos.dir/Drivers/STM32F4xx_HAL_Driver/Src/stm32f4xx_hal.c.obj
                0x08002c6c                HAL_Delay
 .text.HAL_UART_Init
                0x08002cb4       0xa0 CMakeFiles/TestRtos.dir/Drivers/STM32F4xx_HAL_Driver/Src/stm32f4xx_hal_uart.c.obj
                0x08002cb4                HAL_UART_Init
 .text.HAL_UART_Transmit
                0x08002d54      0x116 CMakeFiles/TestRtos.dir/Drivers/STM32F4xx_HAL_Driver/Src/stm32f4xx_hal_uart.c.obj
                0x08002d54                HAL_UART_Transmit
 .text.UART_WaitOnFlagUntilTimeout
                0x08002e6a       0xb2 CMakeFiles/TestRtos.dir/Drivers/STM32F4xx_HAL_Driver/Src/stm32f4xx_hal_uart.c.obj
 .text.UART_EndRxTransfer
                0x08002f1c       0xc6 CMakeFiles/TestRtos.dir/Drivers/STM32F4xx_HAL_Driver/Src/stm32f4xx_hal_uart.c.obj
 *fill*         0x08002fe2        0x2 
 .text.UART_SetConfig
                0x08002fe4      0x4e8 CMakeFiles/TestRtos.dir/Drivers/STM32F4xx_HAL_Driver/Src/stm32f4xx_hal_uart.c.obj
 .text.HAL_PCD_Init
                0x080034cc      0x21e CMakeFiles/TestRtos.dir/Drivers/STM32F4xx_HAL_Driver/Src/stm32f4xx_hal_pcd.c.obj
                0x080034cc                HAL_PCD_Init
 .text.USB_CoreInit
                0x080036ea       0xc8 CMakeFiles/TestRtos.dir/Drivers/STM32F4xx_HAL_Driver/Src/stm32f4xx_ll_usb.c.obj
                0x080036ea                USB_CoreInit
 .text.USB_DisableGlobalInt
                0x080037b2       0x22 CMakeFiles/TestRtos.dir/Drivers/STM32F4xx_HAL_Driver/Src/stm32f4xx_ll_usb.c.obj
                0x080037b2                USB_DisableGlobalInt
 .text.USB_SetCurrentMode
                0x080037d4       0x98 CMakeFiles/TestRtos.dir/Drivers/STM32F4xx_HAL_Driver/Src/stm32f4xx_ll_usb.c.obj
                0x080037d4                USB_SetCurrentMode
 .text.USB_DevInit
                0x0800386c      0x2c8 CMakeFiles/TestRtos.dir/Drivers/STM32F4xx_HAL_Driver/Src/stm32f4xx_ll_usb.c.obj
                0x0800386c                USB_DevInit
 .text.USB_FlushTxFifo
                0x08003b34       0x64 CMakeFiles/TestRtos.dir/Drivers/STM32F4xx_HAL_Driver/Src/stm32f4xx_ll_usb.c.obj
                0x08003b34                USB_FlushTxFifo
 .text.USB_FlushRxFifo
                0x08003b98       0x5c CMakeFiles/TestRtos.dir/Drivers/STM32F4xx_HAL_Driver/Src/stm32f4xx_ll_usb.c.obj
                0x08003b98                USB_FlushRxFifo
 .text.USB_SetDevSpeed
                0x08003bf4       0x32 CMakeFiles/TestRtos.dir/Drivers/STM32F4xx_HAL_Driver/Src/stm32f4xx_ll_usb.c.obj
                0x08003bf4                USB_SetDevSpeed
 .text.USB_DevDisconnect
                0x08003c26       0x42 CMakeFiles/TestRtos.dir/Drivers/STM32F4xx_HAL_Driver/Src/stm32f4xx_ll_usb.c.obj
                0x08003c26                USB_DevDisconnect
 .text.USB_GetMode
                0x08003c68       0x1c CMakeFiles/TestRtos.dir/Drivers/STM32F4xx_HAL_Driver/Src/stm32f4xx_ll_usb.c.obj
                0x08003c68                USB_GetMode
 .text.USB_CoreReset
                0x08003c84       0x70 CMakeFiles/TestRtos.dir/Drivers/STM32F4xx_HAL_Driver/Src/stm32f4xx_ll_usb.c.obj
 .text.SystemInit
                0x08003cf4       0x24 CMakeFiles/TestRtos.dir/Core/Src/system_stm32f4xx.c.obj
                0x08003cf4                SystemInit
 .text.vListInitialise
                0x08003d18       0x40 CMakeFiles/TestRtos.dir/Middlewares/Third_Party/FreeRTOS/Source/list.c.obj
                0x08003d18                vListInitialise
 .text.vListInitialiseItem
                0x08003d58       0x1a CMakeFiles/TestRtos.dir/Middlewares/Third_Party/FreeRTOS/Source/list.c.obj
                0x08003d58                vListInitialiseItem
 .text.vListInsertEnd
                0x08003d72       0x48 CMakeFiles/TestRtos.dir/Middlewares/Third_Party/FreeRTOS/Source/list.c.obj
                0x08003d72                vListInsertEnd
 .text.vListInsert
                0x08003dba       0x72 CMakeFiles/TestRtos.dir/Middlewares/Third_Party/FreeRTOS/Source/list.c.obj
                0x08003dba                vListInsert
 .text.uxListRemove
                0x08003e2c       0x54 CMakeFiles/TestRtos.dir/Middlewares/Third_Party/FreeRTOS/Source/list.c.obj
                0x08003e2c                uxListRemove
 .text.xQueueGenericReset
                0x08003e80       0xd4 CMakeFiles/TestRtos.dir/Middlewares/Third_Party/FreeRTOS/Source/queue.c.obj
                0x08003e80                xQueueGenericReset
 .text.xQueueGenericCreate
                0x08003f54       0x76 CMakeFiles/TestRtos.dir/Middlewares/Third_Party/FreeRTOS/Source/queue.c.obj
                0x08003f54                xQueueGenericCreate
 .text.prvInitialiseNewQueue
                0x08003fca       0x3e CMakeFiles/TestRtos.dir/Middlewares/Third_Party/FreeRTOS/Source/queue.c.obj
 .text.xQueueGenericSend
                0x08004008      0x204 CMakeFiles/TestRtos.dir/Middlewares/Third_Party/FreeRTOS/Source/queue.c.obj
                0x08004008                xQueueGenericSend
 .text.xQueueReceive
                0x0800420c      0x1c4 CMakeFiles/TestRtos.dir/Middlewares/Third_Party/FreeRTOS/Source/queue.c.obj
                0x0800420c                xQueueReceive
 .text.uxQueueMessagesWaiting
                0x080043d0       0x3e CMakeFiles/TestRtos.dir/Middlewares/Third_Party/FreeRTOS/Source/queue.c.obj
                0x080043d0                uxQueueMessagesWaiting
 .text.prvCopyDataToQueue
                0x0800440e       0xd4 CMakeFiles/TestRtos.dir/Middlewares/Third_Party/FreeRTOS/Source/queue.c.obj
 .text.prvCopyDataFromQueue
                0x080044e2       0x4c CMakeFiles/TestRtos.dir/Middlewares/Third_Party/FreeRTOS/Source/queue.c.obj
 .text.prvUnlockQueue
                0x0800452e       0xa4 CMakeFiles/TestRtos.dir/Middlewares/Third_Party/FreeRTOS/Source/queue.c.obj
 .text.prvIsQueueEmpty
                0x080045d2       0x2c CMakeFiles/TestRtos.dir/Middlewares/Third_Party/FreeRTOS/Source/queue.c.obj
 .text.prvIsQueueFull
                0x080045fe       0x30 CMakeFiles/TestRtos.dir/Middlewares/Third_Party/FreeRTOS/Source/queue.c.obj
 .text.xTaskCreateStatic
                0x0800462e       0xc0 CMakeFiles/TestRtos.dir/Middlewares/Third_Party/FreeRTOS/Source/tasks.c.obj
                0x0800462e                xTaskCreateStatic
 .text.xTaskCreate
                0x080046ee       0x8a CMakeFiles/TestRtos.dir/Middlewares/Third_Party/FreeRTOS/Source/tasks.c.obj
                0x080046ee                xTaskCreate
 .text.prvInitialiseNewTask
                0x08004778      0x110 CMakeFiles/TestRtos.dir/Middlewares/Third_Party/FreeRTOS/Source/tasks.c.obj
 .text.prvAddNewTaskToReadyList
                0x08004888       0xd4 CMakeFiles/TestRtos.dir/Middlewares/Third_Party/FreeRTOS/Source/tasks.c.obj
 .text.vTaskDelete
                0x0800495c      0x120 CMakeFiles/TestRtos.dir/Middlewares/Third_Party/FreeRTOS/Source/tasks.c.obj
                0x0800495c                vTaskDelete
 .text.vTaskDelay
                0x08004a7c       0x6c CMakeFiles/TestRtos.dir/Middlewares/Third_Party/FreeRTOS/Source/tasks.c.obj
                0x08004a7c                vTaskDelay
 .text.vTaskStartScheduler
                0x08004ae8       0xc4 CMakeFiles/TestRtos.dir/Middlewares/Third_Party/FreeRTOS/Source/tasks.c.obj
                0x08004ae8                vTaskStartScheduler
 .text.vTaskSuspendAll
                0x08004bac       0x1c CMakeFiles/TestRtos.dir/Middlewares/Third_Party/FreeRTOS/Source/tasks.c.obj
                0x08004bac                vTaskSuspendAll
 .text.xTaskResumeAll
                0x08004bc8      0x13c CMakeFiles/TestRtos.dir/Middlewares/Third_Party/FreeRTOS/Source/tasks.c.obj
                0x08004bc8                xTaskResumeAll
 .text.xTaskIncrementTick
                0x08004d04      0x174 CMakeFiles/TestRtos.dir/Middlewares/Third_Party/FreeRTOS/Source/tasks.c.obj
                0x08004d04                xTaskIncrementTick
 .text.vTaskSwitchContext
                0x08004e78       0xb8 CMakeFiles/TestRtos.dir/Middlewares/Third_Party/FreeRTOS/Source/tasks.c.obj
                0x08004e78                vTaskSwitchContext
 .text.vTaskPlaceOnEventList
                0x08004f30       0x4c CMakeFiles/TestRtos.dir/Middlewares/Third_Party/FreeRTOS/Source/tasks.c.obj
                0x08004f30                vTaskPlaceOnEventList
 .text.xTaskRemoveFromEventList
                0x08004f7c       0xc8 CMakeFiles/TestRtos.dir/Middlewares/Third_Party/FreeRTOS/Source/tasks.c.obj
                0x08004f7c                xTaskRemoveFromEventList
 .text.vTaskInternalSetTimeOutState
                0x08005044       0x2c CMakeFiles/TestRtos.dir/Middlewares/Third_Party/FreeRTOS/Source/tasks.c.obj
                0x08005044                vTaskInternalSetTimeOutState
 .text.xTaskCheckForTimeOut
                0x08005070       0xc8 CMakeFiles/TestRtos.dir/Middlewares/Third_Party/FreeRTOS/Source/tasks.c.obj
                0x08005070                xTaskCheckForTimeOut
 .text.vTaskMissedYield
                0x08005138       0x18 CMakeFiles/TestRtos.dir/Middlewares/Third_Party/FreeRTOS/Source/tasks.c.obj
                0x08005138                vTaskMissedYield
 .text.prvIdleTask
                0x08005150       0x30 CMakeFiles/TestRtos.dir/Middlewares/Third_Party/FreeRTOS/Source/tasks.c.obj
 .text.prvInitialiseTaskLists
                0x08005180       0x80 CMakeFiles/TestRtos.dir/Middlewares/Third_Party/FreeRTOS/Source/tasks.c.obj
 .text.prvCheckTasksWaitingTermination
                0x08005200       0x5c CMakeFiles/TestRtos.dir/Middlewares/Third_Party/FreeRTOS/Source/tasks.c.obj
 .text.prvDeleteTCB
                0x0800525c       0x60 CMakeFiles/TestRtos.dir/Middlewares/Third_Party/FreeRTOS/Source/tasks.c.obj
 .text.prvResetNextTaskUnblockTime
                0x080052bc       0x40 CMakeFiles/TestRtos.dir/Middlewares/Third_Party/FreeRTOS/Source/tasks.c.obj
 .text.xTaskGetSchedulerState
                0x080052fc       0x3c CMakeFiles/TestRtos.dir/Middlewares/Third_Party/FreeRTOS/Source/tasks.c.obj
                0x080052fc                xTaskGetSchedulerState
 .text.xTaskPriorityDisinherit
                0x08005338      0x110 CMakeFiles/TestRtos.dir/Middlewares/Third_Party/FreeRTOS/Source/tasks.c.obj
                0x08005338                xTaskPriorityDisinherit
 .text.prvAddCurrentTaskToDelayedList
                0x08005448       0xcc CMakeFiles/TestRtos.dir/Middlewares/Third_Party/FreeRTOS/Source/tasks.c.obj
 .text.pvPortMalloc
                0x08005514      0x19c CMakeFiles/TestRtos.dir/Middlewares/Third_Party/FreeRTOS/Source/portable/MemMang/heap_4.c.obj
                0x08005514                pvPortMalloc
 .text.vPortFree
                0x080056b0       0xc8 CMakeFiles/TestRtos.dir/Middlewares/Third_Party/FreeRTOS/Source/portable/MemMang/heap_4.c.obj
                0x080056b0                vPortFree
 .text.prvHeapInit
                0x08005778       0xc4 CMakeFiles/TestRtos.dir/Middlewares/Third_Party/FreeRTOS/Source/portable/MemMang/heap_4.c.obj
 .text.prvInsertBlockIntoFreeList
                0x0800583c       0xb4 CMakeFiles/TestRtos.dir/Middlewares/Third_Party/FreeRTOS/Source/portable/MemMang/heap_4.c.obj
 .text.pxPortInitialiseStack
                0x080058f0       0x68 CMakeFiles/TestRtos.dir/Middlewares/Third_Party/FreeRTOS/Source/portable/GCC/ARM_CM4F/port.c.obj
                0x080058f0                pxPortInitialiseStack
 .text.prvTaskExitError
                0x08005958       0x5c CMakeFiles/TestRtos.dir/Middlewares/Third_Party/FreeRTOS/Source/portable/GCC/ARM_CM4F/port.c.obj
 *fill*         0x080059b4        0xc 
 .text.SVC_Handler
                0x080059c0       0x28 CMakeFiles/TestRtos.dir/Middlewares/Third_Party/FreeRTOS/Source/portable/GCC/ARM_CM4F/port.c.obj
                0x080059c0                SVC_Handler
 .text.prvPortStartFirstTask
                0x080059e8       0x28 CMakeFiles/TestRtos.dir/Middlewares/Third_Party/FreeRTOS/Source/portable/GCC/ARM_CM4F/port.c.obj
 .text.xPortStartScheduler
                0x08005a10      0x148 CMakeFiles/TestRtos.dir/Middlewares/Third_Party/FreeRTOS/Source/portable/GCC/ARM_CM4F/port.c.obj
                0x08005a10                xPortStartScheduler
 .text.vPortEnterCritical
                0x08005b58       0x64 CMakeFiles/TestRtos.dir/Middlewares/Third_Party/FreeRTOS/Source/portable/GCC/ARM_CM4F/port.c.obj
                0x08005b58                vPortEnterCritical
 .text.vPortExitCritical
                0x08005bbc       0x54 CMakeFiles/TestRtos.dir/Middlewares/Third_Party/FreeRTOS/Source/portable/GCC/ARM_CM4F/port.c.obj
                0x08005bbc                vPortExitCritical
 .text.PendSV_Handler
                0x08005c10       0x68 CMakeFiles/TestRtos.dir/Middlewares/Third_Party/FreeRTOS/Source/portable/GCC/ARM_CM4F/port.c.obj
                0x08005c10                PendSV_Handler
 .text.SysTick_Handler
                0x08005c78       0x44 CMakeFiles/TestRtos.dir/Middlewares/Third_Party/FreeRTOS/Source/portable/GCC/ARM_CM4F/port.c.obj
                0x08005c78                SysTick_Handler
 .text.vPortSetupTimerInterrupt
                0x08005cbc       0x48 CMakeFiles/TestRtos.dir/Middlewares/Third_Party/FreeRTOS/Source/portable/GCC/ARM_CM4F/port.c.obj
                0x08005cbc                vPortSetupTimerInterrupt
 .text.vPortEnableVFP
                0x08005d04       0x14 CMakeFiles/TestRtos.dir/Middlewares/Third_Party/FreeRTOS/Source/portable/GCC/ARM_CM4F/port.c.obj
 .text._sbrk    0x08005d18       0x6c CMakeFiles/TestRtos.dir/Core/Src/sysmem.c.obj
                0x08005d18                _sbrk
 .text._read    0x08005d84       0x3a CMakeFiles/TestRtos.dir/Core/Src/syscalls.c.obj
                0x08005d84                _read
 .text._write   0x08005dbe       0x38 CMakeFiles/TestRtos.dir/Core/Src/syscalls.c.obj
                0x08005dbe                _write
 .text._close   0x08005df6       0x18 CMakeFiles/TestRtos.dir/Core/Src/syscalls.c.obj
                0x08005df6                _close
 .text._fstat   0x08005e0e       0x20 CMakeFiles/TestRtos.dir/Core/Src/syscalls.c.obj
                0x08005e0e                _fstat
 .text._isatty  0x08005e2e       0x16 CMakeFiles/TestRtos.dir/Core/Src/syscalls.c.obj
                0x08005e2e                _isatty
 .text._lseek   0x08005e44       0x1a CMakeFiles/TestRtos.dir/Core/Src/syscalls.c.obj
                0x08005e44                _lseek
 *fill*         0x08005e5e        0x2 
 .text.Reset_Handler
                0x08005e60       0x50 CMakeFiles/TestRtos.dir/startup_stm32f429xx.s.obj
                0x08005e60                Reset_Handler
 .text.Default_Handler
                0x08005eb0        0x2 CMakeFiles/TestRtos.dir/startup_stm32f429xx.s.obj
                0x08005eb0                RTC_Alarm_IRQHandler
                0x08005eb0                HASH_RNG_IRQHandler
                0x08005eb0                EXTI2_IRQHandler
                0x08005eb0                TIM8_CC_IRQHandler
                0x08005eb0                UART8_IRQHandler
                0x08005eb0                SPI4_IRQHandler
                0x08005eb0                TIM1_CC_IRQHandler
                0x08005eb0                DMA2_Stream5_IRQHandler
                0x08005eb0                DMA1_Stream5_IRQHandler
                0x08005eb0                PVD_IRQHandler
                0x08005eb0                SDIO_IRQHandler
                0x08005eb0                TAMP_STAMP_IRQHandler
                0x08005eb0                CAN2_RX1_IRQHandler
                0x08005eb0                EXTI3_IRQHandler
                0x08005eb0                TIM8_TRG_COM_TIM14_IRQHandler
                0x08005eb0                TIM8_UP_TIM13_IRQHandler
                0x08005eb0                I2C3_ER_IRQHandler
                0x08005eb0                EXTI0_IRQHandler
                0x08005eb0                I2C2_EV_IRQHandler
                0x08005eb0                DMA1_Stream2_IRQHandler
                0x08005eb0                CAN1_RX0_IRQHandler
                0x08005eb0                FPU_IRQHandler
                0x08005eb0                OTG_HS_WKUP_IRQHandler
                0x08005eb0                LTDC_ER_IRQHandler
                0x08005eb0                CAN2_SCE_IRQHandler
                0x08005eb0                DMA2_Stream2_IRQHandler
                0x08005eb0                SPI1_IRQHandler
                0x08005eb0                TIM6_DAC_IRQHandler
                0x08005eb0                TIM1_BRK_TIM9_IRQHandler
                0x08005eb0                DCMI_IRQHandler
                0x08005eb0                CAN2_RX0_IRQHandler
                0x08005eb0                DMA2_Stream3_IRQHandler
                0x08005eb0                USART6_IRQHandler
                0x08005eb0                USART3_IRQHandler
                0x08005eb0                CAN1_RX1_IRQHandler
                0x08005eb0                UART5_IRQHandler
                0x08005eb0                DMA2_Stream0_IRQHandler
                0x08005eb0                TIM4_IRQHandler
                0x08005eb0                I2C1_EV_IRQHandler
                0x08005eb0                DMA1_Stream6_IRQHandler
                0x08005eb0                DMA1_Stream1_IRQHandler
                0x08005eb0                UART4_IRQHandler
                0x08005eb0                TIM3_IRQHandler
                0x08005eb0                RCC_IRQHandler
                0x08005eb0                TIM8_BRK_TIM12_IRQHandler
                0x08005eb0                Default_Handler
                0x08005eb0                EXTI15_10_IRQHandler
                0x08005eb0                ADC_IRQHandler
                0x08005eb0                DMA1_Stream7_IRQHandler
                0x08005eb0                SPI5_IRQHandler
                0x08005eb0                TIM7_IRQHandler
                0x08005eb0                CAN2_TX_IRQHandler
                0x08005eb0                TIM5_IRQHandler
                0x08005eb0                DMA2_Stream7_IRQHandler
                0x08005eb0                I2C3_EV_IRQHandler
                0x08005eb0                EXTI9_5_IRQHandler
                0x08005eb0                RTC_WKUP_IRQHandler
                0x08005eb0                LTDC_IRQHandler
                0x08005eb0                ETH_WKUP_IRQHandler
                0x08005eb0                SPI2_IRQHandler
                0x08005eb0                OTG_HS_EP1_IN_IRQHandler
                0x08005eb0                DMA1_Stream0_IRQHandler
                0x08005eb0                CAN1_TX_IRQHandler
                0x08005eb0                EXTI4_IRQHandler
                0x08005eb0                ETH_IRQHandler
                0x08005eb0                OTG_HS_EP1_OUT_IRQHandler
                0x08005eb0                WWDG_IRQHandler
                0x08005eb0                SPI6_IRQHandler
                0x08005eb0                TIM2_IRQHandler
                0x08005eb0                OTG_FS_WKUP_IRQHandler
                0x08005eb0                TIM1_TRG_COM_TIM11_IRQHandler
                0x08005eb0                OTG_HS_IRQHandler
                0x08005eb0                DMA2D_IRQHandler
                0x08005eb0                EXTI1_IRQHandler
                0x08005eb0                UART7_IRQHandler
                0x08005eb0                USART2_IRQHandler
                0x08005eb0                I2C2_ER_IRQHandler
                0x08005eb0                DMA2_Stream1_IRQHandler
                0x08005eb0                CAN1_SCE_IRQHandler
                0x08005eb0                FLASH_IRQHandler
                0x08005eb0                DMA2_Stream4_IRQHandler
                0x08005eb0                USART1_IRQHandler
                0x08005eb0                OTG_FS_IRQHandler
                0x08005eb0                SPI3_IRQHandler
                0x08005eb0                DMA1_Stream4_IRQHandler
                0x08005eb0                I2C1_ER_IRQHandler
                0x08005eb0                FMC_IRQHandler
                0x08005eb0                DMA2_Stream6_IRQHandler
                0x08005eb0                SAI1_IRQHandler
                0x08005eb0                DMA1_Stream3_IRQHandler
 *fill*         0x08005eb2        0x2 
 .text.printf   0x08005eb4       0x24 C:/ST/STM32CubeCLT_1.18.0/GNU-tools-for-STM32/bin/../lib/gcc/arm-none-eabi/13.3.1/../../../../arm-none-eabi/lib/thumb/v7e-m+fp/hard\libg_nano.a(libc_a-printf.o)
                0x08005eb4                iprintf
                0x08005eb4                printf
 .text._puts_r  0x08005ed8       0xaa C:/ST/STM32CubeCLT_1.18.0/GNU-tools-for-STM32/bin/../lib/gcc/arm-none-eabi/13.3.1/../../../../arm-none-eabi/lib/thumb/v7e-m+fp/hard\libg_nano.a(libc_a-puts.o)
                0x08005ed8                _puts_r
 *fill*         0x08005f82        0x2 
 .text.puts     0x08005f84       0x10 C:/ST/STM32CubeCLT_1.18.0/GNU-tools-for-STM32/bin/../lib/gcc/arm-none-eabi/13.3.1/../../../../arm-none-eabi/lib/thumb/v7e-m+fp/hard\libg_nano.a(libc_a-puts.o)
                0x08005f84                puts
 .text.snprintf
                0x08005f94       0x6c C:/ST/STM32CubeCLT_1.18.0/GNU-tools-for-STM32/bin/../lib/gcc/arm-none-eabi/13.3.1/../../../../arm-none-eabi/lib/thumb/v7e-m+fp/hard\libg_nano.a(libc_a-snprintf.o)
                0x08005f94                sniprintf
                0x08005f94                snprintf
 .text.__swbuf_r
                0x08006000       0x7c C:/ST/STM32CubeCLT_1.18.0/GNU-tools-for-STM32/bin/../lib/gcc/arm-none-eabi/13.3.1/../../../../arm-none-eabi/lib/thumb/v7e-m+fp/hard\libg_nano.a(libc_a-wbuf.o)
                0x08006000                __swbuf_r
 .text.__swsetup_r
                0x0800607c       0xac C:/ST/STM32CubeCLT_1.18.0/GNU-tools-for-STM32/bin/../lib/gcc/arm-none-eabi/13.3.1/../../../../arm-none-eabi/lib/thumb/v7e-m+fp/hard\libg_nano.a(libc_a-wsetup.o)
                0x0800607c                __swsetup_r
 .text.__errno  0x08006128        0xc C:/ST/STM32CubeCLT_1.18.0/GNU-tools-for-STM32/bin/../lib/gcc/arm-none-eabi/13.3.1/../../../../arm-none-eabi/lib/thumb/v7e-m+fp/hard\libg_nano.a(libc_a-errno.o)
                0x08006128                __errno
 .text.memcpy   0x08006134       0x1c C:/ST/STM32CubeCLT_1.18.0/GNU-tools-for-STM32/bin/../lib/gcc/arm-none-eabi/13.3.1/../../../../arm-none-eabi/lib/thumb/v7e-m+fp/hard\libg_nano.a(libc_a-memcpy-stub.o)
                0x08006134                memcpy
 .text.__ssputs_r
                0x08006150       0xb6 C:/ST/STM32CubeCLT_1.18.0/GNU-tools-for-STM32/bin/../lib/gcc/arm-none-eabi/13.3.1/../../../../arm-none-eabi/lib/thumb/v7e-m+fp/hard\libg_nano.a(libc_a-nano-svfprintf.o)
                0x08006150                __ssputs_r
 *fill*         0x08006206        0x2 
 .text._svfprintf_r
                0x08006208      0x1f8 C:/ST/STM32CubeCLT_1.18.0/GNU-tools-for-STM32/bin/../lib/gcc/arm-none-eabi/13.3.1/../../../../arm-none-eabi/lib/thumb/v7e-m+fp/hard\libg_nano.a(libc_a-nano-svfprintf.o)
                0x08006208                _svfiprintf_r
                0x08006208                _svfprintf_r
 .text.__sfputc_r
                0x08006400       0x2e C:/ST/STM32CubeCLT_1.18.0/GNU-tools-for-STM32/bin/../lib/gcc/arm-none-eabi/13.3.1/../../../../arm-none-eabi/lib/thumb/v7e-m+fp/hard\libg_nano.a(libc_a-nano-vfprintf.o)
 .text.__sfputs_r
                0x0800642e       0x24 C:/ST/STM32CubeCLT_1.18.0/GNU-tools-for-STM32/bin/../lib/gcc/arm-none-eabi/13.3.1/../../../../arm-none-eabi/lib/thumb/v7e-m+fp/hard\libg_nano.a(libc_a-nano-vfprintf.o)
                0x0800642e                __sfputs_r
 *fill*         0x08006452        0x2 
 .text._vfprintf_r
                0x08006454      0x230 C:/ST/STM32CubeCLT_1.18.0/GNU-tools-for-STM32/bin/../lib/gcc/arm-none-eabi/13.3.1/../../../../arm-none-eabi/lib/thumb/v7e-m+fp/hard\libg_nano.a(libc_a-nano-vfprintf.o)
                0x08006454                _vfprintf_r
                0x08006454                _vfiprintf_r
 .text._printf_common
                0x08006684       0xda C:/ST/STM32CubeCLT_1.18.0/GNU-tools-for-STM32/bin/../lib/gcc/arm-none-eabi/13.3.1/../../../../arm-none-eabi/lib/thumb/v7e-m+fp/hard\libg_nano.a(libc_a-nano-vfprintf_i.o)
                0x08006684                _printf_common
 *fill*         0x0800675e        0x2 
 .text._printf_i
                0x08006760      0x23c C:/ST/STM32CubeCLT_1.18.0/GNU-tools-for-STM32/bin/../lib/gcc/arm-none-eabi/13.3.1/../../../../arm-none-eabi/lib/thumb/v7e-m+fp/hard\libg_nano.a(libc_a-nano-vfprintf_i.o)
                0x08006760                _printf_i
 .text.__swhatbuf_r
                0x0800699c       0x4c C:/ST/STM32CubeCLT_1.18.0/GNU-tools-for-STM32/bin/../lib/gcc/arm-none-eabi/13.3.1/../../../../arm-none-eabi/lib/thumb/v7e-m+fp/hard\libg_nano.a(libc_a-makebuf.o)
                0x0800699c                __swhatbuf_r
 .text.__smakebuf_r
                0x080069e8       0x78 C:/ST/STM32CubeCLT_1.18.0/GNU-tools-for-STM32/bin/../lib/gcc/arm-none-eabi/13.3.1/../../../../arm-none-eabi/lib/thumb/v7e-m+fp/hard\libg_nano.a(libc_a-makebuf.o)
                0x080069e8                __smakebuf_r
 .text.memmove  0x08006a60       0x34 C:/ST/STM32CubeCLT_1.18.0/GNU-tools-for-STM32/bin/../lib/gcc/arm-none-eabi/13.3.1/../../../../arm-none-eabi/lib/thumb/v7e-m+fp/hard\libg_nano.a(libc_a-memmove.o)
                0x08006a60                memmove
 .text._fstat_r
                0x08006a94       0x24 C:/ST/STM32CubeCLT_1.18.0/GNU-tools-for-STM32/bin/../lib/gcc/arm-none-eabi/13.3.1/../../../../arm-none-eabi/lib/thumb/v7e-m+fp/hard\libg_nano.a(libc_a-fstatr.o)
                0x08006a94                _fstat_r
 .text._isatty_r
                0x08006ab8       0x20 C:/ST/STM32CubeCLT_1.18.0/GNU-tools-for-STM32/bin/../lib/gcc/arm-none-eabi/13.3.1/../../../../arm-none-eabi/lib/thumb/v7e-m+fp/hard\libg_nano.a(libc_a-isattyr.o)
                0x08006ab8                _isatty_r
 .text._realloc_r
                0x08006ad8       0x5c C:/ST/STM32CubeCLT_1.18.0/GNU-tools-for-STM32/bin/../lib/gcc/arm-none-eabi/13.3.1/../../../../arm-none-eabi/lib/thumb/v7e-m+fp/hard\libg_nano.a(libc_a-reallocr.o)
                0x08006ad8                _realloc_r
 .text._malloc_usable_size_r
                0x08006b34       0x10 C:/ST/STM32CubeCLT_1.18.0/GNU-tools-for-STM32/bin/../lib/gcc/arm-none-eabi/13.3.1/../../../../arm-none-eabi/lib/thumb/v7e-m+fp/hard\libg_nano.a(libc_a-msizer.o)
                0x08006b34                _malloc_usable_size_r
 *(.glue_7)
 .glue_7        0x08006b44        0x0 linker stubs
 *(.glue_7t)
 .glue_7t       0x08006b44        0x0 linker stubs
 *(.eh_frame)
 .eh_frame      0x08006b44        0x0 C:/ST/STM32CubeCLT_1.18.0/GNU-tools-for-STM32/bin/../lib/gcc/arm-none-eabi/13.3.1/thumb/v7e-m+fp/hard/crtbegin.o
 *(.init)
 .init          0x08006b44        0x4 C:/ST/STM32CubeCLT_1.18.0/GNU-tools-for-STM32/bin/../lib/gcc/arm-none-eabi/13.3.1/thumb/v7e-m+fp/hard/crti.o
                0x08006b44                _init
 .init          0x08006b48        0x8 C:/ST/STM32CubeCLT_1.18.0/GNU-tools-for-STM32/bin/../lib/gcc/arm-none-eabi/13.3.1/thumb/v7e-m+fp/hard/crtn.o
 *(.fini)
 .fini          0x08006b50        0x4 C:/ST/STM32CubeCLT_1.18.0/GNU-tools-for-STM32/bin/../lib/gcc/arm-none-eabi/13.3.1/thumb/v7e-m+fp/hard/crti.o
                0x08006b50                _fini
 .fini          0x08006b54        0x8 C:/ST/STM32CubeCLT_1.18.0/GNU-tools-for-STM32/bin/../lib/gcc/arm-none-eabi/13.3.1/thumb/v7e-m+fp/hard/crtn.o
                0x08006b5c                        . = ALIGN (0x4)
                0x08006b5c                        _etext = .

.vfp11_veneer   0x08006b5c        0x0
 .vfp11_veneer  0x08006b5c        0x0 linker stubs

.v4_bx          0x08006b5c        0x0
 .v4_bx         0x08006b5c        0x0 linker stubs

.iplt           0x08006b5c        0x0
 .iplt          0x08006b5c        0x0 C:/ST/STM32CubeCLT_1.18.0/GNU-tools-for-STM32/bin/../lib/gcc/arm-none-eabi/13.3.1/thumb/v7e-m+fp/hard/crtbegin.o

.rodata         0x08006b5c      0x280
                0x08006b5c                        . = ALIGN (0x4)
 *(.rodata)
 .rodata        0x08006b5c      0x1f8 CMakeFiles/TestRtos.dir/Core/Src/MainProgram/eventhandlingqueue.c.obj
 .rodata        0x08006d54       0x31 CMakeFiles/TestRtos.dir/Core/Src/driver.init.c.obj
 *fill*         0x08006d85        0x3 
 .rodata        0x08006d88        0x5 CMakeFiles/TestRtos.dir/Middlewares/Third_Party/FreeRTOS/Source/tasks.c.obj
 *(.rodata*)
 *fill*         0x08006d8d        0x3 
 .rodata.AHBPrescTable
                0x08006d90       0x10 CMakeFiles/TestRtos.dir/Core/Src/system_stm32f4xx.c.obj
                0x08006d90                AHBPrescTable
 .rodata.APBPrescTable
                0x08006da0        0x8 CMakeFiles/TestRtos.dir/Core/Src/system_stm32f4xx.c.obj
                0x08006da0                APBPrescTable
 .rodata._svfprintf_r.str1.1
                0x08006da8       0x33 C:/ST/STM32CubeCLT_1.18.0/GNU-tools-for-STM32/bin/../lib/gcc/arm-none-eabi/13.3.1/../../../../arm-none-eabi/lib/thumb/v7e-m+fp/hard\libg_nano.a(libc_a-nano-svfprintf.o)
                                 0x11 (size before relaxing)
 .rodata._vfprintf_r.str1.1
                0x08006ddb       0x11 C:/ST/STM32CubeCLT_1.18.0/GNU-tools-for-STM32/bin/../lib/gcc/arm-none-eabi/13.3.1/../../../../arm-none-eabi/lib/thumb/v7e-m+fp/hard\libg_nano.a(libc_a-nano-vfprintf.o)
 .rodata._printf_i.str1.1
                0x08006ddb       0x22 C:/ST/STM32CubeCLT_1.18.0/GNU-tools-for-STM32/bin/../lib/gcc/arm-none-eabi/13.3.1/../../../../arm-none-eabi/lib/thumb/v7e-m+fp/hard\libg_nano.a(libc_a-nano-vfprintf_i.o)
                0x08006e00                        . = ALIGN (0x4)
 *fill*         0x08006ddb        0x1 

.ARM.extab
 *(.ARM.extab* .gnu.linkonce.armextab.*)

.ARM            0x08006ddc        0x8
                0x08006ddc                        __exidx_start = .
 *(.ARM.exidx*)
 .ARM.exidx     0x08006ddc        0x8 C:/ST/STM32CubeCLT_1.18.0/GNU-tools-for-STM32/bin/../lib/gcc/arm-none-eabi/13.3.1/thumb/v7e-m+fp/hard\libgcc.a(_udivmoddi4.o)
 .ARM.exidx     0x08006de4        0x0 C:/ST/STM32CubeCLT_1.18.0/GNU-tools-for-STM32/bin/../lib/gcc/arm-none-eabi/13.3.1/../../../../arm-none-eabi/lib/thumb/v7e-m+fp/hard\libg_nano.a(libc_a-strlen.o)
                                  0x8 (size before relaxing)
 .ARM.exidx     0x08006de4        0x0 C:/ST/STM32CubeCLT_1.18.0/GNU-tools-for-STM32/bin/../lib/gcc/arm-none-eabi/13.3.1/../../../../arm-none-eabi/lib/thumb/v7e-m+fp/hard\libg_nano.a(libc_a-memchr.o)
                                  0x8 (size before relaxing)
                0x08006de4                        __exidx_end = .

.rel.dyn        0x08006de4        0x0
 .rel.iplt      0x08006de4        0x0 C:/ST/STM32CubeCLT_1.18.0/GNU-tools-for-STM32/bin/../lib/gcc/arm-none-eabi/13.3.1/thumb/v7e-m+fp/hard/crtbegin.o

.preinit_array  0x08006de4        0x0
                0x08006de4                        PROVIDE (__preinit_array_start = .)
 *(.preinit_array*)
                0x08006de4                        PROVIDE (__preinit_array_end = .)

.init_array     0x08006de4        0x4
                0x08006de4                        PROVIDE (__init_array_start = .)
 *(SORT_BY_NAME(.init_array.*))
 *(.init_array*)
 .init_array    0x08006de4        0x4 C:/ST/STM32CubeCLT_1.18.0/GNU-tools-for-STM32/bin/../lib/gcc/arm-none-eabi/13.3.1/thumb/v7e-m+fp/hard/crtbegin.o
                0x08006de8                        PROVIDE (__init_array_end = .)

.fini_array     0x08006de8        0x4
                [!provide]                        PROVIDE (__fini_array_start = .)
 *(SORT_BY_NAME(.fini_array.*))
 *(.fini_array*)
 .fini_array    0x08006de8        0x4 C:/ST/STM32CubeCLT_1.18.0/GNU-tools-for-STM32/bin/../lib/gcc/arm-none-eabi/13.3.1/thumb/v7e-m+fp/hard/crtbegin.o
                [!provide]                        PROVIDE (__fini_array_end = .)
                0x08006dec                        _sidata = LOADADDR (.data)

.data           0x20000000       0x6c load address 0x08006dec
                0x20000000                        . = ALIGN (0x4)
                0x20000000                        _sdata = .
 *(.data)
 *(.data*)
 .data.__sglue  0x20000000        0xc C:/ST/STM32CubeCLT_1.18.0/GNU-tools-for-STM32/bin/../lib/gcc/arm-none-eabi/13.3.1/../../../../arm-none-eabi/lib/thumb/v7e-m+fp/hard\libc_nano.a(libc_a-findfp.o)
                0x20000000                __sglue
 .data._impure_ptr
                0x2000000c        0x4 C:/ST/STM32CubeCLT_1.18.0/GNU-tools-for-STM32/bin/../lib/gcc/arm-none-eabi/13.3.1/../../../../arm-none-eabi/lib/thumb/v7e-m+fp/hard\libc_nano.a(libc_a-impure.o)
                0x2000000c                _impure_ptr
 .data._impure_data
                0x20000010       0x4c C:/ST/STM32CubeCLT_1.18.0/GNU-tools-for-STM32/bin/../lib/gcc/arm-none-eabi/13.3.1/../../../../arm-none-eabi/lib/thumb/v7e-m+fp/hard\libc_nano.a(libc_a-impure.o)
                0x20000010                _impure_data
 .data.uwTickPrio
                0x2000005c        0x4 CMakeFiles/TestRtos.dir/Drivers/STM32F4xx_HAL_Driver/Src/stm32f4xx_hal.c.obj
                0x2000005c                uwTickPrio
 .data.uwTickFreq
                0x20000060        0x1 CMakeFiles/TestRtos.dir/Drivers/STM32F4xx_HAL_Driver/Src/stm32f4xx_hal.c.obj
                0x20000060                uwTickFreq
 *fill*         0x20000061        0x3 
 .data.SystemCoreClock
                0x20000064        0x4 CMakeFiles/TestRtos.dir/Core/Src/system_stm32f4xx.c.obj
                0x20000064                SystemCoreClock
 .data.uxCriticalNesting
                0x20000068        0x4 CMakeFiles/TestRtos.dir/Middlewares/Third_Party/FreeRTOS/Source/portable/GCC/ARM_CM4F/port.c.obj
                0x2000006c                        . = ALIGN (0x4)
                0x2000006c                        _edata = .
                0x08006e58                        _siccmram = LOADADDR (.ccmram)

.igot.plt       0x2000006c        0x0 load address 0x08006e58
 .igot.plt      0x2000006c        0x0 C:/ST/STM32CubeCLT_1.18.0/GNU-tools-for-STM32/bin/../lib/gcc/arm-none-eabi/13.3.1/thumb/v7e-m+fp/hard/crtbegin.o

.ccmram         0x10000000        0x0 load address 0x08006e58
                0x10000000                        . = ALIGN (0x4)
                0x10000000                        _sccmram = .
 *(.ccmram)
 *(.ccmram*)
                0x10000000                        . = ALIGN (0x4)
                0x10000000                        _eccmram = .
                0x10000000                        . = ALIGN (0x4)

.bss            0x2000006c     0x4690
                0x2000006c                        _sbss = .
                0x2000006c                        __bss_start__ = _sbss
 *(.bss)
 .bss           0x2000006c       0x1c C:/ST/STM32CubeCLT_1.18.0/GNU-tools-for-STM32/bin/../lib/gcc/arm-none-eabi/13.3.1/thumb/v7e-m+fp/hard/crtbegin.o
 *(.bss*)
 .bss.__sf      0x20000088      0x138 C:/ST/STM32CubeCLT_1.18.0/GNU-tools-for-STM32/bin/../lib/gcc/arm-none-eabi/13.3.1/../../../../arm-none-eabi/lib/thumb/v7e-m+fp/hard\libc_nano.a(libc_a-findfp.o)
                0x20000088                __sf
 .bss.__stdio_exit_handler
                0x200001c0        0x4 C:/ST/STM32CubeCLT_1.18.0/GNU-tools-for-STM32/bin/../lib/gcc/arm-none-eabi/13.3.1/../../../../arm-none-eabi/lib/thumb/v7e-m+fp/hard\libc_nano.a(libc_a-findfp.o)
                0x200001c0                __stdio_exit_handler
 .bss.errno     0x200001c4        0x4 C:/ST/STM32CubeCLT_1.18.0/GNU-tools-for-STM32/bin/../lib/gcc/arm-none-eabi/13.3.1/../../../../arm-none-eabi/lib/thumb/v7e-m+fp/hard\libc_nano.a(libc_a-reent.o)
                0x200001c4                errno
 .bss.__lock___malloc_recursive_mutex
                0x200001c8        0x1 C:/ST/STM32CubeCLT_1.18.0/GNU-tools-for-STM32/bin/../lib/gcc/arm-none-eabi/13.3.1/../../../../arm-none-eabi/lib/thumb/v7e-m+fp/hard\libc_nano.a(libc_a-lock.o)
                0x200001c8                __lock___malloc_recursive_mutex
 .bss.__lock___sfp_recursive_mutex
                0x200001c9        0x1 C:/ST/STM32CubeCLT_1.18.0/GNU-tools-for-STM32/bin/../lib/gcc/arm-none-eabi/13.3.1/../../../../arm-none-eabi/lib/thumb/v7e-m+fp/hard\libc_nano.a(libc_a-lock.o)
                0x200001c9                __lock___sfp_recursive_mutex
 *fill*         0x200001ca        0x2 
 .bss.__malloc_sbrk_start
                0x200001cc        0x4 C:/ST/STM32CubeCLT_1.18.0/GNU-tools-for-STM32/bin/../lib/gcc/arm-none-eabi/13.3.1/../../../../arm-none-eabi/lib/thumb/v7e-m+fp/hard\libc_nano.a(libc_a-mallocr.o)
                0x200001cc                __malloc_sbrk_start
 .bss.__malloc_free_list
                0x200001d0        0x4 C:/ST/STM32CubeCLT_1.18.0/GNU-tools-for-STM32/bin/../lib/gcc/arm-none-eabi/13.3.1/../../../../arm-none-eabi/lib/thumb/v7e-m+fp/hard\libc_nano.a(libc_a-mallocr.o)
                0x200001d0                __malloc_free_list
 .bss.xNetworkEventQueue
                0x200001d4        0x4 CMakeFiles/TestRtos.dir/Core/Src/MainProgram/eventhandlingqueue.c.obj
                0x200001d4                xNetworkEventQueue
 .bss.huart3    0x200001d8       0x48 CMakeFiles/TestRtos.dir/Core/Src/driver.init.c.obj
                0x200001d8                huart3
 .bss.hpcd_USB_OTG_FS
                0x20000220      0x4e4 CMakeFiles/TestRtos.dir/Core/Src/driver.init.c.obj
                0x20000220                hpcd_USB_OTG_FS
 .bss.xIdleTaskTCBBuffer
                0x20000704       0x54 CMakeFiles/TestRtos.dir/Core/Src/freertos.c.obj
 .bss.xIdleStack
                0x20000758      0x200 CMakeFiles/TestRtos.dir/Core/Src/freertos.c.obj
 .bss.htim1     0x20000958       0x48 CMakeFiles/TestRtos.dir/Core/Src/stm32f4xx_hal_timebase_tim.c.obj
                0x20000958                htim1
 .bss.uwTick    0x200009a0        0x4 CMakeFiles/TestRtos.dir/Drivers/STM32F4xx_HAL_Driver/Src/stm32f4xx_hal.c.obj
                0x200009a0                uwTick
 .bss.pxCurrentTCB
                0x200009a4        0x4 CMakeFiles/TestRtos.dir/Middlewares/Third_Party/FreeRTOS/Source/tasks.c.obj
                0x200009a4                pxCurrentTCB
 .bss.pxReadyTasksLists
                0x200009a8       0x8c CMakeFiles/TestRtos.dir/Middlewares/Third_Party/FreeRTOS/Source/tasks.c.obj
 .bss.xDelayedTaskList1
                0x20000a34       0x14 CMakeFiles/TestRtos.dir/Middlewares/Third_Party/FreeRTOS/Source/tasks.c.obj
 .bss.xDelayedTaskList2
                0x20000a48       0x14 CMakeFiles/TestRtos.dir/Middlewares/Third_Party/FreeRTOS/Source/tasks.c.obj
 .bss.pxDelayedTaskList
                0x20000a5c        0x4 CMakeFiles/TestRtos.dir/Middlewares/Third_Party/FreeRTOS/Source/tasks.c.obj
 .bss.pxOverflowDelayedTaskList
                0x20000a60        0x4 CMakeFiles/TestRtos.dir/Middlewares/Third_Party/FreeRTOS/Source/tasks.c.obj
 .bss.xPendingReadyList
                0x20000a64       0x14 CMakeFiles/TestRtos.dir/Middlewares/Third_Party/FreeRTOS/Source/tasks.c.obj
 .bss.xTasksWaitingTermination
                0x20000a78       0x14 CMakeFiles/TestRtos.dir/Middlewares/Third_Party/FreeRTOS/Source/tasks.c.obj
 .bss.uxDeletedTasksWaitingCleanUp
                0x20000a8c        0x4 CMakeFiles/TestRtos.dir/Middlewares/Third_Party/FreeRTOS/Source/tasks.c.obj
 .bss.xSuspendedTaskList
                0x20000a90       0x14 CMakeFiles/TestRtos.dir/Middlewares/Third_Party/FreeRTOS/Source/tasks.c.obj
 .bss.uxCurrentNumberOfTasks
                0x20000aa4        0x4 CMakeFiles/TestRtos.dir/Middlewares/Third_Party/FreeRTOS/Source/tasks.c.obj
 .bss.xTickCount
                0x20000aa8        0x4 CMakeFiles/TestRtos.dir/Middlewares/Third_Party/FreeRTOS/Source/tasks.c.obj
 .bss.uxTopReadyPriority
                0x20000aac        0x4 CMakeFiles/TestRtos.dir/Middlewares/Third_Party/FreeRTOS/Source/tasks.c.obj
 .bss.xSchedulerRunning
                0x20000ab0        0x4 CMakeFiles/TestRtos.dir/Middlewares/Third_Party/FreeRTOS/Source/tasks.c.obj
 .bss.xPendedTicks
                0x20000ab4        0x4 CMakeFiles/TestRtos.dir/Middlewares/Third_Party/FreeRTOS/Source/tasks.c.obj
 .bss.xYieldPending
                0x20000ab8        0x4 CMakeFiles/TestRtos.dir/Middlewares/Third_Party/FreeRTOS/Source/tasks.c.obj
 .bss.xNumOfOverflows
                0x20000abc        0x4 CMakeFiles/TestRtos.dir/Middlewares/Third_Party/FreeRTOS/Source/tasks.c.obj
 .bss.uxTaskNumber
                0x20000ac0        0x4 CMakeFiles/TestRtos.dir/Middlewares/Third_Party/FreeRTOS/Source/tasks.c.obj
 .bss.xNextTaskUnblockTime
                0x20000ac4        0x4 CMakeFiles/TestRtos.dir/Middlewares/Third_Party/FreeRTOS/Source/tasks.c.obj
 .bss.xIdleTaskHandle
                0x20000ac8        0x4 CMakeFiles/TestRtos.dir/Middlewares/Third_Party/FreeRTOS/Source/tasks.c.obj
 .bss.uxSchedulerSuspended
                0x20000acc        0x4 CMakeFiles/TestRtos.dir/Middlewares/Third_Party/FreeRTOS/Source/tasks.c.obj
 .bss.ucHeap    0x20000ad0     0x3c00 CMakeFiles/TestRtos.dir/Middlewares/Third_Party/FreeRTOS/Source/portable/MemMang/heap_4.c.obj
 .bss.xStart    0x200046d0        0x8 CMakeFiles/TestRtos.dir/Middlewares/Third_Party/FreeRTOS/Source/portable/MemMang/heap_4.c.obj
 .bss.pxEnd     0x200046d8        0x4 CMakeFiles/TestRtos.dir/Middlewares/Third_Party/FreeRTOS/Source/portable/MemMang/heap_4.c.obj
 .bss.xFreeBytesRemaining
                0x200046dc        0x4 CMakeFiles/TestRtos.dir/Middlewares/Third_Party/FreeRTOS/Source/portable/MemMang/heap_4.c.obj
 .bss.xMinimumEverFreeBytesRemaining
                0x200046e0        0x4 CMakeFiles/TestRtos.dir/Middlewares/Third_Party/FreeRTOS/Source/portable/MemMang/heap_4.c.obj
 .bss.xNumberOfSuccessfulAllocations
                0x200046e4        0x4 CMakeFiles/TestRtos.dir/Middlewares/Third_Party/FreeRTOS/Source/portable/MemMang/heap_4.c.obj
 .bss.xNumberOfSuccessfulFrees
                0x200046e8        0x4 CMakeFiles/TestRtos.dir/Middlewares/Third_Party/FreeRTOS/Source/portable/MemMang/heap_4.c.obj
 .bss.xBlockAllocatedBit
                0x200046ec        0x4 CMakeFiles/TestRtos.dir/Middlewares/Third_Party/FreeRTOS/Source/portable/MemMang/heap_4.c.obj
 .bss.ucMaxSysCallPriority
                0x200046f0        0x1 CMakeFiles/TestRtos.dir/Middlewares/Third_Party/FreeRTOS/Source/portable/GCC/ARM_CM4F/port.c.obj
 *fill*         0x200046f1        0x3 
 .bss.ulMaxPRIGROUPValue
                0x200046f4        0x4 CMakeFiles/TestRtos.dir/Middlewares/Third_Party/FreeRTOS/Source/portable/GCC/ARM_CM4F/port.c.obj
 .bss.__sbrk_heap_end
                0x200046f8        0x4 CMakeFiles/TestRtos.dir/Core/Src/sysmem.c.obj
 *(COMMON)
                0x200046fc                        . = ALIGN (0x4)
                0x200046fc                        _ebss = .
                0x200046fc                        __bss_end__ = _ebss

._user_heap_stack
                0x200046fc      0x604
                0x20004700                        . = ALIGN (0x8)
 *fill*         0x200046fc        0x4 
                [!provide]                        PROVIDE (end = .)
                0x20004700                        PROVIDE (_end = .)
                0x20004900                        . = (. + _Min_Heap_Size)
 *fill*         0x20004700      0x200 
                0x20004d00                        . = (. + _Min_Stack_Size)
 *fill*         0x20004900      0x400 
                0x20004d00                        . = ALIGN (0x8)

/DISCARD/
 libc.a(*)
 libm.a(*)
 libgcc.a(*)
OUTPUT(TestRtos.elf elf32-littlearm)
LOAD linker stubs
LOAD C:/ST/STM32CubeCLT_1.18.0/GNU-tools-for-STM32/bin/../lib/gcc/arm-none-eabi/13.3.1/../../../../arm-none-eabi/lib/thumb/v7e-m+fp/hard\libc.a
LOAD C:/ST/STM32CubeCLT_1.18.0/GNU-tools-for-STM32/bin/../lib/gcc/arm-none-eabi/13.3.1/../../../../arm-none-eabi/lib/thumb/v7e-m+fp/hard\libm.a
LOAD C:/ST/STM32CubeCLT_1.18.0/GNU-tools-for-STM32/bin/../lib/gcc/arm-none-eabi/13.3.1/thumb/v7e-m+fp/hard\libgcc.a

.ARM.attributes
                0x00000000       0x30
 .ARM.attributes
                0x00000000       0x22 C:/ST/STM32CubeCLT_1.18.0/GNU-tools-for-STM32/bin/../lib/gcc/arm-none-eabi/13.3.1/thumb/v7e-m+fp/hard/crti.o
 .ARM.attributes
                0x00000022       0x34 C:/ST/STM32CubeCLT_1.18.0/GNU-tools-for-STM32/bin/../lib/gcc/arm-none-eabi/13.3.1/thumb/v7e-m+fp/hard/crtbegin.o
 .ARM.attributes
                0x00000056       0x34 C:/ST/STM32CubeCLT_1.18.0/GNU-tools-for-STM32/bin/../lib/gcc/arm-none-eabi/13.3.1/../../../../arm-none-eabi/lib/thumb/v7e-m+fp/hard\libc_nano.a(libc_a-findfp.o)
 .ARM.attributes
                0x0000008a       0x34 C:/ST/STM32CubeCLT_1.18.0/GNU-tools-for-STM32/bin/../lib/gcc/arm-none-eabi/13.3.1/../../../../arm-none-eabi/lib/thumb/v7e-m+fp/hard\libc_nano.a(libc_a-fwalk.o)
 .ARM.attributes
                0x000000be       0x34 C:/ST/STM32CubeCLT_1.18.0/GNU-tools-for-STM32/bin/../lib/gcc/arm-none-eabi/13.3.1/../../../../arm-none-eabi/lib/thumb/v7e-m+fp/hard\libc_nano.a(libc_a-stdio.o)
 .ARM.attributes
                0x000000f2       0x34 C:/ST/STM32CubeCLT_1.18.0/GNU-tools-for-STM32/bin/../lib/gcc/arm-none-eabi/13.3.1/../../../../arm-none-eabi/lib/thumb/v7e-m+fp/hard\libc_nano.a(libc_a-memset.o)
 .ARM.attributes
                0x00000126       0x34 C:/ST/STM32CubeCLT_1.18.0/GNU-tools-for-STM32/bin/../lib/gcc/arm-none-eabi/13.3.1/../../../../arm-none-eabi/lib/thumb/v7e-m+fp/hard\libc_nano.a(libc_a-closer.o)
 .ARM.attributes
                0x0000015a       0x34 C:/ST/STM32CubeCLT_1.18.0/GNU-tools-for-STM32/bin/../lib/gcc/arm-none-eabi/13.3.1/../../../../arm-none-eabi/lib/thumb/v7e-m+fp/hard\libc_nano.a(libc_a-reent.o)
 .ARM.attributes
                0x0000018e       0x34 C:/ST/STM32CubeCLT_1.18.0/GNU-tools-for-STM32/bin/../lib/gcc/arm-none-eabi/13.3.1/../../../../arm-none-eabi/lib/thumb/v7e-m+fp/hard\libc_nano.a(libc_a-impure.o)
 .ARM.attributes
                0x000001c2       0x34 C:/ST/STM32CubeCLT_1.18.0/GNU-tools-for-STM32/bin/../lib/gcc/arm-none-eabi/13.3.1/../../../../arm-none-eabi/lib/thumb/v7e-m+fp/hard\libc_nano.a(libc_a-lseekr.o)
 .ARM.attributes
                0x000001f6       0x34 C:/ST/STM32CubeCLT_1.18.0/GNU-tools-for-STM32/bin/../lib/gcc/arm-none-eabi/13.3.1/../../../../arm-none-eabi/lib/thumb/v7e-m+fp/hard\libc_nano.a(libc_a-readr.o)
 .ARM.attributes
                0x0000022a       0x34 C:/ST/STM32CubeCLT_1.18.0/GNU-tools-for-STM32/bin/../lib/gcc/arm-none-eabi/13.3.1/../../../../arm-none-eabi/lib/thumb/v7e-m+fp/hard\libc_nano.a(libc_a-writer.o)
 .ARM.attributes
                0x0000025e       0x34 C:/ST/STM32CubeCLT_1.18.0/GNU-tools-for-STM32/bin/../lib/gcc/arm-none-eabi/13.3.1/../../../../arm-none-eabi/lib/thumb/v7e-m+fp/hard\libc_nano.a(libc_a-init.o)
 .ARM.attributes
                0x00000292       0x34 C:/ST/STM32CubeCLT_1.18.0/GNU-tools-for-STM32/bin/../lib/gcc/arm-none-eabi/13.3.1/../../../../arm-none-eabi/lib/thumb/v7e-m+fp/hard\libc_nano.a(libc_a-lock.o)
 .ARM.attributes
                0x000002c6       0x34 C:/ST/STM32CubeCLT_1.18.0/GNU-tools-for-STM32/bin/../lib/gcc/arm-none-eabi/13.3.1/../../../../arm-none-eabi/lib/thumb/v7e-m+fp/hard\libc_nano.a(libc_a-freer.o)
 .ARM.attributes
                0x000002fa       0x34 C:/ST/STM32CubeCLT_1.18.0/GNU-tools-for-STM32/bin/../lib/gcc/arm-none-eabi/13.3.1/../../../../arm-none-eabi/lib/thumb/v7e-m+fp/hard\libc_nano.a(libc_a-mallocr.o)
 .ARM.attributes
                0x0000032e       0x34 C:/ST/STM32CubeCLT_1.18.0/GNU-tools-for-STM32/bin/../lib/gcc/arm-none-eabi/13.3.1/../../../../arm-none-eabi/lib/thumb/v7e-m+fp/hard\libc_nano.a(libc_a-mlock.o)
 .ARM.attributes
                0x00000362       0x34 C:/ST/STM32CubeCLT_1.18.0/GNU-tools-for-STM32/bin/../lib/gcc/arm-none-eabi/13.3.1/../../../../arm-none-eabi/lib/thumb/v7e-m+fp/hard\libc_nano.a(libc_a-fflush.o)
 .ARM.attributes
                0x00000396       0x34 C:/ST/STM32CubeCLT_1.18.0/GNU-tools-for-STM32/bin/../lib/gcc/arm-none-eabi/13.3.1/../../../../arm-none-eabi/lib/thumb/v7e-m+fp/hard\libc_nano.a(libc_a-sbrkr.o)
 .ARM.attributes
                0x000003ca       0x34 CMakeFiles/TestRtos.dir/Core/Src/MainProgram/eventhandlingqueue.c.obj
 .ARM.attributes
                0x000003fe       0x34 CMakeFiles/TestRtos.dir/Core/Src/driver.init.c.obj
 .ARM.attributes
                0x00000432       0x34 CMakeFiles/TestRtos.dir/Core/Src/freertos.c.obj
 .ARM.attributes
                0x00000466       0x34 CMakeFiles/TestRtos.dir/Core/Src/stm32f4xx_it.c.obj
 .ARM.attributes
                0x0000049a       0x34 CMakeFiles/TestRtos.dir/Core/Src/stm32f4xx_hal_msp.c.obj
 .ARM.attributes
                0x000004ce       0x34 CMakeFiles/TestRtos.dir/Core/Src/stm32f4xx_hal_timebase_tim.c.obj
 .ARM.attributes
                0x00000502       0x34 CMakeFiles/TestRtos.dir/Drivers/STM32F4xx_HAL_Driver/Src/stm32f4xx_hal_tim.c.obj
 .ARM.attributes
                0x00000536       0x34 CMakeFiles/TestRtos.dir/Drivers/STM32F4xx_HAL_Driver/Src/stm32f4xx_hal_tim_ex.c.obj
 .ARM.attributes
                0x0000056a       0x34 CMakeFiles/TestRtos.dir/Drivers/STM32F4xx_HAL_Driver/Src/stm32f4xx_hal_rcc.c.obj
 .ARM.attributes
                0x0000059e       0x34 CMakeFiles/TestRtos.dir/Drivers/STM32F4xx_HAL_Driver/Src/stm32f4xx_hal_gpio.c.obj
 .ARM.attributes
                0x000005d2       0x34 CMakeFiles/TestRtos.dir/Drivers/STM32F4xx_HAL_Driver/Src/stm32f4xx_hal_cortex.c.obj
 .ARM.attributes
                0x00000606       0x34 CMakeFiles/TestRtos.dir/Drivers/STM32F4xx_HAL_Driver/Src/stm32f4xx_hal.c.obj
 .ARM.attributes
                0x0000063a       0x34 CMakeFiles/TestRtos.dir/Drivers/STM32F4xx_HAL_Driver/Src/stm32f4xx_hal_uart.c.obj
 .ARM.attributes
                0x0000066e       0x34 CMakeFiles/TestRtos.dir/Drivers/STM32F4xx_HAL_Driver/Src/stm32f4xx_hal_pcd.c.obj
 .ARM.attributes
                0x000006a2       0x34 CMakeFiles/TestRtos.dir/Drivers/STM32F4xx_HAL_Driver/Src/stm32f4xx_ll_usb.c.obj
 .ARM.attributes
                0x000006d6       0x34 CMakeFiles/TestRtos.dir/Core/Src/system_stm32f4xx.c.obj
 .ARM.attributes
                0x0000070a       0x34 CMakeFiles/TestRtos.dir/Middlewares/Third_Party/FreeRTOS/Source/list.c.obj
 .ARM.attributes
                0x0000073e       0x34 CMakeFiles/TestRtos.dir/Middlewares/Third_Party/FreeRTOS/Source/queue.c.obj
 .ARM.attributes
                0x00000772       0x34 CMakeFiles/TestRtos.dir/Middlewares/Third_Party/FreeRTOS/Source/tasks.c.obj
 .ARM.attributes
                0x000007a6       0x34 CMakeFiles/TestRtos.dir/Middlewares/Third_Party/FreeRTOS/Source/portable/MemMang/heap_4.c.obj
 .ARM.attributes
                0x000007da       0x34 CMakeFiles/TestRtos.dir/Middlewares/Third_Party/FreeRTOS/Source/portable/GCC/ARM_CM4F/port.c.obj
 .ARM.attributes
                0x0000080e       0x34 CMakeFiles/TestRtos.dir/Core/Src/sysmem.c.obj
 .ARM.attributes
                0x00000842       0x34 CMakeFiles/TestRtos.dir/Core/Src/syscalls.c.obj
 .ARM.attributes
                0x00000876       0x21 CMakeFiles/TestRtos.dir/startup_stm32f429xx.s.obj
 .ARM.attributes
                0x00000897       0x22 C:/ST/STM32CubeCLT_1.18.0/GNU-tools-for-STM32/bin/../lib/gcc/arm-none-eabi/13.3.1/thumb/v7e-m+fp/hard\libgcc.a(_aeabi_uldivmod.o)
 .ARM.attributes
                0x000008b9       0x34 C:/ST/STM32CubeCLT_1.18.0/GNU-tools-for-STM32/bin/../lib/gcc/arm-none-eabi/13.3.1/thumb/v7e-m+fp/hard\libgcc.a(_udivmoddi4.o)
 .ARM.attributes
                0x000008ed       0x22 C:/ST/STM32CubeCLT_1.18.0/GNU-tools-for-STM32/bin/../lib/gcc/arm-none-eabi/13.3.1/thumb/v7e-m+fp/hard\libgcc.a(_dvmd_tls.o)
 .ARM.attributes
                0x0000090f       0x34 C:/ST/STM32CubeCLT_1.18.0/GNU-tools-for-STM32/bin/../lib/gcc/arm-none-eabi/13.3.1/../../../../arm-none-eabi/lib/thumb/v7e-m+fp/hard\libg_nano.a(libc_a-printf.o)
 .ARM.attributes
                0x00000943       0x34 C:/ST/STM32CubeCLT_1.18.0/GNU-tools-for-STM32/bin/../lib/gcc/arm-none-eabi/13.3.1/../../../../arm-none-eabi/lib/thumb/v7e-m+fp/hard\libg_nano.a(libc_a-puts.o)
 .ARM.attributes
                0x00000977       0x34 C:/ST/STM32CubeCLT_1.18.0/GNU-tools-for-STM32/bin/../lib/gcc/arm-none-eabi/13.3.1/../../../../arm-none-eabi/lib/thumb/v7e-m+fp/hard\libg_nano.a(libc_a-snprintf.o)
 .ARM.attributes
                0x000009ab       0x34 C:/ST/STM32CubeCLT_1.18.0/GNU-tools-for-STM32/bin/../lib/gcc/arm-none-eabi/13.3.1/../../../../arm-none-eabi/lib/thumb/v7e-m+fp/hard\libg_nano.a(libc_a-wbuf.o)
 .ARM.attributes
                0x000009df       0x34 C:/ST/STM32CubeCLT_1.18.0/GNU-tools-for-STM32/bin/../lib/gcc/arm-none-eabi/13.3.1/../../../../arm-none-eabi/lib/thumb/v7e-m+fp/hard\libg_nano.a(libc_a-wsetup.o)
 .ARM.attributes
                0x00000a13       0x34 C:/ST/STM32CubeCLT_1.18.0/GNU-tools-for-STM32/bin/../lib/gcc/arm-none-eabi/13.3.1/../../../../arm-none-eabi/lib/thumb/v7e-m+fp/hard\libg_nano.a(libc_a-errno.o)
 .ARM.attributes
                0x00000a47       0x34 C:/ST/STM32CubeCLT_1.18.0/GNU-tools-for-STM32/bin/../lib/gcc/arm-none-eabi/13.3.1/../../../../arm-none-eabi/lib/thumb/v7e-m+fp/hard\libg_nano.a(libc_a-memcpy-stub.o)
 .ARM.attributes
                0x00000a7b       0x17 C:/ST/STM32CubeCLT_1.18.0/GNU-tools-for-STM32/bin/../lib/gcc/arm-none-eabi/13.3.1/../../../../arm-none-eabi/lib/thumb/v7e-m+fp/hard\libg_nano.a(libc_a-strlen.o)
 .ARM.attributes
                0x00000a92       0x34 C:/ST/STM32CubeCLT_1.18.0/GNU-tools-for-STM32/bin/../lib/gcc/arm-none-eabi/13.3.1/../../../../arm-none-eabi/lib/thumb/v7e-m+fp/hard\libg_nano.a(libc_a-nano-svfprintf.o)
 .ARM.attributes
                0x00000ac6       0x34 C:/ST/STM32CubeCLT_1.18.0/GNU-tools-for-STM32/bin/../lib/gcc/arm-none-eabi/13.3.1/../../../../arm-none-eabi/lib/thumb/v7e-m+fp/hard\libg_nano.a(libc_a-nano-vfprintf.o)
 .ARM.attributes
                0x00000afa       0x34 C:/ST/STM32CubeCLT_1.18.0/GNU-tools-for-STM32/bin/../lib/gcc/arm-none-eabi/13.3.1/../../../../arm-none-eabi/lib/thumb/v7e-m+fp/hard\libg_nano.a(libc_a-nano-vfprintf_i.o)
 .ARM.attributes
                0x00000b2e       0x34 C:/ST/STM32CubeCLT_1.18.0/GNU-tools-for-STM32/bin/../lib/gcc/arm-none-eabi/13.3.1/../../../../arm-none-eabi/lib/thumb/v7e-m+fp/hard\libg_nano.a(libc_a-makebuf.o)
 .ARM.attributes
                0x00000b62       0x34 C:/ST/STM32CubeCLT_1.18.0/GNU-tools-for-STM32/bin/../lib/gcc/arm-none-eabi/13.3.1/../../../../arm-none-eabi/lib/thumb/v7e-m+fp/hard\libg_nano.a(libc_a-memmove.o)
 .ARM.attributes
                0x00000b96       0x34 C:/ST/STM32CubeCLT_1.18.0/GNU-tools-for-STM32/bin/../lib/gcc/arm-none-eabi/13.3.1/../../../../arm-none-eabi/lib/thumb/v7e-m+fp/hard\libg_nano.a(libc_a-fstatr.o)
 .ARM.attributes
                0x00000bca       0x34 C:/ST/STM32CubeCLT_1.18.0/GNU-tools-for-STM32/bin/../lib/gcc/arm-none-eabi/13.3.1/../../../../arm-none-eabi/lib/thumb/v7e-m+fp/hard\libg_nano.a(libc_a-isattyr.o)
 .ARM.attributes
                0x00000bfe       0x1c C:/ST/STM32CubeCLT_1.18.0/GNU-tools-for-STM32/bin/../lib/gcc/arm-none-eabi/13.3.1/../../../../arm-none-eabi/lib/thumb/v7e-m+fp/hard\libg_nano.a(libc_a-memchr.o)
 .ARM.attributes
                0x00000c1a       0x34 C:/ST/STM32CubeCLT_1.18.0/GNU-tools-for-STM32/bin/../lib/gcc/arm-none-eabi/13.3.1/../../../../arm-none-eabi/lib/thumb/v7e-m+fp/hard\libg_nano.a(libc_a-reallocr.o)
 .ARM.attributes
                0x00000c4e       0x34 C:/ST/STM32CubeCLT_1.18.0/GNU-tools-for-STM32/bin/../lib/gcc/arm-none-eabi/13.3.1/../../../../arm-none-eabi/lib/thumb/v7e-m+fp/hard\libg_nano.a(libc_a-msizer.o)
 .ARM.attributes
                0x00000c82       0x22 C:/ST/STM32CubeCLT_1.18.0/GNU-tools-for-STM32/bin/../lib/gcc/arm-none-eabi/13.3.1/thumb/v7e-m+fp/hard/crtn.o

.comment        0x00000000       0x43
 .comment       0x00000000       0x43 CMakeFiles/TestRtos.dir/Core/Src/MainProgram/eventhandlingqueue.c.obj
                                 0x44 (size before relaxing)
 .comment       0x00000043       0x44 CMakeFiles/TestRtos.dir/Core/Src/driver.init.c.obj
 .comment       0x00000043       0x44 CMakeFiles/TestRtos.dir/Core/Src/freertos.c.obj
 .comment       0x00000043       0x44 CMakeFiles/TestRtos.dir/Core/Src/stm32f4xx_it.c.obj
 .comment       0x00000043       0x44 CMakeFiles/TestRtos.dir/Core/Src/stm32f4xx_hal_msp.c.obj
 .comment       0x00000043       0x44 CMakeFiles/TestRtos.dir/Core/Src/stm32f4xx_hal_timebase_tim.c.obj
 .comment       0x00000043       0x44 CMakeFiles/TestRtos.dir/Drivers/STM32F4xx_HAL_Driver/Src/stm32f4xx_hal_tim.c.obj
 .comment       0x00000043       0x44 CMakeFiles/TestRtos.dir/Drivers/STM32F4xx_HAL_Driver/Src/stm32f4xx_hal_tim_ex.c.obj
 .comment       0x00000043       0x44 CMakeFiles/TestRtos.dir/Drivers/STM32F4xx_HAL_Driver/Src/stm32f4xx_hal_rcc.c.obj
 .comment       0x00000043       0x44 CMakeFiles/TestRtos.dir/Drivers/STM32F4xx_HAL_Driver/Src/stm32f4xx_hal_gpio.c.obj
 .comment       0x00000043       0x44 CMakeFiles/TestRtos.dir/Drivers/STM32F4xx_HAL_Driver/Src/stm32f4xx_hal_cortex.c.obj
 .comment       0x00000043       0x44 CMakeFiles/TestRtos.dir/Drivers/STM32F4xx_HAL_Driver/Src/stm32f4xx_hal.c.obj
 .comment       0x00000043       0x44 CMakeFiles/TestRtos.dir/Drivers/STM32F4xx_HAL_Driver/Src/stm32f4xx_hal_uart.c.obj
 .comment       0x00000043       0x44 CMakeFiles/TestRtos.dir/Drivers/STM32F4xx_HAL_Driver/Src/stm32f4xx_hal_pcd.c.obj
 .comment       0x00000043       0x44 CMakeFiles/TestRtos.dir/Drivers/STM32F4xx_HAL_Driver/Src/stm32f4xx_ll_usb.c.obj
 .comment       0x00000043       0x44 CMakeFiles/TestRtos.dir/Core/Src/system_stm32f4xx.c.obj
 .comment       0x00000043       0x44 CMakeFiles/TestRtos.dir/Middlewares/Third_Party/FreeRTOS/Source/list.c.obj
 .comment       0x00000043       0x44 CMakeFiles/TestRtos.dir/Middlewares/Third_Party/FreeRTOS/Source/queue.c.obj
 .comment       0x00000043       0x44 CMakeFiles/TestRtos.dir/Middlewares/Third_Party/FreeRTOS/Source/tasks.c.obj
 .comment       0x00000043       0x44 CMakeFiles/TestRtos.dir/Middlewares/Third_Party/FreeRTOS/Source/portable/MemMang/heap_4.c.obj
 .comment       0x00000043       0x44 CMakeFiles/TestRtos.dir/Middlewares/Third_Party/FreeRTOS/Source/portable/GCC/ARM_CM4F/port.c.obj
 .comment       0x00000043       0x44 CMakeFiles/TestRtos.dir/Core/Src/sysmem.c.obj
 .comment       0x00000043       0x44 CMakeFiles/TestRtos.dir/Core/Src/syscalls.c.obj
 .comment       0x00000043       0x44 C:/ST/STM32CubeCLT_1.18.0/GNU-tools-for-STM32/bin/../lib/gcc/arm-none-eabi/13.3.1/../../../../arm-none-eabi/lib/thumb/v7e-m+fp/hard\libg_nano.a(libc_a-printf.o)
 .comment       0x00000043       0x44 C:/ST/STM32CubeCLT_1.18.0/GNU-tools-for-STM32/bin/../lib/gcc/arm-none-eabi/13.3.1/../../../../arm-none-eabi/lib/thumb/v7e-m+fp/hard\libg_nano.a(libc_a-puts.o)
 .comment       0x00000043       0x44 C:/ST/STM32CubeCLT_1.18.0/GNU-tools-for-STM32/bin/../lib/gcc/arm-none-eabi/13.3.1/../../../../arm-none-eabi/lib/thumb/v7e-m+fp/hard\libg_nano.a(libc_a-snprintf.o)
 .comment       0x00000043       0x44 C:/ST/STM32CubeCLT_1.18.0/GNU-tools-for-STM32/bin/../lib/gcc/arm-none-eabi/13.3.1/../../../../arm-none-eabi/lib/thumb/v7e-m+fp/hard\libg_nano.a(libc_a-wbuf.o)
 .comment       0x00000043       0x44 C:/ST/STM32CubeCLT_1.18.0/GNU-tools-for-STM32/bin/../lib/gcc/arm-none-eabi/13.3.1/../../../../arm-none-eabi/lib/thumb/v7e-m+fp/hard\libg_nano.a(libc_a-wsetup.o)
 .comment       0x00000043       0x44 C:/ST/STM32CubeCLT_1.18.0/GNU-tools-for-STM32/bin/../lib/gcc/arm-none-eabi/13.3.1/../../../../arm-none-eabi/lib/thumb/v7e-m+fp/hard\libg_nano.a(libc_a-errno.o)
 .comment       0x00000043       0x44 C:/ST/STM32CubeCLT_1.18.0/GNU-tools-for-STM32/bin/../lib/gcc/arm-none-eabi/13.3.1/../../../../arm-none-eabi/lib/thumb/v7e-m+fp/hard\libg_nano.a(libc_a-memcpy-stub.o)
 .comment       0x00000043       0x44 C:/ST/STM32CubeCLT_1.18.0/GNU-tools-for-STM32/bin/../lib/gcc/arm-none-eabi/13.3.1/../../../../arm-none-eabi/lib/thumb/v7e-m+fp/hard\libg_nano.a(libc_a-nano-svfprintf.o)
 .comment       0x00000043       0x44 C:/ST/STM32CubeCLT_1.18.0/GNU-tools-for-STM32/bin/../lib/gcc/arm-none-eabi/13.3.1/../../../../arm-none-eabi/lib/thumb/v7e-m+fp/hard\libg_nano.a(libc_a-nano-vfprintf.o)
 .comment       0x00000043       0x44 C:/ST/STM32CubeCLT_1.18.0/GNU-tools-for-STM32/bin/../lib/gcc/arm-none-eabi/13.3.1/../../../../arm-none-eabi/lib/thumb/v7e-m+fp/hard\libg_nano.a(libc_a-nano-vfprintf_i.o)
 .comment       0x00000043       0x44 C:/ST/STM32CubeCLT_1.18.0/GNU-tools-for-STM32/bin/../lib/gcc/arm-none-eabi/13.3.1/../../../../arm-none-eabi/lib/thumb/v7e-m+fp/hard\libg_nano.a(libc_a-makebuf.o)
 .comment       0x00000043       0x44 C:/ST/STM32CubeCLT_1.18.0/GNU-tools-for-STM32/bin/../lib/gcc/arm-none-eabi/13.3.1/../../../../arm-none-eabi/lib/thumb/v7e-m+fp/hard\libg_nano.a(libc_a-memmove.o)
 .comment       0x00000043       0x44 C:/ST/STM32CubeCLT_1.18.0/GNU-tools-for-STM32/bin/../lib/gcc/arm-none-eabi/13.3.1/../../../../arm-none-eabi/lib/thumb/v7e-m+fp/hard\libg_nano.a(libc_a-fstatr.o)
 .comment       0x00000043       0x44 C:/ST/STM32CubeCLT_1.18.0/GNU-tools-for-STM32/bin/../lib/gcc/arm-none-eabi/13.3.1/../../../../arm-none-eabi/lib/thumb/v7e-m+fp/hard\libg_nano.a(libc_a-isattyr.o)
 .comment       0x00000043       0x44 C:/ST/STM32CubeCLT_1.18.0/GNU-tools-for-STM32/bin/../lib/gcc/arm-none-eabi/13.3.1/../../../../arm-none-eabi/lib/thumb/v7e-m+fp/hard\libg_nano.a(libc_a-reallocr.o)
 .comment       0x00000043       0x44 C:/ST/STM32CubeCLT_1.18.0/GNU-tools-for-STM32/bin/../lib/gcc/arm-none-eabi/13.3.1/../../../../arm-none-eabi/lib/thumb/v7e-m+fp/hard\libg_nano.a(libc_a-msizer.o)

.debug_frame    0x00000000     0x5c5c
 .debug_frame   0x00000000      0x144 C:/ST/STM32CubeCLT_1.18.0/GNU-tools-for-STM32/bin/../lib/gcc/arm-none-eabi/13.3.1/../../../../arm-none-eabi/lib/thumb/v7e-m+fp/hard\libc_nano.a(libc_a-findfp.o)
 .debug_frame   0x00000144       0x34 C:/ST/STM32CubeCLT_1.18.0/GNU-tools-for-STM32/bin/../lib/gcc/arm-none-eabi/13.3.1/../../../../arm-none-eabi/lib/thumb/v7e-m+fp/hard\libc_nano.a(libc_a-fwalk.o)
 .debug_frame   0x00000178       0x88 C:/ST/STM32CubeCLT_1.18.0/GNU-tools-for-STM32/bin/../lib/gcc/arm-none-eabi/13.3.1/../../../../arm-none-eabi/lib/thumb/v7e-m+fp/hard\libc_nano.a(libc_a-stdio.o)
 .debug_frame   0x00000200       0x20 C:/ST/STM32CubeCLT_1.18.0/GNU-tools-for-STM32/bin/../lib/gcc/arm-none-eabi/13.3.1/../../../../arm-none-eabi/lib/thumb/v7e-m+fp/hard\libc_nano.a(libc_a-memset.o)
 .debug_frame   0x00000220       0x2c C:/ST/STM32CubeCLT_1.18.0/GNU-tools-for-STM32/bin/../lib/gcc/arm-none-eabi/13.3.1/../../../../arm-none-eabi/lib/thumb/v7e-m+fp/hard\libc_nano.a(libc_a-closer.o)
 .debug_frame   0x0000024c       0x38 C:/ST/STM32CubeCLT_1.18.0/GNU-tools-for-STM32/bin/../lib/gcc/arm-none-eabi/13.3.1/../../../../arm-none-eabi/lib/thumb/v7e-m+fp/hard\libc_nano.a(libc_a-reent.o)
 .debug_frame   0x00000284       0x2c C:/ST/STM32CubeCLT_1.18.0/GNU-tools-for-STM32/bin/../lib/gcc/arm-none-eabi/13.3.1/../../../../arm-none-eabi/lib/thumb/v7e-m+fp/hard\libc_nano.a(libc_a-lseekr.o)
 .debug_frame   0x000002b0       0x2c C:/ST/STM32CubeCLT_1.18.0/GNU-tools-for-STM32/bin/../lib/gcc/arm-none-eabi/13.3.1/../../../../arm-none-eabi/lib/thumb/v7e-m+fp/hard\libc_nano.a(libc_a-readr.o)
 .debug_frame   0x000002dc       0x2c C:/ST/STM32CubeCLT_1.18.0/GNU-tools-for-STM32/bin/../lib/gcc/arm-none-eabi/13.3.1/../../../../arm-none-eabi/lib/thumb/v7e-m+fp/hard\libc_nano.a(libc_a-writer.o)
 .debug_frame   0x00000308       0x2c C:/ST/STM32CubeCLT_1.18.0/GNU-tools-for-STM32/bin/../lib/gcc/arm-none-eabi/13.3.1/../../../../arm-none-eabi/lib/thumb/v7e-m+fp/hard\libc_nano.a(libc_a-init.o)
 .debug_frame   0x00000334       0xb0 C:/ST/STM32CubeCLT_1.18.0/GNU-tools-for-STM32/bin/../lib/gcc/arm-none-eabi/13.3.1/../../../../arm-none-eabi/lib/thumb/v7e-m+fp/hard\libc_nano.a(libc_a-lock.o)
 .debug_frame   0x000003e4       0x38 C:/ST/STM32CubeCLT_1.18.0/GNU-tools-for-STM32/bin/../lib/gcc/arm-none-eabi/13.3.1/../../../../arm-none-eabi/lib/thumb/v7e-m+fp/hard\libc_nano.a(libc_a-freer.o)
 .debug_frame   0x0000041c       0x50 C:/ST/STM32CubeCLT_1.18.0/GNU-tools-for-STM32/bin/../lib/gcc/arm-none-eabi/13.3.1/../../../../arm-none-eabi/lib/thumb/v7e-m+fp/hard\libc_nano.a(libc_a-mallocr.o)
 .debug_frame   0x0000046c       0x30 C:/ST/STM32CubeCLT_1.18.0/GNU-tools-for-STM32/bin/../lib/gcc/arm-none-eabi/13.3.1/../../../../arm-none-eabi/lib/thumb/v7e-m+fp/hard\libc_nano.a(libc_a-mlock.o)
 .debug_frame   0x0000049c       0x5c C:/ST/STM32CubeCLT_1.18.0/GNU-tools-for-STM32/bin/../lib/gcc/arm-none-eabi/13.3.1/../../../../arm-none-eabi/lib/thumb/v7e-m+fp/hard\libc_nano.a(libc_a-fflush.o)
 .debug_frame   0x000004f8       0x2c C:/ST/STM32CubeCLT_1.18.0/GNU-tools-for-STM32/bin/../lib/gcc/arm-none-eabi/13.3.1/../../../../arm-none-eabi/lib/thumb/v7e-m+fp/hard\libc_nano.a(libc_a-sbrkr.o)
 .debug_frame   0x00000524       0xf4 CMakeFiles/TestRtos.dir/Core/Src/MainProgram/eventhandlingqueue.c.obj
 .debug_frame   0x00000618      0x114 CMakeFiles/TestRtos.dir/Core/Src/driver.init.c.obj
 .debug_frame   0x0000072c       0x38 CMakeFiles/TestRtos.dir/Core/Src/freertos.c.obj
 .debug_frame   0x00000764       0xc4 CMakeFiles/TestRtos.dir/Core/Src/stm32f4xx_it.c.obj
 .debug_frame   0x00000828      0x10c CMakeFiles/TestRtos.dir/Core/Src/stm32f4xx_hal_msp.c.obj
 .debug_frame   0x00000934       0x74 CMakeFiles/TestRtos.dir/Core/Src/stm32f4xx_hal_timebase_tim.c.obj
 .debug_frame   0x000009a8     0x11c0 CMakeFiles/TestRtos.dir/Drivers/STM32F4xx_HAL_Driver/Src/stm32f4xx_hal_tim.c.obj
 .debug_frame   0x00001b68      0x638 CMakeFiles/TestRtos.dir/Drivers/STM32F4xx_HAL_Driver/Src/stm32f4xx_hal_tim_ex.c.obj
 .debug_frame   0x000021a0      0x1f4 CMakeFiles/TestRtos.dir/Drivers/STM32F4xx_HAL_Driver/Src/stm32f4xx_hal_rcc.c.obj
 .debug_frame   0x00002394      0x14c CMakeFiles/TestRtos.dir/Drivers/STM32F4xx_HAL_Driver/Src/stm32f4xx_hal_gpio.c.obj
 .debug_frame   0x000024e0      0x508 CMakeFiles/TestRtos.dir/Drivers/STM32F4xx_HAL_Driver/Src/stm32f4xx_hal_cortex.c.obj
 .debug_frame   0x000029e8      0x3b4 CMakeFiles/TestRtos.dir/Drivers/STM32F4xx_HAL_Driver/Src/stm32f4xx_hal.c.obj
 .debug_frame   0x00002d9c      0x954 CMakeFiles/TestRtos.dir/Drivers/STM32F4xx_HAL_Driver/Src/stm32f4xx_hal_uart.c.obj
 .debug_frame   0x000036f0      0x5b8 CMakeFiles/TestRtos.dir/Drivers/STM32F4xx_HAL_Driver/Src/stm32f4xx_hal_pcd.c.obj
 .debug_frame   0x00003ca8      0x7c0 CMakeFiles/TestRtos.dir/Drivers/STM32F4xx_HAL_Driver/Src/stm32f4xx_ll_usb.c.obj
 .debug_frame   0x00004468       0x58 CMakeFiles/TestRtos.dir/Core/Src/system_stm32f4xx.c.obj
 .debug_frame   0x000044c0       0xd8 CMakeFiles/TestRtos.dir/Middlewares/Third_Party/FreeRTOS/Source/list.c.obj
 .debug_frame   0x00004598      0x46c CMakeFiles/TestRtos.dir/Middlewares/Third_Party/FreeRTOS/Source/queue.c.obj
 .debug_frame   0x00004a04      0x7a0 CMakeFiles/TestRtos.dir/Middlewares/Third_Party/FreeRTOS/Source/tasks.c.obj
 .debug_frame   0x000051a4      0x12c CMakeFiles/TestRtos.dir/Middlewares/Third_Party/FreeRTOS/Source/portable/MemMang/heap_4.c.obj
 .debug_frame   0x000052d0      0x1a8 CMakeFiles/TestRtos.dir/Middlewares/Third_Party/FreeRTOS/Source/portable/GCC/ARM_CM4F/port.c.obj
 .debug_frame   0x00005478       0x34 CMakeFiles/TestRtos.dir/Core/Src/sysmem.c.obj
 .debug_frame   0x000054ac      0x2ac CMakeFiles/TestRtos.dir/Core/Src/syscalls.c.obj
 .debug_frame   0x00005758       0x2c C:/ST/STM32CubeCLT_1.18.0/GNU-tools-for-STM32/bin/../lib/gcc/arm-none-eabi/13.3.1/thumb/v7e-m+fp/hard\libgcc.a(_aeabi_uldivmod.o)
 .debug_frame   0x00005784       0x34 C:/ST/STM32CubeCLT_1.18.0/GNU-tools-for-STM32/bin/../lib/gcc/arm-none-eabi/13.3.1/thumb/v7e-m+fp/hard\libgcc.a(_udivmoddi4.o)
 .debug_frame   0x000057b8       0x6c C:/ST/STM32CubeCLT_1.18.0/GNU-tools-for-STM32/bin/../lib/gcc/arm-none-eabi/13.3.1/../../../../arm-none-eabi/lib/thumb/v7e-m+fp/hard\libg_nano.a(libc_a-printf.o)
 .debug_frame   0x00005824       0x3c C:/ST/STM32CubeCLT_1.18.0/GNU-tools-for-STM32/bin/../lib/gcc/arm-none-eabi/13.3.1/../../../../arm-none-eabi/lib/thumb/v7e-m+fp/hard\libg_nano.a(libc_a-puts.o)
 .debug_frame   0x00005860       0x7c C:/ST/STM32CubeCLT_1.18.0/GNU-tools-for-STM32/bin/../lib/gcc/arm-none-eabi/13.3.1/../../../../arm-none-eabi/lib/thumb/v7e-m+fp/hard\libg_nano.a(libc_a-snprintf.o)
 .debug_frame   0x000058dc       0x40 C:/ST/STM32CubeCLT_1.18.0/GNU-tools-for-STM32/bin/../lib/gcc/arm-none-eabi/13.3.1/../../../../arm-none-eabi/lib/thumb/v7e-m+fp/hard\libg_nano.a(libc_a-wbuf.o)
 .debug_frame   0x0000591c       0x2c C:/ST/STM32CubeCLT_1.18.0/GNU-tools-for-STM32/bin/../lib/gcc/arm-none-eabi/13.3.1/../../../../arm-none-eabi/lib/thumb/v7e-m+fp/hard\libg_nano.a(libc_a-wsetup.o)
 .debug_frame   0x00005948       0x20 C:/ST/STM32CubeCLT_1.18.0/GNU-tools-for-STM32/bin/../lib/gcc/arm-none-eabi/13.3.1/../../../../arm-none-eabi/lib/thumb/v7e-m+fp/hard\libg_nano.a(libc_a-errno.o)
 .debug_frame   0x00005968       0x28 C:/ST/STM32CubeCLT_1.18.0/GNU-tools-for-STM32/bin/../lib/gcc/arm-none-eabi/13.3.1/../../../../arm-none-eabi/lib/thumb/v7e-m+fp/hard\libg_nano.a(libc_a-memcpy-stub.o)
 .debug_frame   0x00005990       0x90 C:/ST/STM32CubeCLT_1.18.0/GNU-tools-for-STM32/bin/../lib/gcc/arm-none-eabi/13.3.1/../../../../arm-none-eabi/lib/thumb/v7e-m+fp/hard\libg_nano.a(libc_a-nano-svfprintf.o)