Archive member included to satisfy reference by file (symbol)

C:/ST/STM32CubeCLT_1.18.0/GNU-tools-for-STM32/bin/../lib/gcc/arm-none-eabi/13.3.1/../../../../arm-none-eabi/lib/thumb/v7e-m+fp/hard\libc_nano.a(libc_a-exit.o)
                              C:/ST/STM32CubeCLT_1.18.0/GNU-tools-for-STM32/bin/../lib/gcc/arm-none-eabi/13.3.1/../../../../arm-none-eabi/lib/thumb/v7e-m+fp/hard/crt0.o (exit)
C:/ST/STM32CubeCLT_1.18.0/GNU-tools-for-STM32/bin/../lib/gcc/arm-none-eabi/13.3.1/../../../../arm-none-eabi/lib/thumb/v7e-m+fp/hard\libc_nano.a(libc_a-findfp.o)
                              C:/ST/STM32CubeCLT_1.18.0/GNU-tools-for-STM32/bin/../lib/gcc/arm-none-eabi/13.3.1/../../../../arm-none-eabi/lib/thumb/v7e-m+fp/hard\libc_nano.a(libc_a-exit.o) (__stdio_exit_handler)
C:/ST/STM32CubeCLT_1.18.0/GNU-tools-for-STM32/bin/../lib/gcc/arm-none-eabi/13.3.1/../../../../arm-none-eabi/lib/thumb/v7e-m+fp/hard\libc_nano.a(libc_a-fwalk.o)
                              C:/ST/STM32CubeCLT_1.18.0/GNU-tools-for-STM32/bin/../lib/gcc/arm-none-eabi/13.3.1/../../../../arm-none-eabi/lib/thumb/v7e-m+fp/hard\libc_nano.a(libc_a-findfp.o) (_fwalk_sglue)
C:/ST/STM32CubeCLT_1.18.0/GNU-tools-for-STM32/bin/../lib/gcc/arm-none-eabi/13.3.1/../../../../arm-none-eabi/lib/thumb/v7e-m+fp/hard\libc_nano.a(libc_a-stdio.o)
                              C:/ST/STM32CubeCLT_1.18.0/GNU-tools-for-STM32/bin/../lib/gcc/arm-none-eabi/13.3.1/../../../../arm-none-eabi/lib/thumb/v7e-m+fp/hard\libc_nano.a(libc_a-findfp.o) (__sread)
C:/ST/STM32CubeCLT_1.18.0/GNU-tools-for-STM32/bin/../lib/gcc/arm-none-eabi/13.3.1/../../../../arm-none-eabi/lib/thumb/v7e-m+fp/hard\libc_nano.a(libc_a-memset.o)
                              C:/ST/STM32CubeCLT_1.18.0/GNU-tools-for-STM32/bin/../lib/gcc/arm-none-eabi/13.3.1/../../../../arm-none-eabi/lib/thumb/v7e-m+fp/hard/crt0.o (memset)
C:/ST/STM32CubeCLT_1.18.0/GNU-tools-for-STM32/bin/../lib/gcc/arm-none-eabi/13.3.1/../../../../arm-none-eabi/lib/thumb/v7e-m+fp/hard\libc_nano.a(libc_a-closer.o)
                              C:/ST/STM32CubeCLT_1.18.0/GNU-tools-for-STM32/bin/../lib/gcc/arm-none-eabi/13.3.1/../../../../arm-none-eabi/lib/thumb/v7e-m+fp/hard\libc_nano.a(libc_a-stdio.o) (_close_r)
C:/ST/STM32CubeCLT_1.18.0/GNU-tools-for-STM32/bin/../lib/gcc/arm-none-eabi/13.3.1/../../../../arm-none-eabi/lib/thumb/v7e-m+fp/hard\libc_nano.a(libc_a-reent.o)
                              C:/ST/STM32CubeCLT_1.18.0/GNU-tools-for-STM32/bin/../lib/gcc/arm-none-eabi/13.3.1/../../../../arm-none-eabi/lib/thumb/v7e-m+fp/hard\libc_nano.a(libc_a-closer.o) (errno)
C:/ST/STM32CubeCLT_1.18.0/GNU-tools-for-STM32/bin/../lib/gcc/arm-none-eabi/13.3.1/../../../../arm-none-eabi/lib/thumb/v7e-m+fp/hard\libc_nano.a(libc_a-impure.o)
                              C:/ST/STM32CubeCLT_1.18.0/GNU-tools-for-STM32/bin/../lib/gcc/arm-none-eabi/13.3.1/../../../../arm-none-eabi/lib/thumb/v7e-m+fp/hard\libc_nano.a(libc_a-reent.o) (_impure_ptr)
C:/ST/STM32CubeCLT_1.18.0/GNU-tools-for-STM32/bin/../lib/gcc/arm-none-eabi/13.3.1/../../../../arm-none-eabi/lib/thumb/v7e-m+fp/hard\libc_nano.a(libc_a-lseekr.o)
                              C:/ST/STM32CubeCLT_1.18.0/GNU-tools-for-STM32/bin/../lib/gcc/arm-none-eabi/13.3.1/../../../../arm-none-eabi/lib/thumb/v7e-m+fp/hard\libc_nano.a(libc_a-stdio.o) (_lseek_r)
C:/ST/STM32CubeCLT_1.18.0/GNU-tools-for-STM32/bin/../lib/gcc/arm-none-eabi/13.3.1/../../../../arm-none-eabi/lib/thumb/v7e-m+fp/hard\libc_nano.a(libc_a-readr.o)
                              C:/ST/STM32CubeCLT_1.18.0/GNU-tools-for-STM32/bin/../lib/gcc/arm-none-eabi/13.3.1/../../../../arm-none-eabi/lib/thumb/v7e-m+fp/hard\libc_nano.a(libc_a-stdio.o) (_read_r)
C:/ST/STM32CubeCLT_1.18.0/GNU-tools-for-STM32/bin/../lib/gcc/arm-none-eabi/13.3.1/../../../../arm-none-eabi/lib/thumb/v7e-m+fp/hard\libc_nano.a(libc_a-writer.o)
                              C:/ST/STM32CubeCLT_1.18.0/GNU-tools-for-STM32/bin/../lib/gcc/arm-none-eabi/13.3.1/../../../../arm-none-eabi/lib/thumb/v7e-m+fp/hard\libc_nano.a(libc_a-stdio.o) (_write_r)
C:/ST/STM32CubeCLT_1.18.0/GNU-tools-for-STM32/bin/../lib/gcc/arm-none-eabi/13.3.1/../../../../arm-none-eabi/lib/thumb/v7e-m+fp/hard\libc_nano.a(libc_a-init.o)
                              C:/ST/STM32CubeCLT_1.18.0/GNU-tools-for-STM32/bin/../lib/gcc/arm-none-eabi/13.3.1/../../../../arm-none-eabi/lib/thumb/v7e-m+fp/hard/crt0.o (__libc_init_array)
C:/ST/STM32CubeCLT_1.18.0/GNU-tools-for-STM32/bin/../lib/gcc/arm-none-eabi/13.3.1/../../../../arm-none-eabi/lib/thumb/v7e-m+fp/hard\libc_nano.a(libc_a-lock.o)
                              C:/ST/STM32CubeCLT_1.18.0/GNU-tools-for-STM32/bin/../lib/gcc/arm-none-eabi/13.3.1/../../../../arm-none-eabi/lib/thumb/v7e-m+fp/hard\libc_nano.a(libc_a-findfp.o) (__retarget_lock_init_recursive)
C:/ST/STM32CubeCLT_1.18.0/GNU-tools-for-STM32/bin/../lib/gcc/arm-none-eabi/13.3.1/../../../../arm-none-eabi/lib/thumb/v7e-m+fp/hard\libc_nano.a(libc_a-freer.o)
[...]
Memory Configuration

Name             Origin             Length             Attributes
RAM              0x20000000         0x00030000         xrw
CCMRAM           0x10000000         0x00010000         xrw
FLASH            0x08000000         0x00200000         xr
*default*        0x00000000         0xffffffff

Linker script and memory map

LOAD C:/ST/STM32CubeCLT_1.18.0/GNU-tools-for-STM32/bin/../lib/gcc/arm-none-eabi/13.3.1/thumb/v7e-m+fp/hard/crti.o
LOAD C:/ST/STM32CubeCLT_1.18.0/GNU-tools-for-STM32/bin/../lib/gcc/arm-none-eabi/13.3.1/thumb/v7e-m+fp/hard/crtbegin.o
LOAD C:/ST/STM32CubeCLT_1.18.0/GNU-tools-for-STM32/bin/../lib/gcc/arm-none-eabi/13.3.1/../../../../arm-none-eabi/lib/thumb/v7e-m+fp/hard/crt0.o
START GROUP
LOAD C:/ST/STM32CubeCLT_1.18.0/GNU-tools-for-STM32/bin/../lib/gcc/arm-none-eabi/13.3.1/../../../../arm-none-eabi/lib/thumb/v7e-m+fp/hard\libc_nano.a
LOAD C:/ST/STM32CubeCLT_1.18.0/GNU-tools-for-STM32/bin/../lib/gcc/arm-none-eabi/13.3.1/../../../../arm-none-eabi/lib/thumb/v7e-m+fp/hard\libm.a
END GROUP
LOAD CMakeFiles/TestRtos.dir/Core/Src/MainProgram/receivingdata_multiplesource.c.obj
LOAD CMakeFiles/TestRtos.dir/Core/Src/driver.init.c.obj
LOAD CMakeFiles/TestRtos.dir/Core/Src/freertos.c.obj
LOAD CMakeFiles/TestRtos.dir/Core/Src/stm32f4xx_it.c.obj
LOAD CMakeFiles/TestRtos.dir/Core/Src/stm32f4xx_hal_msp.c.obj
LOAD CMakeFiles/TestRtos.dir/Core/Src/stm32f4xx_hal_timebase_tim.c.obj
LOAD CMakeFiles/TestRtos.dir/Drivers/STM32F4xx_HAL_Driver/Src/stm32f4xx_hal_tim.c.obj
LOAD CMakeFiles/TestRtos.dir/Drivers/STM32F4xx_HAL_Driver/Src/stm32f4xx_hal_tim_ex.c.obj
LOAD CMakeFiles/TestRtos.dir/Drivers/STM32F4xx_HAL_Driver/Src/stm32f4xx_hal_rcc.c.obj
LOAD CMakeFiles/TestRtos.dir/Drivers/STM32F4xx_HAL_Driver/Src/stm32f4xx_hal_rcc_ex.c.obj
LOAD CMakeFiles/TestRtos.dir/Drivers/STM32F4xx_HAL_Driver/Src/stm32f4xx_hal_flash.c.obj
LOAD CMakeFiles/TestRtos.dir/Drivers/STM32F4xx_HAL_Driver/Src/stm32f4xx_hal_flash_ex.c.obj
LOAD CMakeFiles/TestRtos.dir/Drivers/STM32F4xx_HAL_Driver/Src/stm32f4xx_hal_flash_ramfunc.c.obj
LOAD CMakeFiles/TestRtos.dir/Drivers/STM32F4xx_HAL_Driver/Src/stm32f4xx_hal_gpio.c.obj
LOAD CMakeFiles/TestRtos.dir/Drivers/STM32F4xx_HAL_Driver/Src/stm32f4xx_hal_dma_ex.c.obj
LOAD CMakeFiles/TestRtos.dir/Drivers/STM32F4xx_HAL_Driver/Src/stm32f4xx_hal_dma.c.obj
LOAD CMakeFiles/TestRtos.dir/Drivers/STM32F4xx_HAL_Driver/Src/stm32f4xx_hal_pwr.c.obj
LOAD CMakeFiles/TestRtos.dir/Drivers/STM32F4xx_HAL_Driver/Src/stm32f4xx_hal_pwr_ex.c.obj
LOAD CMakeFiles/TestRtos.dir/Drivers/STM32F4xx_HAL_Driver/Src/stm32f4xx_hal_cortex.c.obj
LOAD CMakeFiles/TestRtos.dir/Drivers/STM32F4xx_HAL_Driver/Src/stm32f4xx_hal.c.obj
LOAD CMakeFiles/TestRtos.dir/Drivers/STM32F4xx_HAL_Driver/Src/stm32f4xx_hal_exti.c.obj
LOAD CMakeFiles/TestRtos.dir/Drivers/STM32F4xx_HAL_Driver/Src/stm32f4xx_hal_eth.c.obj
LOAD CMakeFiles/TestRtos.dir/Drivers/STM32F4xx_HAL_Driver/Src/stm32f4xx_hal_uart.c.obj
LOAD CMakeFiles/TestRtos.dir/Drivers/STM32F4xx_HAL_Driver/Src/stm32f4xx_hal_pcd.c.obj
LOAD CMakeFiles/TestRtos.dir/Drivers/STM32F4xx_HAL_Driver/Src/stm32f4xx_hal_pcd_ex.c.obj
LOAD CMakeFiles/TestRtos.dir/Drivers/STM32F4xx_HAL_Driver/Src/stm32f4xx_ll_usb.c.obj
LOAD CMakeFiles/TestRtos.dir/Core/Src/system_stm32f4xx.c.obj
LOAD CMakeFiles/TestRtos.dir/Middlewares/Third_Party/FreeRTOS/Source/croutine.c.obj
LOAD CMakeFiles/TestRtos.dir/Middlewares/Third_Party/FreeRTOS/Source/event_groups.c.obj
LOAD CMakeFiles/TestRtos.dir/Middlewares/Third_Party/FreeRTOS/Source/list.c.obj
LOAD CMakeFiles/TestRtos.dir/Middlewares/Third_Party/FreeRTOS/Source/queue.c.obj
LOAD CMakeFiles/TestRtos.dir/Middlewares/Third_Party/FreeRTOS/Source/stream_buffer.c.obj
LOAD CMakeFiles/TestRtos.dir/Middlewares/Third_Party/FreeRTOS/Source/tasks.c.obj
LOAD CMakeFiles/TestRtos.dir/Middlewares/Third_Party/FreeRTOS/Source/timers.c.obj
LOAD CMakeFiles/TestRtos.dir/Middlewares/Third_Party/FreeRTOS/Source/CMSIS_RTOS/cmsis_os.c.obj
LOAD CMakeFiles/TestRtos.dir/Middlewares/Third_Party/FreeRTOS/Source/portable/MemMang/heap_4.c.obj
LOAD CMakeFiles/TestRtos.dir/Middlewares/Third_Party/FreeRTOS/Source/portable/GCC/ARM_CM4F/port.c.obj
LOAD CMakeFiles/TestRtos.dir/Core/Src/sysmem.c.obj
LOAD CMakeFiles/TestRtos.dir/Core/Src/syscalls.c.obj
LOAD CMakeFiles/TestRtos.dir/startup_stm32f429xx.s.obj
START GROUP
LOAD C:/ST/STM32CubeCLT_1.18.0/GNU-tools-for-STM32/bin/../lib/gcc/arm-none-eabi/13.3.1/thumb/v7e-m+fp/hard\libgcc.a
LOAD C:/ST/STM32CubeCLT_1.18.0/GNU-tools-for-STM32/bin/../lib/gcc/arm-none-eabi/13.3.1/../../../../arm-none-eabi/lib/thumb/v7e-m+fp/hard\libg_nano.a
LOAD C:/ST/STM32CubeCLT_1.18.0/GNU-tools-for-STM32/bin/../lib/gcc/arm-none-eabi/13.3.1/../../../../arm-none-eabi/lib/thumb/v7e-m+fp/hard\libc_nano.a
END GROUP
START GROUP
LOAD C:/ST/STM32CubeCLT_1.18.0/GNU-tools-for-STM32/bin/../lib/gcc/arm-none-eabi/13.3.1/thumb/v7e-m+fp/hard\libgcc.a
LOAD C:/ST/STM32CubeCLT_1.18.0/GNU-tools-for-STM32/bin/../lib/gcc/arm-none-eabi/13.3.1/../../../../arm-none-eabi/lib/thumb/v7e-m+fp/hard\libc_nano.a
END GROUP
LOAD C:/ST/STM32CubeCLT_1.18.0/GNU-tools-for-STM32/bin/../lib/gcc/arm-none-eabi/13.3.1/thumb/v7e-m+fp/hard/crtend.o
LOAD C:/ST/STM32CubeCLT_1.18.0/GNU-tools-for-STM32/bin/../lib/gcc/arm-none-eabi/13.3.1/thumb/v7e-m+fp/hard/crtn.o
                0x20030000                        _estack = (ORIGIN (RAM) + LENGTH (RAM))
                0x00000200                        _Min_Heap_Size = 0x200
                0x00000400                        _Min_Stack_Size = 0x400

.isr_vector     0x08000000      0x1ac
                0x08000000                        . = ALIGN (0x4)
 *(.isr_vector)
 .isr_vector    0x08000000      0x1ac CMakeFiles/TestRtos.dir/startup_stm32f429xx.s.obj
                0x08000000                g_pfnVectors
                0x080001ac                        . = ALIGN (0x4)

.text           0x080001b0     0x5ad4
                0x080001b0                        . = ALIGN (0x4)
 *(.text)
 .text          0x080001b0       0x40 C:/ST/STM32CubeCLT_1.18.0/GNU-tools-for-STM32/bin/../lib/gcc/arm-none-eabi/13.3.1/thumb/v7e-m+fp/hard/crtbegin.o
 .text          0x080001f0       0x30 C:/ST/STM32CubeCLT_1.18.0/GNU-tools-for-STM32/bin/../lib/gcc/arm-none-eabi/13.3.1/thumb/v7e-m+fp/hard\libgcc.a(_aeabi_uldivmod.o)
                0x080001f0                __aeabi_uldivmod
 .text          0x08000220      0x2f8 C:/ST/STM32CubeCLT_1.18.0/GNU-tools-for-STM32/bin/../lib/gcc/arm-none-eabi/13.3.1/thumb/v7e-m+fp/hard\libgcc.a(_udivmoddi4.o)
                0x08000220                __udivmoddi4
 .text          0x08000518        0x4 C:/ST/STM32CubeCLT_1.18.0/GNU-tools-for-STM32/bin/../lib/gcc/arm-none-eabi/13.3.1/thumb/v7e-m+fp/hard\libgcc.a(_dvmd_tls.o)
                0x08000518                __aeabi_idiv0
                0x08000518                __aeabi_ldiv0
 .text          0x0800051c       0x10 C:/ST/STM32CubeCLT_1.18.0/GNU-tools-for-STM32/bin/../lib/gcc/arm-none-eabi/13.3.1/../../../../arm-none-eabi/lib/thumb/v7e-m+fp/hard\libg_nano.a(libc_a-strlen.o)
                0x0800051c                strlen
 *fill*         0x0800052c        0x4 
 .text          0x08000530       0xa0 C:/ST/STM32CubeCLT_1.18.0/GNU-tools-for-STM32/bin/../lib/gcc/arm-none-eabi/13.3.1/../../../../arm-none-eabi/lib/thumb/v7e-m+fp/hard\libg_nano.a(libc_a-memchr.o)
                0x08000530                memchr
 *(.text*)
 .text.memset   0x080005d0       0x10 C:/ST/STM32CubeCLT_1.18.0/GNU-tools-for-STM32/bin/../lib/gcc/arm-none-eabi/13.3.1/../../../../arm-none-eabi/lib/thumb/v7e-m+fp/hard\libc_nano.a(libc_a-memset.o)
                0x080005d0                memset
 .text.__libc_init_array
                0x080005e0       0x48 C:/ST/STM32CubeCLT_1.18.0/GNU-tools-for-STM32/bin/../lib/gcc/arm-none-eabi/13.3.1/../../../../arm-none-eabi/lib/thumb/v7e-m+fp/hard\libc_nano.a(libc_a-init.o)
                0x080005e0                __libc_init_array
 .text.__retarget_lock_acquire_recursive
                0x08000628        0x2 C:/ST/STM32CubeCLT_1.18.0/GNU-tools-for-STM32/bin/../lib/gcc/arm-none-eabi/13.3.1/../../../../arm-none-eabi/lib/thumb/v7e-m+fp/hard\libc_nano.a(libc_a-lock.o)
                0x08000628                __retarget_lock_acquire_recursive
 .text.__retarget_lock_release_recursive
                0x0800062a        0x2 C:/ST/STM32CubeCLT_1.18.0/GNU-tools-for-STM32/bin/../lib/gcc/arm-none-eabi/13.3.1/../../../../arm-none-eabi/lib/thumb/v7e-m+fp/hard\libc_nano.a(libc_a-lock.o)
                0x0800062a                __retarget_lock_release_recursive
 .text._free_r  0x0800062c       0x94 C:/ST/STM32CubeCLT_1.18.0/GNU-tools-for-STM32/bin/../lib/gcc/arm-none-eabi/13.3.1/../../../../arm-none-eabi/lib/thumb/v7e-m+fp/hard\libc_nano.a(libc_a-freer.o)
                0x0800062c                _free_r
 .text.sbrk_aligned
                0x080006c0       0x44 C:/ST/STM32CubeCLT_1.18.0/GNU-tools-for-STM32/bin/../lib/gcc/arm-none-eabi/13.3.1/../../../../arm-none-eabi/lib/thumb/v7e-m+fp/hard\libc_nano.a(libc_a-mallocr.o)
 .text._malloc_r
                0x08000704      0x100 C:/ST/STM32CubeCLT_1.18.0/GNU-tools-for-STM32/bin/../lib/gcc/arm-none-eabi/13.3.1/../../../../arm-none-eabi/lib/thumb/v7e-m+fp/hard\libc_nano.a(libc_a-mallocr.o)
                0x08000704                _malloc_r
 .text.__malloc_lock
                0x08000804        0xc C:/ST/STM32CubeCLT_1.18.0/GNU-tools-for-STM32/bin/../lib/gcc/arm-none-eabi/13.3.1/../../../../arm-none-eabi/lib/thumb/v7e-m+fp/hard\libc_nano.a(libc_a-mlock.o)
                0x08000804                __malloc_lock
 .text.__malloc_unlock
                0x08000810        0xc C:/ST/STM32CubeCLT_1.18.0/GNU-tools-for-STM32/bin/../lib/gcc/arm-none-eabi/13.3.1/../../../../arm-none-eabi/lib/thumb/v7e-m+fp/hard\libc_nano.a(libc_a-mlock.o)
                0x08000810                __malloc_unlock
 .text._sbrk_r  0x0800081c       0x20 C:/ST/STM32CubeCLT_1.18.0/GNU-tools-for-STM32/bin/../lib/gcc/arm-none-eabi/13.3.1/../../../../arm-none-eabi/lib/thumb/v7e-m+fp/hard\libc_nano.a(libc_a-sbrkr.o)
                0x0800081c                _sbrk_r
 .text.sendTask1
                0x0800083c       0x3c CMakeFiles/TestRtos.dir/Core/Src/MainProgram/receivingdata_multiplesource.c.obj
 .text.sendTask2
                0x08000878       0x3c CMakeFiles/TestRtos.dir/Core/Src/MainProgram/receivingdata_multiplesource.c.obj
 .text.sendTask3
                0x080008b4       0x3c CMakeFiles/TestRtos.dir/Core/Src/MainProgram/receivingdata_multiplesource.c.obj
 .text.receiveTask
                0x080008f0       0xac CMakeFiles/TestRtos.dir/Core/Src/MainProgram/receivingdata_multiplesource.c.obj
 .text.main     0x0800099c       0xa8 CMakeFiles/TestRtos.dir/Core/Src/MainProgram/receivingdata_multiplesource.c.obj
                0x0800099c                main
 .text.Driver_Init
                0x08000a44       0x54 CMakeFiles/TestRtos.dir/Core/Src/driver.init.c.obj
                0x08000a44                Driver_Init
 .text.SystemClock_Config
                0x08000a98       0xd4 CMakeFiles/TestRtos.dir/Core/Src/driver.init.c.obj
                0x08000a98                SystemClock_Config
 .text.USART3_UART_Init
                0x08000b6c       0x54 CMakeFiles/TestRtos.dir/Core/Src/driver.init.c.obj
 .text.GPIO_Init
                0x08000bc0      0x15c CMakeFiles/TestRtos.dir/Core/Src/driver.init.c.obj
 .text.USB_OTG_FS_PCD_Init
                0x08000d1c       0x5c CMakeFiles/TestRtos.dir/Core/Src/driver.init.c.obj
 .text.HAL_TIM_PeriodElapsedCallback
                0x08000d78       0x24 CMakeFiles/TestRtos.dir/Core/Src/driver.init.c.obj
                0x08000d78                HAL_TIM_PeriodElapsedCallback
 .text.Error_Handler
                0x08000d9c        0xc CMakeFiles/TestRtos.dir/Core/Src/driver.init.c.obj
                0x08000d9c                Error_Handler
 .text.vApplicationGetIdleTaskMemory
                0x08000da8       0x34 CMakeFiles/TestRtos.dir/Core/Src/freertos.c.obj
                0x08000da8                vApplicationGetIdleTaskMemory
 .text.NMI_Handler
                0x08000ddc        0x8 CMakeFiles/TestRtos.dir/Core/Src/stm32f4xx_it.c.obj
                0x08000ddc                NMI_Handler
 .text.HardFault_Handler
                0x08000de4        0x8 CMakeFiles/TestRtos.dir/Core/Src/stm32f4xx_it.c.obj
                0x08000de4                HardFault_Handler
 .text.MemManage_Handler
                0x08000dec        0x8 CMakeFiles/TestRtos.dir/Core/Src/stm32f4xx_it.c.obj
                0x08000dec                MemManage_Handler
 .text.BusFault_Handler
                0x08000df4        0x8 CMakeFiles/TestRtos.dir/Core/Src/stm32f4xx_it.c.obj
                0x08000df4                BusFault_Handler
 .text.UsageFault_Handler
                0x08000dfc        0x8 CMakeFiles/TestRtos.dir/Core/Src/stm32f4xx_it.c.obj
                0x08000dfc                UsageFault_Handler
 .text.DebugMon_Handler
                0x08000e04        0xe CMakeFiles/TestRtos.dir/Core/Src/stm32f4xx_it.c.obj
                0x08000e04                DebugMon_Handler
 *fill*         0x08000e12        0x2 
 .text.TIM1_UP_TIM10_IRQHandler
                0x08000e14       0x14 CMakeFiles/TestRtos.dir/Core/Src/stm32f4xx_it.c.obj
                0x08000e14                TIM1_UP_TIM10_IRQHandler
 .text.HAL_MspInit
                0x08000e28       0x58 CMakeFiles/TestRtos.dir/Core/Src/stm32f4xx_hal_msp.c.obj
                0x08000e28                HAL_MspInit
 .text.HAL_UART_MspInit
                0x08000e80       0x90 CMakeFiles/TestRtos.dir/Core/Src/stm32f4xx_hal_msp.c.obj
                0x08000e80                HAL_UART_MspInit
 .text.HAL_PCD_MspInit
                0x08000f10       0xb4 CMakeFiles/TestRtos.dir/Core/Src/stm32f4xx_hal_msp.c.obj
                0x08000f10                HAL_PCD_MspInit
 .text.HAL_InitTick
                0x08000fc4       0xe8 CMakeFiles/TestRtos.dir/Core/Src/stm32f4xx_hal_timebase_tim.c.obj
                0x08000fc4                HAL_InitTick
 .text.HAL_TIM_Base_Init
                0x080010ac       0x9e CMakeFiles/TestRtos.dir/Drivers/STM32F4xx_HAL_Driver/Src/stm32f4xx_hal_tim.c.obj
                0x080010ac                HAL_TIM_Base_Init
 .text.HAL_TIM_Base_MspInit
                0x0800114a       0x14 CMakeFiles/TestRtos.dir/Drivers/STM32F4xx_HAL_Driver/Src/stm32f4xx_hal_tim.c.obj
                0x0800114a                HAL_TIM_Base_MspInit
 *fill*         0x0800115e        0x2 
 .text.HAL_TIM_Base_Start_IT
                0x08001160       0xe0 CMakeFiles/TestRtos.dir/Drivers/STM32F4xx_HAL_Driver/Src/stm32f4xx_hal_tim.c.obj
                0x08001160                HAL_TIM_Base_Start_IT
 .text.HAL_TIM_IRQHandler
                0x08001240      0x1e0 CMakeFiles/TestRtos.dir/Drivers/STM32F4xx_HAL_Driver/Src/stm32f4xx_hal_tim.c.obj
                0x08001240                HAL_TIM_IRQHandler
 .text.HAL_TIM_OC_DelayElapsedCallback
                0x08001420       0x14 CMakeFiles/TestRtos.dir/Drivers/STM32F4xx_HAL_Driver/Src/stm32f4xx_hal_tim.c.obj
                0x08001420                HAL_TIM_OC_DelayElapsedCallback
 .text.HAL_TIM_IC_CaptureCallback
                0x08001434       0x14 CMakeFiles/TestRtos.dir/Drivers/STM32F4xx_HAL_Driver/Src/stm32f4xx_hal_tim.c.obj
                0x08001434                HAL_TIM_IC_CaptureCallback
 .text.HAL_TIM_PWM_PulseFinishedCallback
                0x08001448       0x14 CMakeFiles/TestRtos.dir/Drivers/STM32F4xx_HAL_Driver/Src/stm32f4xx_hal_tim.c.obj
                0x08001448                HAL_TIM_PWM_PulseFinishedCallback
 .text.HAL_TIM_TriggerCallback
                0x0800145c       0x14 CMakeFiles/TestRtos.dir/Drivers/STM32F4xx_HAL_Driver/Src/stm32f4xx_hal_tim.c.obj
                0x0800145c                HAL_TIM_TriggerCallback
 .text.TIM_Base_SetConfig
                0x08001470      0x14c CMakeFiles/TestRtos.dir/Drivers/STM32F4xx_HAL_Driver/Src/stm32f4xx_hal_tim.c.obj
                0x08001470                TIM_Base_SetConfig
 .text.HAL_TIMEx_CommutCallback
                0x080015bc       0x14 CMakeFiles/TestRtos.dir/Drivers/STM32F4xx_HAL_Driver/Src/stm32f4xx_hal_tim_ex.c.obj
                0x080015bc                HAL_TIMEx_CommutCallback
 .text.HAL_TIMEx_BreakCallback
                0x080015d0       0x14 CMakeFiles/TestRtos.dir/Drivers/STM32F4xx_HAL_Driver/Src/stm32f4xx_hal_tim_ex.c.obj
                0x080015d0                HAL_TIMEx_BreakCallback
 .text.HAL_RCC_OscConfig
                0x080015e4      0x4f0 CMakeFiles/TestRtos.dir/Drivers/STM32F4xx_HAL_Driver/Src/stm32f4xx_hal_rcc.c.obj
                0x080015e4                HAL_RCC_OscConfig
 .text.HAL_RCC_ClockConfig
                0x08001ad4      0x1cc CMakeFiles/TestRtos.dir/Drivers/STM32F4xx_HAL_Driver/Src/stm32f4xx_hal_rcc.c.obj
                0x08001ad4                HAL_RCC_ClockConfig
 .text.HAL_RCC_GetSysClockFreq
                0x08001ca0      0x20c CMakeFiles/TestRtos.dir/Drivers/STM32F4xx_HAL_Driver/Src/stm32f4xx_hal_rcc.c.obj
                0x08001ca0                HAL_RCC_GetSysClockFreq
 .text.HAL_RCC_GetHCLKFreq
                0x08001eac       0x18 CMakeFiles/TestRtos.dir/Drivers/STM32F4xx_HAL_Driver/Src/stm32f4xx_hal_rcc.c.obj
                0x08001eac                HAL_RCC_GetHCLKFreq
 .text.HAL_RCC_GetPCLK1Freq
                0x08001ec4       0x28 CMakeFiles/TestRtos.dir/Drivers/STM32F4xx_HAL_Driver/Src/stm32f4xx_hal_rcc.c.obj
                0x08001ec4                HAL_RCC_GetPCLK1Freq
 .text.HAL_RCC_GetPCLK2Freq
                0x08001eec       0x28 CMakeFiles/TestRtos.dir/Drivers/STM32F4xx_HAL_Driver/Src/stm32f4xx_hal_rcc.c.obj
                0x08001eec                HAL_RCC_GetPCLK2Freq
 .text.HAL_RCC_GetClockConfig
                0x08001f14       0x64 CMakeFiles/TestRtos.dir/Drivers/STM32F4xx_HAL_Driver/Src/stm32f4xx_hal_rcc.c.obj
                0x08001f14                HAL_RCC_GetClockConfig
 .text.HAL_GPIO_Init
                0x08001f78      0x358 CMakeFiles/TestRtos.dir/Drivers/STM32F4xx_HAL_Driver/Src/stm32f4xx_hal_gpio.c.obj
                0x08001f78                HAL_GPIO_Init
 .text.HAL_GPIO_WritePin
                0x080022d0       0x32 CMakeFiles/TestRtos.dir/Drivers/STM32F4xx_HAL_Driver/Src/stm32f4xx_hal_gpio.c.obj
                0x080022d0                HAL_GPIO_WritePin
 *fill*         0x08002302        0x2 
 .text.__NVIC_SetPriorityGrouping
                0x08002304       0x48 CMakeFiles/TestRtos.dir/Drivers/STM32F4xx_HAL_Driver/Src/stm32f4xx_hal_cortex.c.obj
 .text.__NVIC_GetPriorityGrouping
                0x0800234c       0x1c CMakeFiles/TestRtos.dir/Drivers/STM32F4xx_HAL_Driver/Src/stm32f4xx_hal_cortex.c.obj
 .text.__NVIC_EnableIRQ
                0x08002368       0x3c CMakeFiles/TestRtos.dir/Drivers/STM32F4xx_HAL_Driver/Src/stm32f4xx_hal_cortex.c.obj
 .text.__NVIC_SetPriority
                0x080023a4       0x54 CMakeFiles/TestRtos.dir/Drivers/STM32F4xx_HAL_Driver/Src/stm32f4xx_hal_cortex.c.obj
 .text.NVIC_EncodePriority
                0x080023f8       0x66 CMakeFiles/TestRtos.dir/Drivers/STM32F4xx_HAL_Driver/Src/stm32f4xx_hal_cortex.c.obj
 .text.HAL_NVIC_SetPriorityGrouping
                0x0800245e       0x16 CMakeFiles/TestRtos.dir/Drivers/STM32F4xx_HAL_Driver/Src/stm32f4xx_hal_cortex.c.obj
                0x0800245e                HAL_NVIC_SetPriorityGrouping
 .text.HAL_NVIC_SetPriority
                0x08002474       0x38 CMakeFiles/TestRtos.dir/Drivers/STM32F4xx_HAL_Driver/Src/stm32f4xx_hal_cortex.c.obj
                0x08002474                HAL_NVIC_SetPriority
 .text.HAL_NVIC_EnableIRQ
                0x080024ac       0x1c CMakeFiles/TestRtos.dir/Drivers/STM32F4xx_HAL_Driver/Src/stm32f4xx_hal_cortex.c.obj
                0x080024ac                HAL_NVIC_EnableIRQ
 .text.HAL_Init
                0x080024c8       0x44 CMakeFiles/TestRtos.dir/Drivers/STM32F4xx_HAL_Driver/Src/stm32f4xx_hal.c.obj
                0x080024c8                HAL_Init
 .text.HAL_IncTick
                0x0800250c       0x28 CMakeFiles/TestRtos.dir/Drivers/STM32F4xx_HAL_Driver/Src/stm32f4xx_hal.c.obj
                0x0800250c                HAL_IncTick
 .text.HAL_GetTick
                0x08002534       0x18 CMakeFiles/TestRtos.dir/Drivers/STM32F4xx_HAL_Driver/Src/stm32f4xx_hal.c.obj
                0x08002534                HAL_GetTick
 .text.HAL_Delay
                0x0800254c       0x48 CMakeFiles/TestRtos.dir/Drivers/STM32F4xx_HAL_Driver/Src/stm32f4xx_hal.c.obj
                0x0800254c                HAL_Delay
 .text.HAL_UART_Init
                0x08002594       0xa0 CMakeFiles/TestRtos.dir/Drivers/STM32F4xx_HAL_Driver/Src/stm32f4xx_hal_uart.c.obj
                0x08002594                HAL_UART_Init
 .text.HAL_UART_Transmit
                0x08002634      0x116 CMakeFiles/TestRtos.dir/Drivers/STM32F4xx_HAL_Driver/Src/stm32f4xx_hal_uart.c.obj
                0x08002634                HAL_UART_Transmit
 .text.UART_WaitOnFlagUntilTimeout
                0x0800274a       0xb2 CMakeFiles/TestRtos.dir/Drivers/STM32F4xx_HAL_Driver/Src/stm32f4xx_hal_uart.c.obj
 .text.UART_EndRxTransfer
                0x080027fc       0xc6 CMakeFiles/TestRtos.dir/Drivers/STM32F4xx_HAL_Driver/Src/stm32f4xx_hal_uart.c.obj
 *fill*         0x080028c2        0x2 
 .text.UART_SetConfig
                0x080028c4      0x4e8 CMakeFiles/TestRtos.dir/Drivers/STM32F4xx_HAL_Driver/Src/stm32f4xx_hal_uart.c.obj
 .text.HAL_PCD_Init
                0x08002dac      0x21e CMakeFiles/TestRtos.dir/Drivers/STM32F4xx_HAL_Driver/Src/stm32f4xx_hal_pcd.c.obj
                0x08002dac                HAL_PCD_Init
 .text.USB_CoreInit
                0x08002fca       0xc8 CMakeFiles/TestRtos.dir/Drivers/STM32F4xx_HAL_Driver/Src/stm32f4xx_ll_usb.c.obj
                0x08002fca                USB_CoreInit
 .text.USB_DisableGlobalInt
                0x08003092       0x22 CMakeFiles/TestRtos.dir/Drivers/STM32F4xx_HAL_Driver/Src/stm32f4xx_ll_usb.c.obj
                0x08003092                USB_DisableGlobalInt
 .text.USB_SetCurrentMode
                0x080030b4       0x98 CMakeFiles/TestRtos.dir/Drivers/STM32F4xx_HAL_Driver/Src/stm32f4xx_ll_usb.c.obj
                0x080030b4                USB_SetCurrentMode
 .text.USB_DevInit
                0x0800314c      0x2c8 CMakeFiles/TestRtos.dir/Drivers/STM32F4xx_HAL_Driver/Src/stm32f4xx_ll_usb.c.obj
                0x0800314c                USB_DevInit
 .text.USB_FlushTxFifo
                0x08003414       0x64 CMakeFiles/TestRtos.dir/Drivers/STM32F4xx_HAL_Driver/Src/stm32f4xx_ll_usb.c.obj
                0x08003414                USB_FlushTxFifo
 .text.USB_FlushRxFifo
                0x08003478       0x5c CMakeFiles/TestRtos.dir/Drivers/STM32F4xx_HAL_Driver/Src/stm32f4xx_ll_usb.c.obj
                0x08003478                USB_FlushRxFifo
 .text.USB_SetDevSpeed
                0x080034d4       0x32 CMakeFiles/TestRtos.dir/Drivers/STM32F4xx_HAL_Driver/Src/stm32f4xx_ll_usb.c.obj
                0x080034d4                USB_SetDevSpeed
 .text.USB_DevDisconnect
                0x08003506       0x42 CMakeFiles/TestRtos.dir/Drivers/STM32F4xx_HAL_Driver/Src/stm32f4xx_ll_usb.c.obj
                0x08003506                USB_DevDisconnect
 .text.USB_GetMode
                0x08003548       0x1c CMakeFiles/TestRtos.dir/Drivers/STM32F4xx_HAL_Driver/Src/stm32f4xx_ll_usb.c.obj
                0x08003548                USB_GetMode
 .text.USB_CoreReset
                0x08003564       0x70 CMakeFiles/TestRtos.dir/Drivers/STM32F4xx_HAL_Driver/Src/stm32f4xx_ll_usb.c.obj
 .text.SystemInit
                0x080035d4       0x24 CMakeFiles/TestRtos.dir/Core/Src/system_stm32f4xx.c.obj
                0x080035d4                SystemInit
 .text.vListInitialise
                0x080035f8       0x40 CMakeFiles/TestRtos.dir/Middlewares/Third_Party/FreeRTOS/Source/list.c.obj
                0x080035f8                vListInitialise
 .text.vListInitialiseItem
                0x08003638       0x1a CMakeFiles/TestRtos.dir/Middlewares/Third_Party/FreeRTOS/Source/list.c.obj
                0x08003638                vListInitialiseItem
 .text.vListInsertEnd
                0x08003652       0x48 CMakeFiles/TestRtos.dir/Middlewares/Third_Party/FreeRTOS/Source/list.c.obj
                0x08003652                vListInsertEnd
 .text.vListInsert
                0x0800369a       0x72 CMakeFiles/TestRtos.dir/Middlewares/Third_Party/FreeRTOS/Source/list.c.obj
                0x0800369a                vListInsert
 .text.uxListRemove
                0x0800370c       0x54 CMakeFiles/TestRtos.dir/Middlewares/Third_Party/FreeRTOS/Source/list.c.obj
                0x0800370c                uxListRemove
 .text.xQueueGenericReset
                0x08003760       0xd4 CMakeFiles/TestRtos.dir/Middlewares/Third_Party/FreeRTOS/Source/queue.c.obj
                0x08003760                xQueueGenericReset
 .text.xQueueGenericCreate
                0x08003834       0x76 CMakeFiles/TestRtos.dir/Middlewares/Third_Party/FreeRTOS/Source/queue.c.obj
                0x08003834                xQueueGenericCreate
 .text.prvInitialiseNewQueue
                0x080038aa       0x3e CMakeFiles/TestRtos.dir/Middlewares/Third_Party/FreeRTOS/Source/queue.c.obj
 .text.xQueueGenericSend
                0x080038e8      0x204 CMakeFiles/TestRtos.dir/Middlewares/Third_Party/FreeRTOS/Source/queue.c.obj
                0x080038e8                xQueueGenericSend
 .text.xQueueReceive
                0x08003aec      0x1c4 CMakeFiles/TestRtos.dir/Middlewares/Third_Party/FreeRTOS/Source/queue.c.obj
                0x08003aec                xQueueReceive
 .text.uxQueueMessagesWaiting
                0x08003cb0       0x3e CMakeFiles/TestRtos.dir/Middlewares/Third_Party/FreeRTOS/Source/queue.c.obj
                0x08003cb0                uxQueueMessagesWaiting
 .text.prvCopyDataToQueue
                0x08003cee       0xd4 CMakeFiles/TestRtos.dir/Middlewares/Third_Party/FreeRTOS/Source/queue.c.obj
 .text.prvCopyDataFromQueue
                0x08003dc2       0x4c CMakeFiles/TestRtos.dir/Middlewares/Third_Party/FreeRTOS/Source/queue.c.obj
 .text.prvUnlockQueue
                0x08003e0e       0xa4 CMakeFiles/TestRtos.dir/Middlewares/Third_Party/FreeRTOS/Source/queue.c.obj
 .text.prvIsQueueEmpty
                0x08003eb2       0x2c CMakeFiles/TestRtos.dir/Middlewares/Third_Party/FreeRTOS/Source/queue.c.obj
 .text.prvIsQueueFull
                0x08003ede       0x30 CMakeFiles/TestRtos.dir/Middlewares/Third_Party/FreeRTOS/Source/queue.c.obj
 .text.xTaskCreateStatic
                0x08003f0e       0xc0 CMakeFiles/TestRtos.dir/Middlewares/Third_Party/FreeRTOS/Source/tasks.c.obj
                0x08003f0e                xTaskCreateStatic
 .text.xTaskCreate
                0x08003fce       0x8a CMakeFiles/TestRtos.dir/Middlewares/Third_Party/FreeRTOS/Source/tasks.c.obj
                0x08003fce                xTaskCreate
 .text.prvInitialiseNewTask
                0x08004058      0x110 CMakeFiles/TestRtos.dir/Middlewares/Third_Party/FreeRTOS/Source/tasks.c.obj
 .text.prvAddNewTaskToReadyList
                0x08004168       0xd4 CMakeFiles/TestRtos.dir/Middlewares/Third_Party/FreeRTOS/Source/tasks.c.obj
 .text.vTaskDelay
                0x0800423c       0x6c CMakeFiles/TestRtos.dir/Middlewares/Third_Party/FreeRTOS/Source/tasks.c.obj
                0x0800423c                vTaskDelay
 .text.vTaskStartScheduler
                0x080042a8       0xc4 CMakeFiles/TestRtos.dir/Middlewares/Third_Party/FreeRTOS/Source/tasks.c.obj
                0x080042a8                vTaskStartScheduler
 .text.vTaskSuspendAll
                0x0800436c       0x1c CMakeFiles/TestRtos.dir/Middlewares/Third_Party/FreeRTOS/Source/tasks.c.obj
                0x0800436c                vTaskSuspendAll
 .text.xTaskResumeAll
                0x08004388      0x13c CMakeFiles/TestRtos.dir/Middlewares/Third_Party/FreeRTOS/Source/tasks.c.obj
                0x08004388                xTaskResumeAll
 .text.xTaskIncrementTick
                0x080044c4      0x174 CMakeFiles/TestRtos.dir/Middlewares/Third_Party/FreeRTOS/Source/tasks.c.obj
                0x080044c4                xTaskIncrementTick
 .text.vTaskSwitchContext
                0x08004638       0xb8 CMakeFiles/TestRtos.dir/Middlewares/Third_Party/FreeRTOS/Source/tasks.c.obj
                0x08004638                vTaskSwitchContext
 .text.vTaskPlaceOnEventList
                0x080046f0       0x4c CMakeFiles/TestRtos.dir/Middlewares/Third_Party/FreeRTOS/Source/tasks.c.obj
                0x080046f0                vTaskPlaceOnEventList
 .text.xTaskRemoveFromEventList
                0x0800473c       0xc8 CMakeFiles/TestRtos.dir/Middlewares/Third_Party/FreeRTOS/Source/tasks.c.obj
                0x0800473c                xTaskRemoveFromEventList
 .text.vTaskInternalSetTimeOutState
                0x08004804       0x2c CMakeFiles/TestRtos.dir/Middlewares/Third_Party/FreeRTOS/Source/tasks.c.obj
                0x08004804                vTaskInternalSetTimeOutState
 .text.xTaskCheckForTimeOut
                0x08004830       0xc8 CMakeFiles/TestRtos.dir/Middlewares/Third_Party/FreeRTOS/Source/tasks.c.obj
                0x08004830                xTaskCheckForTimeOut
 .text.vTaskMissedYield
                0x080048f8       0x18 CMakeFiles/TestRtos.dir/Middlewares/Third_Party/FreeRTOS/Source/tasks.c.obj
                0x080048f8                vTaskMissedYield
 .text.prvIdleTask
                0x08004910       0x30 CMakeFiles/TestRtos.dir/Middlewares/Third_Party/FreeRTOS/Source/tasks.c.obj
 .text.prvInitialiseTaskLists
                0x08004940       0x80 CMakeFiles/TestRtos.dir/Middlewares/Third_Party/FreeRTOS/Source/tasks.c.obj
 .text.prvCheckTasksWaitingTermination
                0x080049c0       0x5c CMakeFiles/TestRtos.dir/Middlewares/Third_Party/FreeRTOS/Source/tasks.c.obj
 .text.prvDeleteTCB
                0x08004a1c       0x60 CMakeFiles/TestRtos.dir/Middlewares/Third_Party/FreeRTOS/Source/tasks.c.obj
 .text.prvResetNextTaskUnblockTime
                0x08004a7c       0x40 CMakeFiles/TestRtos.dir/Middlewares/Third_Party/FreeRTOS/Source/tasks.c.obj
 .text.xTaskGetSchedulerState
                0x08004abc       0x3c CMakeFiles/TestRtos.dir/Middlewares/Third_Party/FreeRTOS/Source/tasks.c.obj
                0x08004abc                xTaskGetSchedulerState
 .text.xTaskPriorityDisinherit
                0x08004af8      0x110 CMakeFiles/TestRtos.dir/Middlewares/Third_Party/FreeRTOS/Source/tasks.c.obj
                0x08004af8                xTaskPriorityDisinherit
 .text.prvAddCurrentTaskToDelayedList
                0x08004c08       0xcc CMakeFiles/TestRtos.dir/Middlewares/Third_Party/FreeRTOS/Source/tasks.c.obj
 .text.pvPortMalloc
                0x08004cd4      0x19c CMakeFiles/TestRtos.dir/Middlewares/Third_Party/FreeRTOS/Source/portable/MemMang/heap_4.c.obj
                0x08004cd4                pvPortMalloc
 .text.vPortFree
                0x08004e70       0xc8 CMakeFiles/TestRtos.dir/Middlewares/Third_Party/FreeRTOS/Source/portable/MemMang/heap_4.c.obj
                0x08004e70                vPortFree
 .text.prvHeapInit
                0x08004f38       0xc4 CMakeFiles/TestRtos.dir/Middlewares/Third_Party/FreeRTOS/Source/portable/MemMang/heap_4.c.obj
 .text.prvInsertBlockIntoFreeList
                0x08004ffc       0xb4 CMakeFiles/TestRtos.dir/Middlewares/Third_Party/FreeRTOS/Source/portable/MemMang/heap_4.c.obj
 .text.pxPortInitialiseStack
                0x080050b0       0x68 CMakeFiles/TestRtos.dir/Middlewares/Third_Party/FreeRTOS/Source/portable/GCC/ARM_CM4F/port.c.obj
                0x080050b0                pxPortInitialiseStack
 .text.prvTaskExitError
                0x08005118       0x5c CMakeFiles/TestRtos.dir/Middlewares/Third_Party/FreeRTOS/Source/portable/GCC/ARM_CM4F/port.c.obj
 *fill*         0x08005174        0xc 
 .text.SVC_Handler
                0x08005180       0x28 CMakeFiles/TestRtos.dir/Middlewares/Third_Party/FreeRTOS/Source/portable/GCC/ARM_CM4F/port.c.obj
                0x08005180                SVC_Handler
 .text.prvPortStartFirstTask
                0x080051a8       0x28 CMakeFiles/TestRtos.dir/Middlewares/Third_Party/FreeRTOS/Source/portable/GCC/ARM_CM4F/port.c.obj
 .text.xPortStartScheduler
                0x080051d0      0x148 CMakeFiles/TestRtos.dir/Middlewares/Third_Party/FreeRTOS/Source/portable/GCC/ARM_CM4F/port.c.obj
                0x080051d0                xPortStartScheduler
 .text.vPortEnterCritical
                0x08005318       0x64 CMakeFiles/TestRtos.dir/Middlewares/Third_Party/FreeRTOS/Source/portable/GCC/ARM_CM4F/port.c.obj
                0x08005318                vPortEnterCritical
 .text.vPortExitCritical
                0x0800537c       0x54 CMakeFiles/TestRtos.dir/Middlewares/Third_Party/FreeRTOS/Source/portable/GCC/ARM_CM4F/port.c.obj
                0x0800537c                vPortExitCritical
 .text.PendSV_Handler
                0x080053d0       0x68 CMakeFiles/TestRtos.dir/Middlewares/Third_Party/FreeRTOS/Source/portable/GCC/ARM_CM4F/port.c.obj
                0x080053d0                PendSV_Handler
 .text.SysTick_Handler
                0x08005438       0x44 CMakeFiles/TestRtos.dir/Middlewares/Third_Party/FreeRTOS/Source/portable/GCC/ARM_CM4F/port.c.obj
                0x08005438                SysTick_Handler
 .text.vPortSetupTimerInterrupt
                0x0800547c       0x48 CMakeFiles/TestRtos.dir/Middlewares/Third_Party/FreeRTOS/Source/portable/GCC/ARM_CM4F/port.c.obj
                0x0800547c                vPortSetupTimerInterrupt
 .text.vPortEnableVFP
                0x080054c4       0x14 CMakeFiles/TestRtos.dir/Middlewares/Third_Party/FreeRTOS/Source/portable/GCC/ARM_CM4F/port.c.obj
 .text._sbrk    0x080054d8       0x6c CMakeFiles/TestRtos.dir/Core/Src/sysmem.c.obj
                0x080054d8                _sbrk
 .text.Reset_Handler
                0x08005544       0x50 CMakeFiles/TestRtos.dir/startup_stm32f429xx.s.obj
                0x08005544                Reset_Handler
 .text.Default_Handler
                0x08005594        0x2 CMakeFiles/TestRtos.dir/startup_stm32f429xx.s.obj
                0x08005594                RTC_Alarm_IRQHandler
                0x08005594                HASH_RNG_IRQHandler
                0x08005594                EXTI2_IRQHandler
                0x08005594                TIM8_CC_IRQHandler
                0x08005594                UART8_IRQHandler
                0x08005594                SPI4_IRQHandler
                0x08005594                TIM1_CC_IRQHandler
                0x08005594                DMA2_Stream5_IRQHandler
                0x08005594                DMA1_Stream5_IRQHandler
                0x08005594                PVD_IRQHandler
                0x08005594                SDIO_IRQHandler
                0x08005594                TAMP_STAMP_IRQHandler
                0x08005594                CAN2_RX1_IRQHandler
                0x08005594                EXTI3_IRQHandler
                0x08005594                TIM8_TRG_COM_TIM14_IRQHandler
                0x08005594                TIM8_UP_TIM13_IRQHandler
                0x08005594                I2C3_ER_IRQHandler
                0x08005594                EXTI0_IRQHandler
                0x08005594                I2C2_EV_IRQHandler
                0x08005594                DMA1_Stream2_IRQHandler
                0x08005594                CAN1_RX0_IRQHandler
                0x08005594                FPU_IRQHandler
                0x08005594                OTG_HS_WKUP_IRQHandler
                0x08005594                LTDC_ER_IRQHandler
                0x08005594                CAN2_SCE_IRQHandler
                0x08005594                DMA2_Stream2_IRQHandler
                0x08005594                SPI1_IRQHandler
                0x08005594                TIM6_DAC_IRQHandler
                0x08005594                TIM1_BRK_TIM9_IRQHandler
                0x08005594                DCMI_IRQHandler
                0x08005594                CAN2_RX0_IRQHandler
                0x08005594                DMA2_Stream3_IRQHandler
                0x08005594                USART6_IRQHandler
                0x08005594                USART3_IRQHandler
                0x08005594                CAN1_RX1_IRQHandler
                0x08005594                UART5_IRQHandler
                0x08005594                DMA2_Stream0_IRQHandler
                0x08005594                TIM4_IRQHandler
                0x08005594                I2C1_EV_IRQHandler
                0x08005594                DMA1_Stream6_IRQHandler
                0x08005594                DMA1_Stream1_IRQHandler
                0x08005594                UART4_IRQHandler
                0x08005594                TIM3_IRQHandler
                0x08005594                RCC_IRQHandler
                0x08005594                TIM8_BRK_TIM12_IRQHandler
                0x08005594                Default_Handler
                0x08005594                EXTI15_10_IRQHandler
                0x08005594                ADC_IRQHandler
                0x08005594                DMA1_Stream7_IRQHandler
                0x08005594                SPI5_IRQHandler
                0x08005594                TIM7_IRQHandler
                0x08005594                CAN2_TX_IRQHandler
                0x08005594                TIM5_IRQHandler
                0x08005594                DMA2_Stream7_IRQHandler
                0x08005594                I2C3_EV_IRQHandler
                0x08005594                EXTI9_5_IRQHandler
                0x08005594                RTC_WKUP_IRQHandler
                0x08005594                LTDC_IRQHandler
                0x08005594                ETH_WKUP_IRQHandler
                0x08005594                SPI2_IRQHandler
                0x08005594                OTG_HS_EP1_IN_IRQHandler
                0x08005594                DMA1_Stream0_IRQHandler
                0x08005594                CAN1_TX_IRQHandler
                0x08005594                EXTI4_IRQHandler
                0x08005594                ETH_IRQHandler
                0x08005594                OTG_HS_EP1_OUT_IRQHandler
                0x08005594                WWDG_IRQHandler
                0x08005594                SPI6_IRQHandler
                0x08005594                TIM2_IRQHandler
                0x08005594                OTG_FS_WKUP_IRQHandler
                0x08005594                TIM1_TRG_COM_TIM11_IRQHandler
                0x08005594                OTG_HS_IRQHandler
                0x08005594                DMA2D_IRQHandler
                0x08005594                EXTI1_IRQHandler
                0x08005594                UART7_IRQHandler
                0x08005594                USART2_IRQHandler
                0x08005594                I2C2_ER_IRQHandler
                0x08005594                DMA2_Stream1_IRQHandler
                0x08005594                CAN1_SCE_IRQHandler
                0x08005594                FLASH_IRQHandler
                0x08005594                DMA2_Stream4_IRQHandler
                0x08005594                USART1_IRQHandler
                0x08005594                OTG_FS_IRQHandler
                0x08005594                SPI3_IRQHandler
                0x08005594                DMA1_Stream4_IRQHandler
                0x08005594                I2C1_ER_IRQHandler
                0x08005594                FMC_IRQHandler
                0x08005594                DMA2_Stream6_IRQHandler
                0x08005594                SAI1_IRQHandler
                0x08005594                DMA1_Stream3_IRQHandler
 *fill*         0x08005596        0x2 
 .text.sprintf  0x08005598       0x44 C:/ST/STM32CubeCLT_1.18.0/GNU-tools-for-STM32/bin/../lib/gcc/arm-none-eabi/13.3.1/../../../../arm-none-eabi/lib/thumb/v7e-m+fp/hard\libg_nano.a(libc_a-sprintf.o)
                0x08005598                siprintf
                0x08005598                sprintf
 .text.__errno  0x080055dc        0xc C:/ST/STM32CubeCLT_1.18.0/GNU-tools-for-STM32/bin/../lib/gcc/arm-none-eabi/13.3.1/../../../../arm-none-eabi/lib/thumb/v7e-m+fp/hard\libg_nano.a(libc_a-errno.o)
                0x080055dc                __errno
 .text.memcpy   0x080055e8       0x1c C:/ST/STM32CubeCLT_1.18.0/GNU-tools-for-STM32/bin/../lib/gcc/arm-none-eabi/13.3.1/../../../../arm-none-eabi/lib/thumb/v7e-m+fp/hard\libg_nano.a(libc_a-memcpy-stub.o)
                0x080055e8                memcpy
 .text.__ssputs_r
                0x08005604       0xb6 C:/ST/STM32CubeCLT_1.18.0/GNU-tools-for-STM32/bin/../lib/gcc/arm-none-eabi/13.3.1/../../../../arm-none-eabi/lib/thumb/v7e-m+fp/hard\libg_nano.a(libc_a-nano-svfprintf.o)
                0x08005604                __ssputs_r
 *fill*         0x080056ba        0x2 
 .text._svfprintf_r
                0x080056bc      0x1f8 C:/ST/STM32CubeCLT_1.18.0/GNU-tools-for-STM32/bin/../lib/gcc/arm-none-eabi/13.3.1/../../../../arm-none-eabi/lib/thumb/v7e-m+fp/hard\libg_nano.a(libc_a-nano-svfprintf.o)
                0x080056bc                _svfiprintf_r
                0x080056bc                _svfprintf_r
 .text._printf_common
                0x080058b4       0xda C:/ST/STM32CubeCLT_1.18.0/GNU-tools-for-STM32/bin/../lib/gcc/arm-none-eabi/13.3.1/../../../../arm-none-eabi/lib/thumb/v7e-m+fp/hard\libg_nano.a(libc_a-nano-vfprintf_i.o)
                0x080058b4                _printf_common
 *fill*         0x0800598e        0x2 
 .text._printf_i
                0x08005990      0x23c C:/ST/STM32CubeCLT_1.18.0/GNU-tools-for-STM32/bin/../lib/gcc/arm-none-eabi/13.3.1/../../../../arm-none-eabi/lib/thumb/v7e-m+fp/hard\libg_nano.a(libc_a-nano-vfprintf_i.o)
                0x08005990                _printf_i
 .text.memmove  0x08005bcc       0x34 C:/ST/STM32CubeCLT_1.18.0/GNU-tools-for-STM32/bin/../lib/gcc/arm-none-eabi/13.3.1/../../../../arm-none-eabi/lib/thumb/v7e-m+fp/hard\libg_nano.a(libc_a-memmove.o)
                0x08005bcc                memmove
 .text._realloc_r
                0x08005c00       0x5c C:/ST/STM32CubeCLT_1.18.0/GNU-tools-for-STM32/bin/../lib/gcc/arm-none-eabi/13.3.1/../../../../arm-none-eabi/lib/thumb/v7e-m+fp/hard\libg_nano.a(libc_a-reallocr.o)
                0x08005c00                _realloc_r
 .text._malloc_usable_size_r
                0x08005c5c       0x10 C:/ST/STM32CubeCLT_1.18.0/GNU-tools-for-STM32/bin/../lib/gcc/arm-none-eabi/13.3.1/../../../../arm-none-eabi/lib/thumb/v7e-m+fp/hard\libg_nano.a(libc_a-msizer.o)
                0x08005c5c                _malloc_usable_size_r
 *(.glue_7)
 .glue_7        0x08005c6c        0x0 linker stubs
 *(.glue_7t)
 .glue_7t       0x08005c6c        0x0 linker stubs
 *(.eh_frame)
 .eh_frame      0x08005c6c        0x0 C:/ST/STM32CubeCLT_1.18.0/GNU-tools-for-STM32/bin/../lib/gcc/arm-none-eabi/13.3.1/thumb/v7e-m+fp/hard/crtbegin.o
 *(.init)
 .init          0x08005c6c        0x4 C:/ST/STM32CubeCLT_1.18.0/GNU-tools-for-STM32/bin/../lib/gcc/arm-none-eabi/13.3.1/thumb/v7e-m+fp/hard/crti.o
                0x08005c6c                _init
 .init          0x08005c70        0x8 C:/ST/STM32CubeCLT_1.18.0/GNU-tools-for-STM32/bin/../lib/gcc/arm-none-eabi/13.3.1/thumb/v7e-m+fp/hard/crtn.o
 *(.fini)
 .fini          0x08005c78        0x4 C:/ST/STM32CubeCLT_1.18.0/GNU-tools-for-STM32/bin/../lib/gcc/arm-none-eabi/13.3.1/thumb/v7e-m+fp/hard/crti.o
                0x08005c78                _fini
 .fini          0x08005c7c        0x8 C:/ST/STM32CubeCLT_1.18.0/GNU-tools-for-STM32/bin/../lib/gcc/arm-none-eabi/13.3.1/thumb/v7e-m+fp/hard/crtn.o
                0x08005c84                        . = ALIGN (0x4)
                0x08005c84                        _etext = .

.vfp11_veneer   0x08005c84        0x0
 .vfp11_veneer  0x08005c84        0x0 linker stubs

.v4_bx          0x08005c84        0x0
 .v4_bx         0x08005c84        0x0 linker stubs

.iplt           0x08005c84        0x0
 .iplt          0x08005c84        0x0 C:/ST/STM32CubeCLT_1.18.0/GNU-tools-for-STM32/bin/../lib/gcc/arm-none-eabi/13.3.1/thumb/v7e-m+fp/hard/crtbegin.o

.rodata         0x08005c84       0xfc
                0x08005c84                        . = ALIGN (0x4)
 *(.rodata)
 .rodata        0x08005c84       0x9e CMakeFiles/TestRtos.dir/Core/Src/MainProgram/receivingdata_multiplesource.c.obj
 *fill*         0x08005d22        0x2 
 .rodata        0x08005d24        0x6 CMakeFiles/TestRtos.dir/Core/Src/driver.init.c.obj
 *fill*         0x08005d2a        0x2 
 .rodata        0x08005d2c        0x5 CMakeFiles/TestRtos.dir/Middlewares/Third_Party/FreeRTOS/Source/tasks.c.obj
 *(.rodata*)
 *fill*         0x08005d31        0x3 
 .rodata.AHBPrescTable
                0x08005d34       0x10 CMakeFiles/TestRtos.dir/Core/Src/system_stm32f4xx.c.obj
                0x08005d34                AHBPrescTable
 .rodata.APBPrescTable
                0x08005d44        0x8 CMakeFiles/TestRtos.dir/Core/Src/system_stm32f4xx.c.obj
                0x08005d44                APBPrescTable
 .rodata._svfprintf_r.str1.1
                0x08005d4c       0x33 C:/ST/STM32CubeCLT_1.18.0/GNU-tools-for-STM32/bin/../lib/gcc/arm-none-eabi/13.3.1/../../../../arm-none-eabi/lib/thumb/v7e-m+fp/hard\libg_nano.a(libc_a-nano-svfprintf.o)
                                 0x11 (size before relaxing)
 .rodata._printf_i.str1.1
                0x08005d7f       0x22 C:/ST/STM32CubeCLT_1.18.0/GNU-tools-for-STM32/bin/../lib/gcc/arm-none-eabi/13.3.1/../../../../arm-none-eabi/lib/thumb/v7e-m+fp/hard\libg_nano.a(libc_a-nano-vfprintf_i.o)
                0x08005da4                        . = ALIGN (0x4)
 *fill*         0x08005d7f        0x1 

.ARM.extab
 *(.ARM.extab* .gnu.linkonce.armextab.*)

.ARM            0x08005d80        0x8
                0x08005d80                        __exidx_start = .
 *(.ARM.exidx*)
 .ARM.exidx     0x08005d80        0x8 C:/ST/STM32CubeCLT_1.18.0/GNU-tools-for-STM32/bin/../lib/gcc/arm-none-eabi/13.3.1/thumb/v7e-m+fp/hard\libgcc.a(_udivmoddi4.o)
 .ARM.exidx     0x08005d88        0x0 C:/ST/STM32CubeCLT_1.18.0/GNU-tools-for-STM32/bin/../lib/gcc/arm-none-eabi/13.3.1/../../../../arm-none-eabi/lib/thumb/v7e-m+fp/hard\libg_nano.a(libc_a-strlen.o)
                                  0x8 (size before relaxing)
 .ARM.exidx     0x08005d88        0x0 C:/ST/STM32CubeCLT_1.18.0/GNU-tools-for-STM32/bin/../lib/gcc/arm-none-eabi/13.3.1/../../../../arm-none-eabi/lib/thumb/v7e-m+fp/hard\libg_nano.a(libc_a-memchr.o)
                                  0x8 (size before relaxing)
                0x08005d88                        __exidx_end = .

.rel.dyn        0x08005d88        0x0
 .rel.iplt      0x08005d88        0x0 C:/ST/STM32CubeCLT_1.18.0/GNU-tools-for-STM32/bin/../lib/gcc/arm-none-eabi/13.3.1/thumb/v7e-m+fp/hard/crtbegin.o

.preinit_array  0x08005d88        0x0
                0x08005d88                        PROVIDE (__preinit_array_start = .)
 *(.preinit_array*)
                0x08005d88                        PROVIDE (__preinit_array_end = .)

.init_array     0x08005d88        0x4
                0x08005d88                        PROVIDE (__init_array_start = .)
 *(SORT_BY_NAME(.init_array.*))
 *(.init_array*)
 .init_array    0x08005d88        0x4 C:/ST/STM32CubeCLT_1.18.0/GNU-tools-for-STM32/bin/../lib/gcc/arm-none-eabi/13.3.1/thumb/v7e-m+fp/hard/crtbegin.o
                0x08005d8c                        PROVIDE (__init_array_end = .)

.fini_array     0x08005d8c        0x4
                [!provide]                        PROVIDE (__fini_array_start = .)
 *(SORT_BY_NAME(.fini_array.*))
 *(.fini_array*)
 .fini_array    0x08005d8c        0x4 C:/ST/STM32CubeCLT_1.18.0/GNU-tools-for-STM32/bin/../lib/gcc/arm-none-eabi/13.3.1/thumb/v7e-m+fp/hard/crtbegin.o
                [!provide]                        PROVIDE (__fini_array_end = .)
                0x08005d90                        _sidata = LOADADDR (.data)

.data           0x20000000       0x78 load address 0x08005d90
                0x20000000                        . = ALIGN (0x4)
                0x20000000                        _sdata = .
 *(.data)
 *(.data*)
 .data._impure_ptr
                0x20000000        0x4 C:/ST/STM32CubeCLT_1.18.0/GNU-tools-for-STM32/bin/../lib/gcc/arm-none-eabi/13.3.1/../../../../arm-none-eabi/lib/thumb/v7e-m+fp/hard\libc_nano.a(libc_a-impure.o)
                0x20000000                _impure_ptr
 .data._impure_data
                0x20000004       0x4c C:/ST/STM32CubeCLT_1.18.0/GNU-tools-for-STM32/bin/../lib/gcc/arm-none-eabi/13.3.1/../../../../arm-none-eabi/lib/thumb/v7e-m+fp/hard\libc_nano.a(libc_a-impure.o)
                0x20000004                _impure_data
 .data.dataToSend
                0x20000050       0x18 CMakeFiles/TestRtos.dir/Core/Src/MainProgram/receivingdata_multiplesource.c.obj
                0x20000050                dataToSend
 .data.uwTickPrio
                0x20000068        0x4 CMakeFiles/TestRtos.dir/Drivers/STM32F4xx_HAL_Driver/Src/stm32f4xx_hal.c.obj
                0x20000068                uwTickPrio
 .data.uwTickFreq
                0x2000006c        0x1 CMakeFiles/TestRtos.dir/Drivers/STM32F4xx_HAL_Driver/Src/stm32f4xx_hal.c.obj
                0x2000006c                uwTickFreq
 *fill*         0x2000006d        0x3 
 .data.SystemCoreClock
                0x20000070        0x4 CMakeFiles/TestRtos.dir/Core/Src/system_stm32f4xx.c.obj
                0x20000070                SystemCoreClock
 .data.uxCriticalNesting
                0x20000074        0x4 CMakeFiles/TestRtos.dir/Middlewares/Third_Party/FreeRTOS/Source/portable/GCC/ARM_CM4F/port.c.obj
                0x20000078                        . = ALIGN (0x4)
                0x20000078                        _edata = .
                0x08005e08                        _siccmram = LOADADDR (.ccmram)

.igot.plt       0x20000078        0x0 load address 0x08005e08
 .igot.plt      0x20000078        0x0 C:/ST/STM32CubeCLT_1.18.0/GNU-tools-for-STM32/bin/../lib/gcc/arm-none-eabi/13.3.1/thumb/v7e-m+fp/hard/crtbegin.o

.ccmram         0x10000000        0x0 load address 0x08005e08
                0x10000000                        . = ALIGN (0x4)
                0x10000000                        _sccmram = .
 *(.ccmram)
 *(.ccmram*)
                0x10000000                        . = ALIGN (0x4)
                0x10000000                        _eccmram = .
                0x10000000                        . = ALIGN (0x4)

.bss            0x20000078     0x468c
                0x20000078                        _sbss = .
                0x20000078                        __bss_start__ = _sbss
 *(.bss)
 .bss           0x20000078       0x1c C:/ST/STM32CubeCLT_1.18.0/GNU-tools-for-STM32/bin/../lib/gcc/arm-none-eabi/13.3.1/thumb/v7e-m+fp/hard/crtbegin.o
 *(.bss*)
 .bss.__sf      0x20000094      0x138 C:/ST/STM32CubeCLT_1.18.0/GNU-tools-for-STM32/bin/../lib/gcc/arm-none-eabi/13.3.1/../../../../arm-none-eabi/lib/thumb/v7e-m+fp/hard\libc_nano.a(libc_a-findfp.o)
                0x20000094                __sf
 .bss.errno     0x200001cc        0x4 C:/ST/STM32CubeCLT_1.18.0/GNU-tools-for-STM32/bin/../lib/gcc/arm-none-eabi/13.3.1/../../../../arm-none-eabi/lib/thumb/v7e-m+fp/hard\libc_nano.a(libc_a-reent.o)
                0x200001cc                errno
 .bss.__lock___malloc_recursive_mutex
                0x200001d0        0x1 C:/ST/STM32CubeCLT_1.18.0/GNU-tools-for-STM32/bin/../lib/gcc/arm-none-eabi/13.3.1/../../../../arm-none-eabi/lib/thumb/v7e-m+fp/hard\libc_nano.a(libc_a-lock.o)
                0x200001d0                __lock___malloc_recursive_mutex
 *fill*         0x200001d1        0x3 
 .bss.__malloc_sbrk_start
                0x200001d4        0x4 C:/ST/STM32CubeCLT_1.18.0/GNU-tools-for-STM32/bin/../lib/gcc/arm-none-eabi/13.3.1/../../../../arm-none-eabi/lib/thumb/v7e-m+fp/hard\libc_nano.a(libc_a-mallocr.o)
                0x200001d4                __malloc_sbrk_start
 .bss.__malloc_free_list
                0x200001d8        0x4 C:/ST/STM32CubeCLT_1.18.0/GNU-tools-for-STM32/bin/../lib/gcc/arm-none-eabi/13.3.1/../../../../arm-none-eabi/lib/thumb/v7e-m+fp/hard\libc_nano.a(libc_a-mallocr.o)
                0x200001d8                __malloc_free_list
 .bss.xQueue    0x200001dc        0x4 CMakeFiles/TestRtos.dir/Core/Src/MainProgram/receivingdata_multiplesource.c.obj
                0x200001dc                xQueue
 .bss.huart3    0x200001e0       0x48 CMakeFiles/TestRtos.dir/Core/Src/driver.init.c.obj
                0x200001e0                huart3
 .bss.hpcd_USB_OTG_FS
                0x20000228      0x4e4 CMakeFiles/TestRtos.dir/Core/Src/driver.init.c.obj
                0x20000228                hpcd_USB_OTG_FS
 .bss.xIdleTaskTCBBuffer
                0x2000070c       0x54 CMakeFiles/TestRtos.dir/Core/Src/freertos.c.obj
 .bss.xIdleStack
                0x20000760      0x200 CMakeFiles/TestRtos.dir/Core/Src/freertos.c.obj
 .bss.htim1     0x20000960       0x48 CMakeFiles/TestRtos.dir/Core/Src/stm32f4xx_hal_timebase_tim.c.obj
                0x20000960                htim1
 .bss.uwTick    0x200009a8        0x4 CMakeFiles/TestRtos.dir/Drivers/STM32F4xx_HAL_Driver/Src/stm32f4xx_hal.c.obj
                0x200009a8                uwTick
 .bss.pxCurrentTCB
                0x200009ac        0x4 CMakeFiles/TestRtos.dir/Middlewares/Third_Party/FreeRTOS/Source/tasks.c.obj
                0x200009ac                pxCurrentTCB
 .bss.pxReadyTasksLists
                0x200009b0       0x8c CMakeFiles/TestRtos.dir/Middlewares/Third_Party/FreeRTOS/Source/tasks.c.obj
 .bss.xDelayedTaskList1
                0x20000a3c       0x14 CMakeFiles/TestRtos.dir/Middlewares/Third_Party/FreeRTOS/Source/tasks.c.obj
 .bss.xDelayedTaskList2
                0x20000a50       0x14 CMakeFiles/TestRtos.dir/Middlewares/Third_Party/FreeRTOS/Source/tasks.c.obj
 .bss.pxDelayedTaskList
                0x20000a64        0x4 CMakeFiles/TestRtos.dir/Middlewares/Third_Party/FreeRTOS/Source/tasks.c.obj
 .bss.pxOverflowDelayedTaskList
                0x20000a68        0x4 CMakeFiles/TestRtos.dir/Middlewares/Third_Party/FreeRTOS/Source/tasks.c.obj
 .bss.xPendingReadyList
                0x20000a6c       0x14 CMakeFiles/TestRtos.dir/Middlewares/Third_Party/FreeRTOS/Source/tasks.c.obj
 .bss.xTasksWaitingTermination
                0x20000a80       0x14 CMakeFiles/TestRtos.dir/Middlewares/Third_Party/FreeRTOS/Source/tasks.c.obj
 .bss.uxDeletedTasksWaitingCleanUp
                0x20000a94        0x4 CMakeFiles/TestRtos.dir/Middlewares/Third_Party/FreeRTOS/Source/tasks.c.obj
 .bss.xSuspendedTaskList
                0x20000a98       0x14 CMakeFiles/TestRtos.dir/Middlewares/Third_Party/FreeRTOS/Source/tasks.c.obj
 .bss.uxCurrentNumberOfTasks
                0x20000aac        0x4 CMakeFiles/TestRtos.dir/Middlewares/Third_Party/FreeRTOS/Source/tasks.c.obj
 .bss.xTickCount
                0x20000ab0        0x4 CMakeFiles/TestRtos.dir/Middlewares/Third_Party/FreeRTOS/Source/tasks.c.obj
 .bss.uxTopReadyPriority
                0x20000ab4        0x4 CMakeFiles/TestRtos.dir/Middlewares/Third_Party/FreeRTOS/Source/tasks.c.obj
 .bss.xSchedulerRunning
                0x20000ab8        0x4 CMakeFiles/TestRtos.dir/Middlewares/Third_Party/FreeRTOS/Source/tasks.c.obj
 .bss.xPendedTicks
                0x20000abc        0x4 CMakeFiles/TestRtos.dir/Middlewares/Third_Party/FreeRTOS/Source/tasks.c.obj
 .bss.xYieldPending
                0x20000ac0        0x4 CMakeFiles/TestRtos.dir/Middlewares/Third_Party/FreeRTOS/Source/tasks.c.obj
 .bss.xNumOfOverflows
                0x20000ac4        0x4 CMakeFiles/TestRtos.dir/Middlewares/Third_Party/FreeRTOS/Source/tasks.c.obj
 .bss.uxTaskNumber
                0x20000ac8        0x4 CMakeFiles/TestRtos.dir/Middlewares/Third_Party/FreeRTOS/Source/tasks.c.obj
 .bss.xNextTaskUnblockTime
                0x20000acc        0x4 CMakeFiles/TestRtos.dir/Middlewares/Third_Party/FreeRTOS/Source/tasks.c.obj
 .bss.xIdleTaskHandle
                0x20000ad0        0x4 CMakeFiles/TestRtos.dir/Middlewares/Third_Party/FreeRTOS/Source/tasks.c.obj
 .bss.uxSchedulerSuspended
                0x20000ad4        0x4 CMakeFiles/TestRtos.dir/Middlewares/Third_Party/FreeRTOS/Source/tasks.c.obj
 .bss.ucHeap    0x20000ad8     0x3c00 CMakeFiles/TestRtos.dir/Middlewares/Third_Party/FreeRTOS/Source/portable/MemMang/heap_4.c.obj
 .bss.xStart    0x200046d8        0x8 CMakeFiles/TestRtos.dir/Middlewares/Third_Party/FreeRTOS/Source/portable/MemMang/heap_4.c.obj
 .bss.pxEnd     0x200046e0        0x4 CMakeFiles/TestRtos.dir/Middlewares/Third_Party/FreeRTOS/Source/portable/MemMang/heap_4.c.obj
 .bss.xFreeBytesRemaining
                0x200046e4        0x4 CMakeFiles/TestRtos.dir/Middlewares/Third_Party/FreeRTOS/Source/portable/MemMang/heap_4.c.obj
 .bss.xMinimumEverFreeBytesRemaining
                0x200046e8        0x4 CMakeFiles/TestRtos.dir/Middlewares/Third_Party/FreeRTOS/Source/portable/MemMang/heap_4.c.obj
 .bss.xNumberOfSuccessfulAllocations
                0x200046ec        0x4 CMakeFiles/TestRtos.dir/Middlewares/Third_Party/FreeRTOS/Source/portable/MemMang/heap_4.c.obj
 .bss.xNumberOfSuccessfulFrees
                0x200046f0        0x4 CMakeFiles/TestRtos.dir/Middlewares/Third_Party/FreeRTOS/Source/portable/MemMang/heap_4.c.obj
 .bss.xBlockAllocatedBit
                0x200046f4        0x4 CMakeFiles/TestRtos.dir/Middlewares/Third_Party/FreeRTOS/Source/portable/MemMang/heap_4.c.obj
 .bss.ucMaxSysCallPriority
                0x200046f8        0x1 CMakeFiles/TestRtos.dir/Middlewares/Third_Party/FreeRTOS/Source/portable/GCC/ARM_CM4F/port.c.obj
 *fill*         0x200046f9        0x3 
 .bss.ulMaxPRIGROUPValue
                0x200046fc        0x4 CMakeFiles/TestRtos.dir/Middlewares/Third_Party/FreeRTOS/Source/portable/GCC/ARM_CM4F/port.c.obj
 .bss.__sbrk_heap_end
                0x20004700        0x4 CMakeFiles/TestRtos.dir/Core/Src/sysmem.c.obj
 *(COMMON)
                0x20004704                        . = ALIGN (0x4)
                0x20004704                        _ebss = .
                0x20004704                        __bss_end__ = _ebss

._user_heap_stack
                0x20004704      0x604
                0x20004708                        . = ALIGN (0x8)
 *fill*         0x20004704        0x4 
                [!provide]                        PROVIDE (end = .)
                0x20004708                        PROVIDE (_end = .)
                0x20004908                        . = (. + _Min_Heap_Size)
 *fill*         0x20004708      0x200 
                0x20004d08                        . = (. + _Min_Stack_Size)
 *fill*         0x20004908      0x400 
                0x20004d08                        . = ALIGN (0x8)

/DISCARD/
 libc.a(*)
 libm.a(*)
 libgcc.a(*)
OUTPUT(TestRtos.elf elf32-littlearm)
LOAD linker stubs
LOAD C:/ST/STM32CubeCLT_1.18.0/GNU-tools-for-STM32/bin/../lib/gcc/arm-none-eabi/13.3.1/../../../../arm-none-eabi/lib/thumb/v7e-m+fp/hard\libc.a
LOAD C:/ST/STM32CubeCLT_1.18.0/GNU-tools-for-STM32/bin/../lib/gcc/arm-none-eabi/13.3.1/../../../../arm-none-eabi/lib/thumb/v7e-m+fp/hard\libm.a
LOAD C:/ST/STM32CubeCLT_1.18.0/GNU-tools-for-STM32/bin/../lib/gcc/arm-none-eabi/13.3.1/thumb/v7e-m+fp/hard\libgcc.a

.ARM.attributes
                0x00000000       0x30
 .ARM.attributes
                0x00000000       0x22 C:/ST/STM32CubeCLT_1.18.0/GNU-tools-for-STM32/bin/../lib/gcc/arm-none-eabi/13.3.1/thumb/v7e-m+fp/hard/crti.o
 .ARM.attributes
                0x00000022       0x34 C:/ST/STM32CubeCLT_1.18.0/GNU-tools-for-STM32/bin/../lib/gcc/arm-none-eabi/13.3.1/thumb/v7e-m+fp/hard/crtbegin.o
 .ARM.attributes
                0x00000056       0x34 C:/ST/STM32CubeCLT_1.18.0/GNU-tools-for-STM32/bin/../lib/gcc/arm-none-eabi/13.3.1/../../../../arm-none-eabi/lib/thumb/v7e-m+fp/hard\libc_nano.a(libc_a-findfp.o)
 .ARM.attributes
                0x0000008a       0x34 C:/ST/STM32CubeCLT_1.18.0/GNU-tools-for-STM32/bin/../lib/gcc/arm-none-eabi/13.3.1/../../../../arm-none-eabi/lib/thumb/v7e-m+fp/hard\libc_nano.a(libc_a-memset.o)
 .ARM.attributes
                0x000000be       0x34 C:/ST/STM32CubeCLT_1.18.0/GNU-tools-for-STM32/bin/../lib/gcc/arm-none-eabi/13.3.1/../../../../arm-none-eabi/lib/thumb/v7e-m+fp/hard\libc_nano.a(libc_a-reent.o)
 .ARM.attributes
                0x000000f2       0x34 C:/ST/STM32CubeCLT_1.18.0/GNU-tools-for-STM32/bin/../lib/gcc/arm-none-eabi/13.3.1/../../../../arm-none-eabi/lib/thumb/v7e-m+fp/hard\libc_nano.a(libc_a-impure.o)
 .ARM.attributes
                0x00000126       0x34 C:/ST/STM32CubeCLT_1.18.0/GNU-tools-for-STM32/bin/../lib/gcc/arm-none-eabi/13.3.1/../../../../arm-none-eabi/lib/thumb/v7e-m+fp/hard\libc_nano.a(libc_a-init.o)
 .ARM.attributes
                0x0000015a       0x34 C:/ST/STM32CubeCLT_1.18.0/GNU-tools-for-STM32/bin/../lib/gcc/arm-none-eabi/13.3.1/../../../../arm-none-eabi/lib/thumb/v7e-m+fp/hard\libc_nano.a(libc_a-lock.o)
 .ARM.attributes
                0x0000018e       0x34 C:/ST/STM32CubeCLT_1.18.0/GNU-tools-for-STM32/bin/../lib/gcc/arm-none-eabi/13.3.1/../../../../arm-none-eabi/lib/thumb/v7e-m+fp/hard\libc_nano.a(libc_a-freer.o)
 .ARM.attributes
                0x000001c2       0x34 C:/ST/STM32CubeCLT_1.18.0/GNU-tools-for-STM32/bin/../lib/gcc/arm-none-eabi/13.3.1/../../../../arm-none-eabi/lib/thumb/v7e-m+fp/hard\libc_nano.a(libc_a-mallocr.o)
 .ARM.attributes
                0x000001f6       0x34 C:/ST/STM32CubeCLT_1.18.0/GNU-tools-for-STM32/bin/../lib/gcc/arm-none-eabi/13.3.1/../../../../arm-none-eabi/lib/thumb/v7e-m+fp/hard\libc_nano.a(libc_a-mlock.o)
 .ARM.attributes
                0x0000022a       0x34 C:/ST/STM32CubeCLT_1.18.0/GNU-tools-for-STM32/bin/../lib/gcc/arm-none-eabi/13.3.1/../../../../arm-none-eabi/lib/thumb/v7e-m+fp/hard\libc_nano.a(libc_a-sbrkr.o)
 .ARM.attributes
                0x0000025e       0x34 CMakeFiles/TestRtos.dir/Core/Src/MainProgram/receivingdata_multiplesource.c.obj
 .ARM.attributes
                0x00000292       0x34 CMakeFiles/TestRtos.dir/Core/Src/driver.init.c.obj
 .ARM.attributes
                0x000002c6       0x34 CMakeFiles/TestRtos.dir/Core/Src/freertos.c.obj
 .ARM.attributes
                0x000002fa       0x34 CMakeFiles/TestRtos.dir/Core/Src/stm32f4xx_it.c.obj
 .ARM.attributes
                0x0000032e       0x34 CMakeFiles/TestRtos.dir/Core/Src/stm32f4xx_hal_msp.c.obj
 .ARM.attributes
                0x00000362       0x34 CMakeFiles/TestRtos.dir/Core/Src/stm32f4xx_hal_timebase_tim.c.obj
 .ARM.attributes
                0x00000396       0x34 CMakeFiles/TestRtos.dir/Drivers/STM32F4xx_HAL_Driver/Src/stm32f4xx_hal_tim.c.obj
 .ARM.attributes
                0x000003ca       0x34 CMakeFiles/TestRtos.dir/Drivers/STM32F4xx_HAL_Driver/Src/stm32f4xx_hal_tim_ex.c.obj
 .ARM.attributes
                0x000003fe       0x34 CMakeFiles/TestRtos.dir/Drivers/STM32F4xx_HAL_Driver/Src/stm32f4xx_hal_rcc.c.obj
 .ARM.attributes
                0x00000432       0x34 CMakeFiles/TestRtos.dir/Drivers/STM32F4xx_HAL_Driver/Src/stm32f4xx_hal_gpio.c.obj
 .ARM.attributes
                0x00000466       0x34 CMakeFiles/TestRtos.dir/Drivers/STM32F4xx_HAL_Driver/Src/stm32f4xx_hal_cortex.c.obj
 .ARM.attributes
                0x0000049a       0x34 CMakeFiles/TestRtos.dir/Drivers/STM32F4xx_HAL_Driver/Src/stm32f4xx_hal.c.obj
 .ARM.attributes
                0x000004ce       0x34 CMakeFiles/TestRtos.dir/Drivers/STM32F4xx_HAL_Driver/Src/stm32f4xx_hal_uart.c.obj
 .ARM.attributes
                0x00000502       0x34 CMakeFiles/TestRtos.dir/Drivers/STM32F4xx_HAL_Driver/Src/stm32f4xx_hal_pcd.c.obj
 .ARM.attributes
                0x00000536       0x34 CMakeFiles/TestRtos.dir/Drivers/STM32F4xx_HAL_Driver/Src/stm32f4xx_ll_usb.c.obj
 .ARM.attributes
                0x0000056a       0x34 CMakeFiles/TestRtos.dir/Core/Src/system_stm32f4xx.c.obj
 .ARM.attributes
                0x0000059e       0x34 CMakeFiles/TestRtos.dir/Middlewares/Third_Party/FreeRTOS/Source/list.c.obj
 .ARM.attributes
                0x000005d2       0x34 CMakeFiles/TestRtos.dir/Middlewares/Third_Party/FreeRTOS/Source/queue.c.obj
 .ARM.attributes
                0x00000606       0x34 CMakeFiles/TestRtos.dir/Middlewares/Third_Party/FreeRTOS/Source/tasks.c.obj
 .ARM.attributes
                0x0000063a       0x34 CMakeFiles/TestRtos.dir/Middlewares/Third_Party/FreeRTOS/Source/portable/MemMang/heap_4.c.obj
 .ARM.attributes
                0x0000066e       0x34 CMakeFiles/TestRtos.dir/Middlewares/Third_Party/FreeRTOS/Source/portable/GCC/ARM_CM4F/port.c.obj
 .ARM.attributes
                0x000006a2       0x34 CMakeFiles/TestRtos.dir/Core/Src/sysmem.c.obj
 .ARM.attributes
                0x000006d6       0x21 CMakeFiles/TestRtos.dir/startup_stm32f429xx.s.obj
 .ARM.attributes
                0x000006f7       0x22 C:/ST/STM32CubeCLT_1.18.0/GNU-tools-for-STM32/bin/../lib/gcc/arm-none-eabi/13.3.1/thumb/v7e-m+fp/hard\libgcc.a(_aeabi_uldivmod.o)
 .ARM.attributes
                0x00000719       0x34 C:/ST/STM32CubeCLT_1.18.0/GNU-tools-for-STM32/bin/../lib/gcc/arm-none-eabi/13.3.1/thumb/v7e-m+fp/hard\libgcc.a(_udivmoddi4.o)
 .ARM.attributes
                0x0000074d       0x22 C:/ST/STM32CubeCLT_1.18.0/GNU-tools-for-STM32/bin/../lib/gcc/arm-none-eabi/13.3.1/thumb/v7e-m+fp/hard\libgcc.a(_dvmd_tls.o)
 .ARM.attributes
                0x0000076f       0x34 C:/ST/STM32CubeCLT_1.18.0/GNU-tools-for-STM32/bin/../lib/gcc/arm-none-eabi/13.3.1/../../../../arm-none-eabi/lib/thumb/v7e-m+fp/hard\libg_nano.a(libc_a-sprintf.o)
 .ARM.attributes
                0x000007a3       0x34 C:/ST/STM32CubeCLT_1.18.0/GNU-tools-for-STM32/bin/../lib/gcc/arm-none-eabi/13.3.1/../../../../arm-none-eabi/lib/thumb/v7e-m+fp/hard\libg_nano.a(libc_a-errno.o)
 .ARM.attributes
                0x000007d7       0x34 C:/ST/STM32CubeCLT_1.18.0/GNU-tools-for-STM32/bin/../lib/gcc/arm-none-eabi/13.3.1/../../../../arm-none-eabi/lib/thumb/v7e-m+fp/hard\libg_nano.a(libc_a-memcpy-stub.o)
 .ARM.attributes
                0x0000080b       0x17 C:/ST/STM32CubeCLT_1.18.0/GNU-tools-for-STM32/bin/../lib/gcc/arm-none-eabi/13.3.1/../../../../arm-none-eabi/lib/thumb/v7e-m+fp/hard\libg_nano.a(libc_a-strlen.o)
 .ARM.attributes
                0x00000822       0x34 C:/ST/STM32CubeCLT_1.18.0/GNU-tools-for-STM32/bin/../lib/gcc/arm-none-eabi/13.3.1/../../../../arm-none-eabi/lib/thumb/v7e-m+fp/hard\libg_nano.a(libc_a-nano-svfprintf.o)
 .ARM.attributes
                0x00000856       0x34 C:/ST/STM32CubeCLT_1.18.0/GNU-tools-for-STM32/bin/../lib/gcc/arm-none-eabi/13.3.1/../../../../arm-none-eabi/lib/thumb/v7e-m+fp/hard\libg_nano.a(libc_a-nano-vfprintf_i.o)
 .ARM.attributes
                0x0000088a       0x34 C:/ST/STM32CubeCLT_1.18.0/GNU-tools-for-STM32/bin/../lib/gcc/arm-none-eabi/13.3.1/../../../../arm-none-eabi/lib/thumb/v7e-m+fp/hard\libg_nano.a(libc_a-memmove.o)
 .ARM.attributes
                0x000008be       0x1c C:/ST/STM32CubeCLT_1.18.0/GNU-tools-for-STM32/bin/../lib/gcc/arm-none-eabi/13.3.1/../../../../arm-none-eabi/lib/thumb/v7e-m+fp/hard\libg_nano.a(libc_a-memchr.o)
 .ARM.attributes
                0x000008da       0x34 C:/ST/STM32CubeCLT_1.18.0/GNU-tools-for-STM32/bin/../lib/gcc/arm-none-eabi/13.3.1/../../../../arm-none-eabi/lib/thumb/v7e-m+fp/hard\libg_nano.a(libc_a-reallocr.o)
 .ARM.attributes
                0x0000090e       0x34 C:/ST/STM32CubeCLT_1.18.0/GNU-tools-for-STM32/bin/../lib/gcc/arm-none-eabi/13.3.1/../../../../arm-none-eabi/lib/thumb/v7e-m+fp/hard\libg_nano.a(libc_a-msizer.o)
 .ARM.attributes
                0x00000942       0x22 C:/ST/STM32CubeCLT_1.18.0/GNU-tools-for-STM32/bin/../lib/gcc/arm-none-eabi/13.3.1/thumb/v7e-m+fp/hard/crtn.o

.comment        0x00000000       0x43
 .comment       0x00000000       0x43 CMakeFiles/TestRtos.dir/Core/Src/MainProgram/receivingdata_multiplesource.c.obj
                                 0x44 (size before relaxing)
 .comment       0x00000043       0x44 CMakeFiles/TestRtos.dir/Core/Src/driver.init.c.obj
 .comment       0x00000043       0x44 CMakeFiles/TestRtos.dir/Core/Src/freertos.c.obj
 .comment       0x00000043       0x44 CMakeFiles/TestRtos.dir/Core/Src/stm32f4xx_it.c.obj
 .comment       0x00000043       0x44 CMakeFiles/TestRtos.dir/Core/Src/stm32f4xx_hal_msp.c.obj
 .comment       0x00000043       0x44 CMakeFiles/TestRtos.dir/Core/Src/stm32f4xx_hal_timebase_tim.c.obj
 .comment       0x00000043       0x44 CMakeFiles/TestRtos.dir/Drivers/STM32F4xx_HAL_Driver/Src/stm32f4xx_hal_tim.c.obj
 .comment       0x00000043       0x44 CMakeFiles/TestRtos.dir/Drivers/STM32F4xx_HAL_Driver/Src/stm32f4xx_hal_tim_ex.c.obj
 .comment       0x00000043       0x44 CMakeFiles/TestRtos.dir/Drivers/STM32F4xx_HAL_Driver/Src/stm32f4xx_hal_rcc.c.obj
 .comment       0x00000043       0x44 CMakeFiles/TestRtos.dir/Drivers/STM32F4xx_HAL_Driver/Src/stm32f4xx_hal_gpio.c.obj
 .comment       0x00000043       0x44 CMakeFiles/TestRtos.dir/Drivers/STM32F4xx_HAL_Driver/Src/stm32f4xx_hal_cortex.c.obj
 .comment       0x00000043       0x44 CMakeFiles/TestRtos.dir/Drivers/STM32F4xx_HAL_Driver/Src/stm32f4xx_hal.c.obj
 .comment       0x00000043       0x44 CMakeFiles/TestRtos.dir/Drivers/STM32F4xx_HAL_Driver/Src/stm32f4xx_hal_uart.c.obj
 .comment       0x00000043       0x44 CMakeFiles/TestRtos.dir/Drivers/STM32F4xx_HAL_Driver/Src/stm32f4xx_hal_pcd.c.obj
 .comment       0x00000043       0x44 CMakeFiles/TestRtos.dir/Drivers/STM32F4xx_HAL_Driver/Src/stm32f4xx_ll_usb.c.obj
 .comment       0x00000043       0x44 CMakeFiles/TestRtos.dir/Core/Src/system_stm32f4xx.c.obj
 .comment       0x00000043       0x44 CMakeFiles/TestRtos.dir/Middlewares/Third_Party/FreeRTOS/Source/list.c.obj
 .comment       0x00000043       0x44 CMakeFiles/TestRtos.dir/Middlewares/Third_Party/FreeRTOS/Source/queue.c.obj
 .comment       0x00000043       0x44 CMakeFiles/TestRtos.dir/Middlewares/Third_Party/FreeRTOS/Source/tasks.c.obj
 .comment       0x00000043       0x44 CMakeFiles/TestRtos.dir/Middlewares/Third_Party/FreeRTOS/Source/portable/MemMang/heap_4.c.obj
 .comment       0x00000043       0x44 CMakeFiles/TestRtos.dir/Middlewares/Third_Party/FreeRTOS/Source/portable/GCC/ARM_CM4F/port.c.obj
 .comment       0x00000043       0x44 CMakeFiles/TestRtos.dir/Core/Src/sysmem.c.obj
 .comment       0x00000043       0x44 C:/ST/STM32CubeCLT_1.18.0/GNU-tools-for-STM32/bin/../lib/gcc/arm-none-eabi/13.3.1/../../../../arm-none-eabi/lib/thumb/v7e-m+fp/hard\libg_nano.a(libc_a-sprintf.o)
 .comment       0x00000043       0x44 C:/ST/STM32CubeCLT_1.18.0/GNU-tools-for-STM32/bin/../lib/gcc/arm-none-eabi/13.3.1/../../../../arm-none-eabi/lib/thumb/v7e-m+fp/hard\libg_nano.a(libc_a-errno.o)
 .comment       0x00000043       0x44 C:/ST/STM32CubeCLT_1.18.0/GNU-tools-for-STM32/bin/../lib/gcc/arm-none-eabi/13.3.1/../../../../arm-none-eabi/lib/thumb/v7e-m+fp/hard\libg_nano.a(libc_a-memcpy-stub.o)
 .comment       0x00000043       0x44 C:/ST/STM32CubeCLT_1.18.0/GNU-tools-for-STM32/bin/../lib/gcc/arm-none-eabi/13.3.1/../../../../arm-none-eabi/lib/thumb/v7e-m+fp/hard\libg_nano.a(libc_a-nano-svfprintf.o)
 .comment       0x00000043       0x44 C:/ST/STM32CubeCLT_1.18.0/GNU-tools-for-STM32/bin/../lib/gcc/arm-none-eabi/13.3.1/../../../../arm-none-eabi/lib/thumb/v7e-m+fp/hard\libg_nano.a(libc_a-nano-vfprintf_i.o)
 .comment       0x00000043       0x44 C:/ST/STM32CubeCLT_1.18.0/GNU-tools-for-STM32/bin/../lib/gcc/arm-none-eabi/13.3.1/../../../../arm-none-eabi/lib/thumb/v7e-m+fp/hard\libg_nano.a(libc_a-memmove.o)
 .comment       0x00000043       0x44 C:/ST/STM32CubeCLT_1.18.0/GNU-tools-for-STM32/bin/../lib/gcc/arm-none-eabi/13.3.1/../../../../arm-none-eabi/lib/thumb/v7e-m+fp/hard\libg_nano.a(libc_a-reallocr.o)
 .comment       0x00000043       0x44 C:/ST/STM32CubeCLT_1.18.0/GNU-tools-for-STM32/bin/../lib/gcc/arm-none-eabi/13.3.1/../../../../arm-none-eabi/lib/thumb/v7e-m+fp/hard\libg_nano.a(libc_a-msizer.o)

.debug_frame    0x00000000     0x5510
 .debug_frame   0x00000000      0x144 C:/ST/STM32CubeCLT_1.18.0/GNU-tools-for-STM32/bin/../lib/gcc/arm-none-eabi/13.3.1/../../../../arm-none-eabi/lib/thumb/v7e-m+fp/hard\libc_nano.a(libc_a-findfp.o)
 .debug_frame   0x00000144       0x20 C:/ST/STM32CubeCLT_1.18.0/GNU-tools-for-STM32/bin/../lib/gcc/arm-none-eabi/13.3.1/../../../../arm-none-eabi/lib/thumb/v7e-m+fp/hard\libc_nano.a(libc_a-memset.o)
 .debug_frame   0x00000164       0x38 C:/ST/STM32CubeCLT_1.18.0/GNU-tools-for-STM32/bin/../lib/gcc/arm-none-eabi/13.3.1/../../../../arm-none-eabi/lib/thumb/v7e-m+fp/hard\libc_nano.a(libc_a-reent.o)
 .debug_frame   0x0000019c       0x2c C:/ST/STM32CubeCLT_1.18.0/GNU-tools-for-STM32/bin/../lib/gcc/arm-none-eabi/13.3.1/../../../../arm-none-eabi/lib/thumb/v7e-m+fp/hard\libc_nano.a(libc_a-init.o)
 .debug_frame   0x000001c8       0xb0 C:/ST/STM32CubeCLT_1.18.0/GNU-tools-for-STM32/bin/../lib/gcc/arm-none-eabi/13.3.1/../../../../arm-none-eabi/lib/thumb/v7e-m+fp/hard\libc_nano.a(libc_a-lock.o)
 .debug_frame   0x00000278       0x38 C:/ST/STM32CubeCLT_1.18.0/GNU-tools-for-STM32/bin/../lib/gcc/arm-none-eabi/13.3.1/../../../../arm-none-eabi/lib/thumb/v7e-m+fp/hard\libc_nano.a(libc_a-freer.o)
 .debug_frame   0x000002b0       0x50 C:/ST/STM32CubeCLT_1.18.0/GNU-tools-for-STM32/bin/../lib/gcc/arm-none-eabi/13.3.1/../../../../arm-none-eabi/lib/thumb/v7e-m+fp/hard\libc_nano.a(libc_a-mallocr.o)
 .debug_frame   0x00000300       0x30 C:/ST/STM32CubeCLT_1.18.0/GNU-tools-for-STM32/bin/../lib/gcc/arm-none-eabi/13.3.1/../../../../arm-none-eabi/lib/thumb/v7e-m+fp/hard\libc_nano.a(libc_a-mlock.o)
 .debug_frame   0x00000330       0x2c C:/ST/STM32CubeCLT_1.18.0/GNU-tools-for-STM32/bin/../lib/gcc/arm-none-eabi/13.3.1/../../../../arm-none-eabi/lib/thumb/v7e-m+fp/hard\libc_nano.a(libc_a-sbrkr.o)
 .debug_frame   0x0000035c       0xb4 CMakeFiles/TestRtos.dir/Core/Src/MainProgram/receivingdata_multiplesource.c.obj
 .debug_frame   0x00000410       0xf0 CMakeFiles/TestRtos.dir/Core/Src/driver.init.c.obj
 .debug_frame   0x00000500       0x38 CMakeFiles/TestRtos.dir/Core/Src/freertos.c.obj
 .debug_frame   0x00000538       0xc4 CMakeFiles/TestRtos.dir/Core/Src/stm32f4xx_it.c.obj
 .debug_frame   0x000005fc      0x10c CMakeFiles/TestRtos.dir/Core/Src/stm32f4xx_hal_msp.c.obj
 .debug_frame   0x00000708       0x74 CMakeFiles/TestRtos.dir/Core/Src/stm32f4xx_hal_timebase_tim.c.obj
 .debug_frame   0x0000077c     0x11c0 CMakeFiles/TestRtos.dir/Drivers/STM32F4xx_HAL_Driver/Src/stm32f4xx_hal_tim.c.obj
 .debug_frame   0x0000193c      0x638 CMakeFiles/TestRtos.dir/Drivers/STM32F4xx_HAL_Driver/Src/stm32f4xx_hal_tim_ex.c.obj
 .debug_frame   0x00001f74      0x1f4 CMakeFiles/TestRtos.dir/Drivers/STM32F4xx_HAL_Driver/Src/stm32f4xx_hal_rcc.c.obj
 .debug_frame   0x00002168      0x14c CMakeFiles/TestRtos.dir/Drivers/STM32F4xx_HAL_Driver/Src/stm32f4xx_hal_gpio.c.obj
 .debug_frame   0x000022b4      0x508 CMakeFiles/TestRtos.dir/Drivers/STM32F4xx_HAL_Driver/Src/stm32f4xx_hal_cortex.c.obj
 .debug_frame   0x000027bc      0x3b4 CMakeFiles/TestRtos.dir/Drivers/STM32F4xx_HAL_Driver/Src/stm32f4xx_hal.c.obj
 .debug_frame   0x00002b70      0x954 CMakeFiles/TestRtos.dir/Drivers/STM32F4xx_HAL_Driver/Src/stm32f4xx_hal_uart.c.obj
 .debug_frame   0x000034c4      0x5b8 CMakeFiles/TestRtos.dir/Drivers/STM32F4xx_HAL_Driver/Src/stm32f4xx_hal_pcd.c.obj
 .debug_frame   0x00003a7c      0x7c0 CMakeFiles/TestRtos.dir/Drivers/STM32F4xx_HAL_Driver/Src/stm32f4xx_ll_usb.c.obj
 .debug_frame   0x0000423c       0x58 CMakeFiles/TestRtos.dir/Core/Src/system_stm32f4xx.c.obj
 .debug_frame   0x00004294       0xd8 CMakeFiles/TestRtos.dir/Middlewares/Third_Party/FreeRTOS/Source/list.c.obj
 .debug_frame   0x0000436c      0x46c CMakeFiles/TestRtos.dir/Middlewares/Third_Party/FreeRTOS/Source/queue.c.obj
 .debug_frame   0x000047d8      0x7a0 CMakeFiles/TestRtos.dir/Middlewares/Third_Party/FreeRTOS/Source/tasks.c.obj
 .debug_frame   0x00004f78      0x12c CMakeFiles/TestRtos.dir/Middlewares/Third_Party/FreeRTOS/Source/portable/MemMang/heap_4.c.obj
 .debug_frame   0x000050a4      0x1a8 CMakeFiles/TestRtos.dir/Middlewares/Third_Party/FreeRTOS/Source/portable/GCC/ARM_CM4F/port.c.obj
 .debug_frame   0x0000524c       0x34 CMakeFiles/TestRtos.dir/Core/Src/sysmem.c.obj
 .debug_frame   0x00005280       0x2c C:/ST/STM32CubeCLT_1.18.0/GNU-tools-for-STM32/bin/../lib/gcc/arm-none-eabi/13.3.1/thumb/v7e-m+fp/hard\libgcc.a(_aeabi_uldivmod.o)
 .debug_frame   0x000052ac       0x34 C:/ST/STM32CubeCLT_1.18.0/GNU-tools-for-STM32/bin/../lib/gcc/arm-none-eabi/13.3.1/thumb/v7e-m+fp/hard\libgcc.a(_udivmoddi4.o)
 .debug_frame   0x000052e0       0x74 C:/ST/STM32CubeCLT_1.18.0/GNU-tools-for-STM32/bin/../lib/gcc/arm-none-eabi/13.3.1/../../../../arm-none-eabi/lib/thumb/v7e-m+fp/hard\libg_nano.a(libc_a-sprintf.o)
 .debug_frame   0x00005354       0x20 C:/ST/STM32CubeCLT_1.18.0/GNU-tools-for-STM32/bin/../lib/gcc/arm-none-eabi/13.3.1/../../../../arm-none-eabi/lib/thumb/v7e-m+fp/hard\libg_nano.a(libc_a-errno.o)
 .debug_frame   0x00005374       0x28 C:/ST/STM32CubeCLT_1.18.0/GNU-tools-for-STM32/bin/../lib/gcc/arm-none-eabi/13.3.1/../../../../arm-none-eabi/lib/thumb/v7e-m+fp/hard\libg_nano.a(libc_a-memcpy-stub.o)
 .debug_frame   0x0000539c       0x90 C:/ST/STM32CubeCLT_1.18.0/GNU-tools-for-STM32/bin/../lib/gcc/arm-none-eabi/13.3.1/../../../../arm-none-eabi/lib/thumb/v7e-m+fp/hard\libg_nano.a(libc_a-nano-svfprintf.o)
 .debug_frame   0x0000542c       0x60 C:/ST/STM32CubeCLT_1.18.0/GNU-tools-for-STM32/bin/../lib/gcc/arm-none-eabi/13.3.1/../../../../arm-none-eabi/lib/thumb/v7e-m+fp/hard\libg_nano.a(libc_a-nano-vfprintf_i.o)
 .debug_frame   0x0000548c       0x28 C:/ST/STM32CubeCLT_1.18.0/GNU-tools-for-STM32/bin/../lib/gcc/arm-none-eabi/13.3.1/../../../../arm-none-eabi/lib/thumb/v7e-m+fp/hard\libg_nano.a(libc_a-memmove.o)
 .debug_frame   0x000054b4       0x3c C:/ST/STM32CubeCLT_1.18.0/GNU-tools-for-STM32/bin/../lib/gcc/arm-none-eabi/13.3.1/../../../../arm-none-eabi/lib/thumb/v7e-m+fp/hard\libg_nano.a(libc_a-reallocr.o)
 .debug_frame   0x000054f0       0x20 C:/ST/STM32CubeCLT_1.18.0/GNU-tools-for-STM32/bin/../lib/gcc/arm-none-eabi/13.3.1/../../../../arm-none-eabi/lib/thumb/v7e-m+fp/hard\libg_nano.a(libc_a-msizer.o)

.debug_info     0x00000000    0x19ad8
 .debug_info    0x00000000      0x964 CMakeFiles/TestRtos.dir/Core/Src/MainProgram/receivingdata_multiplesource.c.obj
 .debug_info    0x00000964     0x148f CMakeFiles/TestRtos.dir/Core/Src/driver.init.c.obj
 .debug_info    0x00001df3      0x279 CMakeFiles/TestRtos.dir/Core/Src/freertos.c.obj
 .debug_info    0x0000206c      0x6ab CMakeFiles/TestRtos.dir/Core/Src/stm32f4xx_it.c.obj
 .debug_info    0x00002717     0x1a16 CMakeFiles/TestRtos.dir/Core/Src/stm32f4xx_hal_msp.c.obj
 .debug_info    0x0000412d      0xc32 CMakeFiles/TestRtos.dir/Core/Src/stm32f4xx_hal_timebase_tim.c.obj
 .debug_info    0x00004d5f     0x299d CMakeFiles/TestRtos.dir/Drivers/STM32F4xx_HAL_Driver/Src/stm32f4xx_hal_tim.c.obj
 .debug_info    0x000076fc     0x14db CMakeFiles/TestRtos.dir/Drivers/STM32F4xx_HAL_Driver/Src/stm32f4xx_hal_tim_ex.c.obj
 .debug_info    0x00008bd7      0x8db CMakeFiles/TestRtos.dir/Drivers/STM32F4xx_HAL_Driver/Src/stm32f4xx_hal_rcc.c.obj
 .debug_info    0x000094b2      0x6db CMakeFiles/TestRtos.dir/Drivers/STM32F4xx_HAL_Driver/Src/stm32f4xx_hal_gpio.c.obj
 .debug_info    0x00009b8d      0xdc2 CMakeFiles/TestRtos.dir/Drivers/STM32F4xx_HAL_Driver/Src/stm32f4xx_hal_cortex.c.obj
 .debug_info    0x0000a94f      0x9ba CMakeFiles/TestRtos.dir/Drivers/STM32F4xx_HAL_Driver/Src/stm32f4xx_hal.c.obj
 .debug_info    0x0000b309     0x2f4f CMakeFiles/TestRtos.dir/Drivers/STM32F4xx_HAL_Driver/Src/stm32f4xx_hal_uart.c.obj
 .debug_info    0x0000e258     0x156f CMakeFiles/TestRtos.dir/Drivers/STM32F4xx_HAL_Driver/Src/stm32f4xx_hal_pcd.c.obj
 .debug_info    0x0000f7c7     0x1993 CMakeFiles/TestRtos.dir/Drivers/STM32F4xx_HAL_Driver/Src/stm32f4xx_ll_usb.c.obj
 .debug_info    0x0001115a      0x52e CMakeFiles/TestRtos.dir/Core/Src/system_stm32f4xx.c.obj
 .debug_info    0x00011688      0x2af CMakeFiles/TestRtos.dir/Middlewares/Third_Party/FreeRTOS/Source/list.c.obj
 .debug_info    0x00011937     0x17cd CMakeFiles/TestRtos.dir/Middlewares/Third_Party/FreeRTOS/Source/queue.c.obj
 .debug_info    0x00013104     0x1d79 CMakeFiles/TestRtos.dir/Middlewares/Third_Party/FreeRTOS/Source/tasks.c.obj
 .debug_info    0x00014e7d      0x4d5 CMakeFiles/TestRtos.dir/Middlewares/Third_Party/FreeRTOS/Source/portable/MemMang/heap_4.c.obj
 .debug_info    0x00015352      0x4de CMakeFiles/TestRtos.dir/Middlewares/Third_Party/FreeRTOS/Source/portable/GCC/ARM_CM4F/port.c.obj
 .debug_info    0x00015830      0x168 CMakeFiles/TestRtos.dir/Core/Src/sysmem.c.obj
 .debug_info    0x00015998       0x30 CMakeFiles/TestRtos.dir/startup_stm32f429xx.s.obj
 .debug_info    0x000159c8      0x885 C:/ST/STM32CubeCLT_1.18.0/GNU-tools-for-STM32/bin/../lib/gcc/arm-none-eabi/13.3.1/../../../../arm-none-eabi/lib/thumb/v7e-m+fp/hard\libg_nano.a(libc_a-sprintf.o)
 .debug_info    0x0001624d      0x6fb C:/ST/STM32CubeCLT_1.18.0/GNU-tools-for-STM32/bin/../lib/gcc/arm-none-eabi/13.3.1/../../../../arm-none-eabi/lib/thumb/v7e-m+fp/hard\libg_nano.a(libc_a-errno.o)
 .debug_info    0x00016948      0x121 C:/ST/STM32CubeCLT_1.18.0/GNU-tools-for-STM32/bin/../lib/gcc/arm-none-eabi/13.3.1/../../../../arm-none-eabi/lib/thumb/v7e-m+fp/hard\libg_nano.a(libc_a-memcpy-stub.o)
 .debug_info    0x00016a69       0x31 C:/ST/STM32CubeCLT_1.18.0/GNU-tools-for-STM32/bin/../lib/gcc/arm-none-eabi/13.3.1/../../../../arm-none-eabi/lib/thumb/v7e-m+fp/hard\libg_nano.a(libc_a-strlen.o)
 .debug_info    0x00016a9a     0x10c7 C:/ST/STM32CubeCLT_1.18.0/GNU-tools-for-STM32/bin/../lib/gcc/arm-none-eabi/13.3.1/../../../../arm-none-eabi/lib/thumb/v7e-m+fp/hard\libg_nano.a(libc_a-nano-svfprintf.o)
 .debug_info    0x00017b61      0xde2 C:/ST/STM32CubeCLT_1.18.0/GNU-tools-for-STM32/bin/../lib/gcc/arm-none-eabi/13.3.1/../../../../arm-none-eabi/lib/thumb/v7e-m+fp/hard\libg_nano.a(libc_a-nano-vfprintf_i.o)
 .debug_info    0x00018943      0x10f C:/ST/STM32CubeCLT_1.18.0/GNU-tools-for-STM32/bin/../lib/gcc/arm-none-eabi/13.3.1/../../../../arm-none-eabi/lib/thumb/v7e-m+fp/hard\libg_nano.a(libc_a-memmove.o)
 .debug_info    0x00018a52       0x25 C:/ST/STM32CubeCLT_1.18.0/GNU-tools-for-STM32/bin/../lib/gcc/arm-none-eabi/13.3.1/../../../../arm-none-eabi/lib/thumb/v7e-m+fp/hard\libg_nano.a(libc_a-memchr.o)
 .debug_info    0x00018a77      0x8cd C:/ST/STM32CubeCLT_1.18.0/GNU-tools-for-STM32/bin/../lib/gcc/arm-none-eabi/13.3.1/../../../../arm-none-eabi/lib/thumb/v7e-m+fp/hard\libg_nano.a(libc_a-reallocr.o)
 .debug_info    0x00019344      0x794 C:/ST/STM32CubeCLT_1.18.0/GNU-tools-for-STM32/bin/../lib/gcc/arm-none-eabi/13.3.1/../../../../arm-none-eabi/lib/thumb/v7e-m+fp/hard\libg_nano.a(libc_a-msizer.o)

.debug_abbrev   0x00000000     0x4018
 .debug_abbrev  0x00000000      0x260 CMakeFiles/TestRtos.dir/Core/Src/MainProgram/receivingdata_multiplesource.c.obj
 .debug_abbrev  0x00000260      0x2e2 CMakeFiles/TestRtos.dir/Core/Src/driver.init.c.obj
 .debug_abbrev  0x00000542       0xd2 CMakeFiles/TestRtos.dir/Core/Src/freertos.c.obj
 .debug_abbrev  0x00000614      0x17d CMakeFiles/TestRtos.dir/Core/Src/stm32f4xx_it.c.obj
 .debug_abbrev  0x00000791      0x270 CMakeFiles/TestRtos.dir/Core/Src/stm32f4xx_hal_msp.c.obj
 .debug_abbrev  0x00000a01      0x1f4 CMakeFiles/TestRtos.dir/Core/Src/stm32f4xx_hal_timebase_tim.c.obj
 .debug_abbrev  0x00000bf5      0x278 CMakeFiles/TestRtos.dir/Drivers/STM32F4xx_HAL_Driver/Src/stm32f4xx_hal_tim.c.obj
 .debug_abbrev  0x00000e6d      0x283 CMakeFiles/TestRtos.dir/Drivers/STM32F4xx_HAL_Driver/Src/stm32f4xx_hal_tim_ex.c.obj
 .debug_abbrev  0x000010f0      0x2b7 CMakeFiles/TestRtos.dir/Drivers/STM32F4xx_HAL_Driver/Src/stm32f4xx_hal_rcc.c.obj
 .debug_abbrev  0x000013a7      0x1d4 CMakeFiles/TestRtos.dir/Drivers/STM32F4xx_HAL_Driver/Src/stm32f4xx_hal_gpio.c.obj
 .debug_abbrev  0x0000157b      0x31d CMakeFiles/TestRtos.dir/Drivers/STM32F4xx_HAL_Driver/Src/stm32f4xx_hal_cortex.c.obj
 .debug_abbrev  0x00001898      0x214 CMakeFiles/TestRtos.dir/Drivers/STM32F4xx_HAL_Driver/Src/stm32f4xx_hal.c.obj
 .debug_abbrev  0x00001aac      0x30e CMakeFiles/TestRtos.dir/Drivers/STM32F4xx_HAL_Driver/Src/stm32f4xx_hal_uart.c.obj
 .debug_abbrev  0x00001dba      0x2b9 CMakeFiles/TestRtos.dir/Drivers/STM32F4xx_HAL_Driver/Src/stm32f4xx_hal_pcd.c.obj
 .debug_abbrev  0x00002073      0x2b3 CMakeFiles/TestRtos.dir/Drivers/STM32F4xx_HAL_Driver/Src/stm32f4xx_ll_usb.c.obj
 .debug_abbrev  0x00002326      0x11a CMakeFiles/TestRtos.dir/Core/Src/system_stm32f4xx.c.obj
 .debug_abbrev  0x00002440       0xf5 CMakeFiles/TestRtos.dir/Middlewares/Third_Party/FreeRTOS/Source/list.c.obj
 .debug_abbrev  0x00002535      0x3b5 CMakeFiles/TestRtos.dir/Middlewares/Third_Party/FreeRTOS/Source/queue.c.obj
 .debug_abbrev  0x000028ea      0x359 CMakeFiles/TestRtos.dir/Middlewares/Third_Party/FreeRTOS/Source/tasks.c.obj
 .debug_abbrev  0x00002c43      0x21d CMakeFiles/TestRtos.dir/Middlewares/Third_Party/FreeRTOS/Source/portable/MemMang/heap_4.c.obj
 .debug_abbrev  0x00002e60      0x25c CMakeFiles/TestRtos.dir/Middlewares/Third_Party/FreeRTOS/Source/portable/GCC/ARM_CM4F/port.c.obj
 .debug_abbrev  0x000030bc       0xbc CMakeFiles/TestRtos.dir/Core/Src/sysmem.c.obj
 .debug_abbrev  0x00003178       0x24 CMakeFiles/TestRtos.dir/startup_stm32f429xx.s.obj
 .debug_abbrev  0x0000319c      0x21c C:/ST/STM32CubeCLT_1.18.0/GNU-tools-for-STM32/bin/../lib/gcc/arm-none-eabi/13.3.1/../../../../arm-none-eabi/lib/thumb/v7e-m+fp/hard\libg_nano.a(libc_a-sprintf.o)
 .debug_abbrev  0x000033b8      0x15e C:/ST/STM32CubeCLT_1.18.0/GNU-tools-for-STM32/bin/../lib/gcc/arm-none-eabi/13.3.1/../../../../arm-none-eabi/lib/thumb/v7e-m+fp/hard\libg_nano.a(libc_a-errno.o)
 .debug_abbrev  0x00003516       0xc1 C:/ST/STM32CubeCLT_1.18.0/GNU-tools-for-STM32/bin/../lib/gcc/arm-none-eabi/13.3.1/../../../../arm-none-eabi/lib/thumb/v7e-m+fp/hard\libg_nano.a(libc_a-memcpy-stub.o)
 .debug_abbrev  0x000035d7       0x28 C:/ST/STM32CubeCLT_1.18.0/GNU-tools-for-STM32/bin/../lib/gcc/arm-none-eabi/13.3.1/../../../../arm-none-eabi/lib/thumb/v7e-m+fp/hard\libg_nano.a(libc_a-strlen.o)
 .debug_abbrev  0x000035ff      0x31e C:/ST/STM32CubeCLT_1.18.0/GNU-tools-for-STM32/bin/../lib/gcc/arm-none-eabi/13.3.1/../../../../arm-none-eabi/lib/thumb/v7e-m+fp/hard\libg_nano.a(libc_a-nano-svfprintf.o)
 .debug_abbrev  0x0000391d      0x28e C:/ST/STM32CubeCLT_1.18.0/GNU-tools-for-STM32/bin/../lib/gcc/arm-none-eabi/13.3.1/../../../../arm-none-eabi/lib/thumb/v7e-m+fp/hard\libg_nano.a(libc_a-nano-vfprintf_i.o)
 .debug_abbrev  0x00003bab       0xac C:/ST/STM32CubeCLT_1.18.0/GNU-tools-for-STM32/bin/../lib/gcc/arm-none-eabi/13.3.1/../../../../arm-none-eabi/lib/thumb/v7e-m+fp/hard\libg_nano.a(libc_a-memmove.o)
 .debug_abbrev  0x00003c57       0x14 C:/ST/STM32CubeCLT_1.18.0/GNU-tools-for-STM32/bin/../lib/gcc/arm-none-eabi/13.3.1/../../../../arm-none-eabi/lib/thumb/v7e-m+fp/hard\libg_nano.a(libc_a-memchr.o)
 .debug_abbrev  0x00003c6b      0x217 C:/ST/STM32CubeCLT_1.18.0/GNU-tools-for-STM32/bin/../lib/gcc/arm-none-eabi/13.3.1/../../../../arm-none-eabi/lib/thumb/v7e-m+fp/hard\libg_nano.a(libc_a-reallocr.o)
 .debug_abbrev  0x00003e82      0x196 C:/ST/STM32CubeCLT_1.18.0/GNU-tools-for-STM32/bin/../lib/gcc/arm-none-eabi/13.3.1/../../../../arm-none-eabi/lib/thumb/v7e-m+fp/hard\libg_nano.a(libc_a-msizer.o)

.debug_aranges  0x00000000     0x1468
 .debug_aranges
                0x00000000       0x40 CMakeFiles/TestRtos.dir/Core/Src/MainProgram/receivingdata_multiplesource.c.obj
 .debug_aranges
                0x00000040       0x50 CMakeFiles/TestRtos.dir/Core/Src/driver.init.c.obj
 .debug_aranges
                0x00000090       0x20 CMakeFiles/TestRtos.dir/Core/Src/freertos.c.obj
 .debug_aranges
                0x000000b0       0x50 CMakeFiles/TestRtos.dir/Core/Src/stm32f4xx_it.c.obj
 .debug_aranges
                0x00000100       0x50 CMakeFiles/TestRtos.dir/Core/Src/stm32f4xx_hal_msp.c.obj
 .debug_aranges
                0x00000150       0x30 CMakeFiles/TestRtos.dir/Core/Src/stm32f4xx_hal_timebase_tim.c.obj
 .debug_aranges
                0x00000180      0x3d0 CMakeFiles/TestRtos.dir/Drivers/STM32F4xx_HAL_Driver/Src/stm32f4xx_hal_tim.c.obj
 .debug_aranges
                0x00000550      0x168 CMakeFiles/TestRtos.dir/Drivers/STM32F4xx_HAL_Driver/Src/stm32f4xx_hal_tim_ex.c.obj
 .debug_aranges
                0x000006b8       0x88 CMakeFiles/TestRtos.dir/Drivers/STM32F4xx_HAL_Driver/Src/stm32f4xx_hal_rcc.c.obj
 .debug_aranges
                0x00000740       0x58 CMakeFiles/TestRtos.dir/Drivers/STM32F4xx_HAL_Driver/Src/stm32f4xx_hal_gpio.c.obj
 .debug_aranges
                0x00000798      0x130 CMakeFiles/TestRtos.dir/Drivers/STM32F4xx_HAL_Driver/Src/stm32f4xx_hal_cortex.c.obj
 .debug_aranges
                0x000008c8      0x100 CMakeFiles/TestRtos.dir/Drivers/STM32F4xx_HAL_Driver/Src/stm32f4xx_hal.c.obj
 .debug_aranges
                0x000009c8      0x208 CMakeFiles/TestRtos.dir/Drivers/STM32F4xx_HAL_Driver/Src/stm32f4xx_hal_uart.c.obj
 .debug_aranges
                0x00000bd0      0x148 CMakeFiles/TestRtos.dir/Drivers/STM32F4xx_HAL_Driver/Src/stm32f4xx_hal_pcd.c.obj
 .debug_aranges
                0x00000d18      0x1a0 CMakeFiles/TestRtos.dir/Drivers/STM32F4xx_HAL_Driver/Src/stm32f4xx_ll_usb.c.obj
 .debug_aranges
                0x00000eb8       0x28 CMakeFiles/TestRtos.dir/Core/Src/system_stm32f4xx.c.obj
 .debug_aranges
                0x00000ee0       0x40 CMakeFiles/TestRtos.dir/Middlewares/Third_Party/FreeRTOS/Source/list.c.obj
 .debug_aranges
                0x00000f20      0x108 CMakeFiles/TestRtos.dir/Middlewares/Third_Party/FreeRTOS/Source/queue.c.obj
 .debug_aranges
                0x00001028      0x1c0 CMakeFiles/TestRtos.dir/Middlewares/Third_Party/FreeRTOS/Source/tasks.c.obj
 .debug_aranges
                0x000011e8       0x58 CMakeFiles/TestRtos.dir/Middlewares/Third_Party/FreeRTOS/Source/portable/MemMang/heap_4.c.obj
 .debug_aranges
                0x00001240       0x80 CMakeFiles/TestRtos.dir/Middlewares/Third_Party/FreeRTOS/Source/portable/GCC/ARM_CM4F/port.c.obj
 .debug_aranges
                0x000012c0       0x20 CMakeFiles/TestRtos.dir/Core/Src/sysmem.c.obj
 .debug_aranges
                0x000012e0       0x28 CMakeFiles/TestRtos.dir/startup_stm32f429xx.s.obj
 .debug_aranges
                0x00001308       0x28 C:/ST/STM32CubeCLT_1.18.0/GNU-tools-for-STM32/bin/../lib/gcc/arm-none-eabi/13.3.1/../../../../arm-none-eabi/lib/thumb/v7e-m+fp/hard\libg_nano.a(libc_a-sprintf.o)
 .debug_aranges
                0x00001330       0x20 C:/ST/STM32CubeCLT_1.18.0/GNU-tools-for-STM32/bin/../lib/gcc/arm-none-eabi/13.3.1/../../../../arm-none-eabi/lib/thumb/v7e-m+fp/hard\libg_nano.a(libc_a-errno.o)
 .debug_aranges
                0x00001350       0x20 C:/ST/STM32CubeCLT_1.18.0/GNU-tools-for-STM32/bin/../lib/gcc/arm-none-eabi/13.3.1/../../../../arm-none-eabi/lib/thumb/v7e-m+fp/hard\libg_nano.a(libc_a-memcpy-stub.o)
 .debug_aranges
                0x00001370       0x20 C:/ST/STM32CubeCLT_1.18.0/GNU-tools-for-STM32/bin/../lib/gcc/arm-none-eabi/13.3.1/../../../../arm-none-eabi/lib/thumb/v7e-m+fp/hard\libg_nano.a(libc_a-strlen.o)
 .debug_aranges
                0x00001390       0x30 C:/ST/STM32CubeCLT_1.18.0/GNU-tools-for-STM32/bin/../lib/gcc/arm-none-eabi/13.3.1/../../../../arm-none-eabi/lib/thumb/v7e-m+fp/hard\libg_nano.a(libc_a-nano-svfprintf.o)
 .debug_aranges
                0x000013c0       0x28 C:/ST/STM32CubeCLT_1.18.0/GNU-tools-for-STM32/bin/../lib/gcc/arm-none-eabi/13.3.1/../../../../arm-none-eabi/lib/thumb/v7e-m+fp/hard\libg_nano.a(libc_a-nano-vfprintf_i.o)
 .debug_aranges
                0x000013e8       0x20 C:/ST/STM32CubeCLT_1.18.0/GNU-tools-for-STM32/bin/../lib/gcc/arm-none-eabi/13.3.1/../../../../arm-none-eabi/lib/thumb/v7e-m+fp/hard\libg_nano.a(libc_a-memmove.o)
 .debug_aranges
                0x00001408       0x20 C:/ST/STM32CubeCLT_1.18.0/GNU-tools-for-STM32/bin/../lib/gcc/arm-none-eabi/13.3.1/../../../../arm-none-eabi/lib/thumb/v7e-m+fp/hard\libg_nano.a(libc_a-memchr.o)
 .debug_aranges
                0x00001428       0x20 C:/ST/STM32CubeCLT_1.18.0/GNU-tools-for-STM32/bin/../lib/gcc/arm-none-eabi/13.3.1/../../../../arm-none-eabi/lib/thumb/v7e-m+fp/hard\libg_nano.a(libc_a-reallocr.o)
 .debug_aranges
                0x00001448       0x20 C:/ST/STM32CubeCLT_1.18.0/GNU-tools-for-STM32/bin/../lib/gcc/arm-none-eabi/13.3.1/../../../../arm-none-eabi/lib/thumb/v7e-m+fp/hard\libg_nano.a(libc_a-msizer.o)

.debug_rnglists
                0x00000000      0xfeb
 .debug_rnglists
                0x00000000       0x2d CMakeFiles/TestRtos.dir/Core/Src/MainProgram/receivingdata_multiplesource.c.obj
 .debug_rnglists
                0x0000002d       0x39 CMakeFiles/TestRtos.dir/Core/Src/driver.init.c.obj
 .debug_rnglists
                0x00000066       0x13 CMakeFiles/TestRtos.dir/Core/Src/freertos.c.obj
 .debug_rnglists
                0x00000079       0x37 CMakeFiles/TestRtos.dir/Core/Src/stm32f4xx_it.c.obj
 .debug_rnglists
                0x000000b0       0x3a CMakeFiles/TestRtos.dir/Core/Src/stm32f4xx_hal_msp.c.obj
 .debug_rnglists
                0x000000ea       0x20 CMakeFiles/TestRtos.dir/Core/Src/stm32f4xx_hal_timebase_tim.c.obj
 .debug_rnglists
                0x0000010a      0x31a CMakeFiles/TestRtos.dir/Drivers/STM32F4xx_HAL_Driver/Src/stm32f4xx_hal_tim.c.obj
 .debug_rnglists
                0x00000424      0x125 CMakeFiles/TestRtos.dir/Drivers/STM32F4xx_HAL_Driver/Src/stm32f4xx_hal_tim_ex.c.obj
 .debug_rnglists
                0x00000549       0x66 CMakeFiles/TestRtos.dir/Drivers/STM32F4xx_HAL_Driver/Src/stm32f4xx_hal_rcc.c.obj
 .debug_rnglists
                0x000005af       0x3f CMakeFiles/TestRtos.dir/Drivers/STM32F4xx_HAL_Driver/Src/stm32f4xx_hal_gpio.c.obj
 .debug_rnglists
                0x000005ee       0xe0 CMakeFiles/TestRtos.dir/Drivers/STM32F4xx_HAL_Driver/Src/stm32f4xx_hal_cortex.c.obj
 .debug_rnglists
                0x000006ce       0xbb CMakeFiles/TestRtos.dir/Drivers/STM32F4xx_HAL_Driver/Src/stm32f4xx_hal.c.obj
 .debug_rnglists
                0x00000789      0x1bc CMakeFiles/TestRtos.dir/Drivers/STM32F4xx_HAL_Driver/Src/stm32f4xx_hal_uart.c.obj
 .debug_rnglists
                0x00000945       0xfa CMakeFiles/TestRtos.dir/Drivers/STM32F4xx_HAL_Driver/Src/stm32f4xx_hal_pcd.c.obj
 .debug_rnglists
                0x00000a3f      0x147 CMakeFiles/TestRtos.dir/Drivers/STM32F4xx_HAL_Driver/Src/stm32f4xx_ll_usb.c.obj
 .debug_rnglists
                0x00000b86       0x1a CMakeFiles/TestRtos.dir/Core/Src/system_stm32f4xx.c.obj
 .debug_rnglists
                0x00000ba0       0x2b CMakeFiles/TestRtos.dir/Middlewares/Third_Party/FreeRTOS/Source/list.c.obj
 .debug_rnglists
                0x00000bcb       0xcd CMakeFiles/TestRtos.dir/Middlewares/Third_Party/FreeRTOS/Source/queue.c.obj
 .debug_rnglists
                0x00000c98      0x166 CMakeFiles/TestRtos.dir/Middlewares/Third_Party/FreeRTOS/Source/tasks.c.obj
 .debug_rnglists
                0x00000dfe       0x42 CMakeFiles/TestRtos.dir/Middlewares/Third_Party/FreeRTOS/Source/portable/MemMang/heap_4.c.obj
 .debug_rnglists
                0x00000e40       0x5d CMakeFiles/TestRtos.dir/Middlewares/Third_Party/FreeRTOS/Source/portable/GCC/ARM_CM4F/port.c.obj
 .debug_rnglists
                0x00000e9d       0x13 CMakeFiles/TestRtos.dir/Core/Src/sysmem.c.obj
 .debug_rnglists
                0x00000eb0       0x19 CMakeFiles/TestRtos.dir/startup_stm32f429xx.s.obj
 .debug_rnglists